Archive member included to satisfy reference by file (symbol)

C:/ST/STM32CubeIDE_1.15.0/STM32CubeIDE/plugins/com.st.stm32cube.ide.mcu.externaltools.gnu-tools-for-stm32.12.3.rel1.win32_1.0.100.202403111256/tools/bin/../lib/gcc/arm-none-eabi/12.3.1/../../../../arm-none-eabi/lib/thumb/v7e-m+fp/hard\libc_nano.a(libc_a-exit.o)
                              C:/ST/STM32CubeIDE_1.15.0/STM32CubeIDE/plugins/com.st.stm32cube.ide.mcu.externaltools.gnu-tools-for-stm32.12.3.rel1.win32_1.0.100.202403111256/tools/bin/../lib/gcc/arm-none-eabi/12.3.1/../../../../arm-none-eabi/lib/thumb/v7e-m+fp/hard/crt0.o (exit)
C:/ST/STM32CubeIDE_1.15.0/STM32CubeIDE/plugins/com.st.stm32cube.ide.mcu.externaltools.gnu-tools-for-stm32.12.3.rel1.win32_1.0.100.202403111256/tools/bin/../lib/gcc/arm-none-eabi/12.3.1/../../../../arm-none-eabi/lib/thumb/v7e-m+fp/hard\libc_nano.a(libc_a-malloc.o)
                              ./Core/Src/enable.o (malloc)
C:/ST/STM32CubeIDE_1.15.0/STM32CubeIDE/plugins/com.st.stm32cube.ide.mcu.externaltools.gnu-tools-for-stm32.12.3.rel1.win32_1.0.100.202403111256/tools/bin/../lib/gcc/arm-none-eabi/12.3.1/../../../../arm-none-eabi/lib/thumb/v7e-m+fp/hard\libc_nano.a(libc_a-mallocr.o)
                              C:/ST/STM32CubeIDE_1.15.0/STM32CubeIDE/plugins/com.st.stm32cube.ide.mcu.externaltools.gnu-tools-for-stm32.12.3.rel1.win32_1.0.100.202403111256/tools/bin/../lib/gcc/arm-none-eabi/12.3.1/../../../../arm-none-eabi/lib/thumb/v7e-m+fp/hard\libc_nano.a(libc_a-malloc.o) (_malloc_r)
C:/ST/STM32CubeIDE_1.15.0/STM32CubeIDE/plugins/com.st.stm32cube.ide.mcu.externaltools.gnu-tools-for-stm32.12.3.rel1.win32_1.0.100.202403111256/tools/bin/../lib/gcc/arm-none-eabi/12.3.1/../../../../arm-none-eabi/lib/thumb/v7e-m+fp/hard\libc_nano.a(libc_a-mlock.o)
                              C:/ST/STM32CubeIDE_1.15.0/STM32CubeIDE/plugins/com.st.stm32cube.ide.mcu.externaltools.gnu-tools-for-stm32.12.3.rel1.win32_1.0.100.202403111256/tools/bin/../lib/gcc/arm-none-eabi/12.3.1/../../../../arm-none-eabi/lib/thumb/v7e-m+fp/hard\libc_nano.a(libc_a-mallocr.o) (__malloc_lock)
C:/ST/STM32CubeIDE_1.15.0/STM32CubeIDE/plugins/com.st.stm32cube.ide.mcu.externaltools.gnu-tools-for-stm32.12.3.rel1.win32_1.0.100.202403111256/tools/bin/../lib/gcc/arm-none-eabi/12.3.1/../../../../arm-none-eabi/lib/thumb/v7e-m+fp/hard\libc_nano.a(libc_a-findfp.o)
                              C:/ST/STM32CubeIDE_1.15.0/STM32CubeIDE/plugins/com.st.stm32cube.ide.mcu.externaltools.gnu-tools-for-stm32.12.3.rel1.win32_1.0.100.202403111256/tools/bin/../lib/gcc/arm-none-eabi/12.3.1/../../../../arm-none-eabi/lib/thumb/v7e-m+fp/hard\libc_nano.a(libc_a-exit.o) (__stdio_exit_handler)
C:/ST/STM32CubeIDE_1.15.0/STM32CubeIDE/plugins/com.st.stm32cube.ide.mcu.externaltools.gnu-tools-for-stm32.12.3.rel1.win32_1.0.100.202403111256/tools/bin/../lib/gcc/arm-none-eabi/12.3.1/../../../../arm-none-eabi/lib/thumb/v7e-m+fp/hard\libc_nano.a(libc_a-fwalk.o)
                              C:/ST/STM32CubeIDE_1.15.0/STM32CubeIDE/plugins/com.st.stm32cube.ide.mcu.externaltools.gnu-tools-for-stm32.12.3.rel1.win32_1.0.100.202403111256/tools/bin/../lib/gcc/arm-none-eabi/12.3.1/../../../../arm-none-eabi/lib/thumb/v7e-m+fp/hard\libc_nano.a(libc_a-findfp.o) (_fwalk_sglue)
C:/ST/STM32CubeIDE_1.15.0/STM32CubeIDE/plugins/com.st.stm32cube.ide.mcu.externaltools.gnu-tools-for-stm32.12.3.rel1.win32_1.0.100.202403111256/tools/bin/../lib/gcc/arm-none-eabi/12.3.1/../../../../arm-none-eabi/lib/thumb/v7e-m+fp/hard\libc_nano.a(libc_a-stdio.o)
                              C:/ST/STM32CubeIDE_1.15.0/STM32CubeIDE/plugins/com.st.stm32cube.ide.mcu.externaltools.gnu-tools-for-stm32.12.3.rel1.win32_1.0.100.202403111256/tools/bin/../lib/gcc/arm-none-eabi/12.3.1/../../../../arm-none-eabi/lib/thumb/v7e-m+fp/hard\libc_nano.a(libc_a-findfp.o) (__sread)
C:/ST/STM32CubeIDE_1.15.0/STM32CubeIDE/plugins/com.st.stm32cube.ide.mcu.externaltools.gnu-tools-for-stm32.12.3.rel1.win32_1.0.100.202403111256/tools/bin/../lib/gcc/arm-none-eabi/12.3.1/../../../../arm-none-eabi/lib/thumb/v7e-m+fp/hard\libc_nano.a(libc_a-memset.o)
                              C:/ST/STM32CubeIDE_1.15.0/STM32CubeIDE/plugins/com.st.stm32cube.ide.mcu.externaltools.gnu-tools-for-stm32.12.3.rel1.win32_1.0.100.202403111256/tools/bin/../lib/gcc/arm-none-eabi/12.3.1/../../../../arm-none-eabi/lib/thumb/v7e-m+fp/hard/crt0.o (memset)
C:/ST/STM32CubeIDE_1.15.0/STM32CubeIDE/plugins/com.st.stm32cube.ide.mcu.externaltools.gnu-tools-for-stm32.12.3.rel1.win32_1.0.100.202403111256/tools/bin/../lib/gcc/arm-none-eabi/12.3.1/../../../../arm-none-eabi/lib/thumb/v7e-m+fp/hard\libc_nano.a(libc_a-closer.o)
                              C:/ST/STM32CubeIDE_1.15.0/STM32CubeIDE/plugins/com.st.stm32cube.ide.mcu.externaltools.gnu-tools-for-stm32.12.3.rel1.win32_1.0.100.202403111256/tools/bin/../lib/gcc/arm-none-eabi/12.3.1/../../../../arm-none-eabi/lib/thumb/v7e-m+fp/hard\libc_nano.a(libc_a-stdio.o) (_close_r)
[...]
Memory Configuration

Name             Origin             Length             Attributes
RAM              0x20000000         0x00018000         xrw
RAM2             0x10000000         0x00008000         xrw
FLASH            0x08000000         0x00100000         xr
*default*        0x00000000         0xffffffff

Linker script and memory map

LOAD C:/ST/STM32CubeIDE_1.15.0/STM32CubeIDE/plugins/com.st.stm32cube.ide.mcu.externaltools.gnu-tools-for-stm32.12.3.rel1.win32_1.0.100.202403111256/tools/bin/../lib/gcc/arm-none-eabi/12.3.1/thumb/v7e-m+fp/hard/crti.o
LOAD C:/ST/STM32CubeIDE_1.15.0/STM32CubeIDE/plugins/com.st.stm32cube.ide.mcu.externaltools.gnu-tools-for-stm32.12.3.rel1.win32_1.0.100.202403111256/tools/bin/../lib/gcc/arm-none-eabi/12.3.1/thumb/v7e-m+fp/hard/crtbegin.o
LOAD C:/ST/STM32CubeIDE_1.15.0/STM32CubeIDE/plugins/com.st.stm32cube.ide.mcu.externaltools.gnu-tools-for-stm32.12.3.rel1.win32_1.0.100.202403111256/tools/bin/../lib/gcc/arm-none-eabi/12.3.1/../../../../arm-none-eabi/lib/thumb/v7e-m+fp/hard/crt0.o
LOAD ./Core/Src/enable.o
LOAD ./Core/Src/main.o
LOAD ./Core/Src/sensors.o
LOAD ./Core/Src/stm32l4xx_hal_msp.o
LOAD ./Core/Src/stm32l4xx_it.o
LOAD ./Core/Src/syscalls.o
LOAD ./Core/Src/system_stm32l4xx.o
LOAD ./Drivers/STM32L4xx_HAL_Driver/Src/stm32l4xx_hal.o
LOAD ./Drivers/STM32L4xx_HAL_Driver/Src/stm32l4xx_hal_cortex.o
LOAD ./Drivers/STM32L4xx_HAL_Driver/Src/stm32l4xx_hal_dma.o
LOAD ./Drivers/STM32L4xx_HAL_Driver/Src/stm32l4xx_hal_dma_ex.o
LOAD ./Drivers/STM32L4xx_HAL_Driver/Src/stm32l4xx_hal_exti.o
LOAD ./Drivers/STM32L4xx_HAL_Driver/Src/stm32l4xx_hal_flash.o
LOAD ./Drivers/STM32L4xx_HAL_Driver/Src/stm32l4xx_hal_flash_ex.o
LOAD ./Drivers/STM32L4xx_HAL_Driver/Src/stm32l4xx_hal_flash_ramfunc.o
LOAD ./Drivers/STM32L4xx_HAL_Driver/Src/stm32l4xx_hal_gpio.o
LOAD ./Drivers/STM32L4xx_HAL_Driver/Src/stm32l4xx_hal_i2c.o
LOAD ./Drivers/STM32L4xx_HAL_Driver/Src/stm32l4xx_hal_i2c_ex.o
LOAD ./Drivers/STM32L4xx_HAL_Driver/Src/stm32l4xx_hal_pwr.o
LOAD ./Drivers/STM32L4xx_HAL_Driver/Src/stm32l4xx_hal_pwr_ex.o
LOAD ./Drivers/STM32L4xx_HAL_Driver/Src/stm32l4xx_hal_rcc.o
LOAD ./Drivers/STM32L4xx_HAL_Driver/Src/stm32l4xx_hal_rcc_ex.o
LOAD ./Drivers/STM32L4xx_HAL_Driver/Src/stm32l4xx_hal_spi.o
LOAD ./Drivers/STM32L4xx_HAL_Driver/Src/stm32l4xx_hal_spi_ex.o
LOAD ./Drivers/STM32L4xx_HAL_Driver/Src/stm32l4xx_hal_tim.o
LOAD ./Drivers/STM32L4xx_HAL_Driver/Src/stm32l4xx_hal_tim_ex.o
LOAD ./startup/startup_stm32l475xx.o
START GROUP
LOAD C:/ST/STM32CubeIDE_1.15.0/STM32CubeIDE/plugins/com.st.stm32cube.ide.mcu.externaltools.gnu-tools-for-stm32.12.3.rel1.win32_1.0.100.202403111256/tools/bin/../lib/gcc/arm-none-eabi/12.3.1/../../../../arm-none-eabi/lib/thumb/v7e-m+fp/hard\libc_nano.a
LOAD C:/ST/STM32CubeIDE_1.15.0/STM32CubeIDE/plugins/com.st.stm32cube.ide.mcu.externaltools.gnu-tools-for-stm32.12.3.rel1.win32_1.0.100.202403111256/tools/bin/../lib/gcc/arm-none-eabi/12.3.1/../../../../arm-none-eabi/lib/thumb/v7e-m+fp/hard\libm.a
END GROUP
START GROUP
LOAD C:/ST/STM32CubeIDE_1.15.0/STM32CubeIDE/plugins/com.st.stm32cube.ide.mcu.externaltools.gnu-tools-for-stm32.12.3.rel1.win32_1.0.100.202403111256/tools/bin/../lib/gcc/arm-none-eabi/12.3.1/thumb/v7e-m+fp/hard\libgcc.a
LOAD C:/ST/STM32CubeIDE_1.15.0/STM32CubeIDE/plugins/com.st.stm32cube.ide.mcu.externaltools.gnu-tools-for-stm32.12.3.rel1.win32_1.0.100.202403111256/tools/bin/../lib/gcc/arm-none-eabi/12.3.1/../../../../arm-none-eabi/lib/thumb/v7e-m+fp/hard\libc_nano.a
END GROUP
START GROUP
LOAD C:/ST/STM32CubeIDE_1.15.0/STM32CubeIDE/plugins/com.st.stm32cube.ide.mcu.externaltools.gnu-tools-for-stm32.12.3.rel1.win32_1.0.100.202403111256/tools/bin/../lib/gcc/arm-none-eabi/12.3.1/thumb/v7e-m+fp/hard\libgcc.a
LOAD C:/ST/STM32CubeIDE_1.15.0/STM32CubeIDE/plugins/com.st.stm32cube.ide.mcu.externaltools.gnu-tools-for-stm32.12.3.rel1.win32_1.0.100.202403111256/tools/bin/../lib/gcc/arm-none-eabi/12.3.1/../../../../arm-none-eabi/lib/thumb/v7e-m+fp/hard\libc_nano.a
LOAD C:/ST/STM32CubeIDE_1.15.0/STM32CubeIDE/plugins/com.st.stm32cube.ide.mcu.externaltools.gnu-tools-for-stm32.12.3.rel1.win32_1.0.100.202403111256/tools/bin/../lib/gcc/arm-none-eabi/12.3.1/../../../../arm-none-eabi/lib/thumb/v7e-m+fp/hard\libnosys.a
END GROUP
START GROUP
LOAD C:/ST/STM32CubeIDE_1.15.0/STM32CubeIDE/plugins/com.st.stm32cube.ide.mcu.externaltools.gnu-tools-for-stm32.12.3.rel1.win32_1.0.100.202403111256/tools/bin/../lib/gcc/arm-none-eabi/12.3.1/thumb/v7e-m+fp/hard\libgcc.a
LOAD C:/ST/STM32CubeIDE_1.15.0/STM32CubeIDE/plugins/com.st.stm32cube.ide.mcu.externaltools.gnu-tools-for-stm32.12.3.rel1.win32_1.0.100.202403111256/tools/bin/../lib/gcc/arm-none-eabi/12.3.1/../../../../arm-none-eabi/lib/thumb/v7e-m+fp/hard\libc_nano.a
LOAD C:/ST/STM32CubeIDE_1.15.0/STM32CubeIDE/plugins/com.st.stm32cube.ide.mcu.externaltools.gnu-tools-for-stm32.12.3.rel1.win32_1.0.100.202403111256/tools/bin/../lib/gcc/arm-none-eabi/12.3.1/../../../../arm-none-eabi/lib/thumb/v7e-m+fp/hard\libnosys.a
END GROUP
LOAD C:/ST/STM32CubeIDE_1.15.0/STM32CubeIDE/plugins/com.st.stm32cube.ide.mcu.externaltools.gnu-tools-for-stm32.12.3.rel1.win32_1.0.100.202403111256/tools/bin/../lib/gcc/arm-none-eabi/12.3.1/thumb/v7e-m+fp/hard/crtend.o
LOAD C:/ST/STM32CubeIDE_1.15.0/STM32CubeIDE/plugins/com.st.stm32cube.ide.mcu.externaltools.gnu-tools-for-stm32.12.3.rel1.win32_1.0.100.202403111256/tools/bin/../lib/gcc/arm-none-eabi/12.3.1/thumb/v7e-m+fp/hard/crtn.o
                0x20018000                        _estack = 0x20018000
                0x00000200                        _Min_Heap_Size = 0x200
                0x00000400                        _Min_Stack_Size = 0x400

.isr_vector     0x08000000      0x188
                0x08000000                        . = ALIGN (0x8)
 *(.isr_vector)
 .isr_vector    0x08000000      0x188 ./startup/startup_stm32l475xx.o
                0x08000000                g_pfnVectors
                0x08000188                        . = ALIGN (0x8)

.text           0x08000188     0x4cd8
                0x08000188                        . = ALIGN (0x8)
 *(.text)
 .text          0x08000188       0x40 C:/ST/STM32CubeIDE_1.15.0/STM32CubeIDE/plugins/com.st.stm32cube.ide.mcu.externaltools.gnu-tools-for-stm32.12.3.rel1.win32_1.0.100.202403111256/tools/bin/../lib/gcc/arm-none-eabi/12.3.1/thumb/v7e-m+fp/hard/crtbegin.o
 *(.text*)
 .text.fetchBleEvent
                0x080001c8       0xf0 ./Core/Src/enable.o
                0x080001c8                fetchBleEvent
 .text.checkEventResp
                0x080002b8       0x2a ./Core/Src/enable.o
                0x080002b8                checkEventResp
 *fill*         0x080002e2        0x2 
 .text.sendCommand
                0x080002e4       0x80 ./Core/Src/enable.o
                0x080002e4                sendCommand
 .text.setConnectable
                0x08000364       0xb4 ./Core/Src/enable.o
                0x08000364                setConnectable
 .text.catchBLE
                0x08000418       0x28 ./Core/Src/enable.o
                0x08000418                catchBLE
 .text.BLE_command
                0x08000440       0x64 ./Core/Src/enable.o
                0x08000440                BLE_command
 .text.addService
                0x080004a4       0x68 ./Core/Src/enable.o
                0x080004a4                addService
 .text.addCharacteristic
                0x0800050c       0x7c ./Core/Src/enable.o
                0x0800050c                addCharacteristic
 .text.updateCharValue
                0x08000588       0x84 ./Core/Src/enable.o
                0x08000588                updateCharValue
 .text.ble_init
                0x0800060c      0x404 ./Core/Src/enable.o
                0x0800060c                ble_init
 .text.updateSignedMillesimal
                0x08000a10      0x198 ./Core/Src/enable.o
                0x08000a10                updateSignedMillesimal
 .text.updateSignedFloat
                0x08000ba8      0x1a4 ./Core/Src/enable.o
                0x08000ba8                updateSignedFloat
 .text.MX_GPIO_Init
                0x08000d4c      0x114 ./Core/Src/main.o
 .text.Error_Handler
                0x08000e60        0x4 ./Core/Src/main.o
                0x08000e60                Error_Handler
 .text.MX_SPI3_Init
                0x08000e64       0x48 ./Core/Src/main.o
 .text.MX_I2C2_Init
                0x08000eac       0x5c ./Core/Src/main.o
 .text.MX_TIM6_Init
                0x08000f08       0x60 ./Core/Src/main.o
 .text.MX_TIM15_Init
                0x08000f68       0xc4 ./Core/Src/main.o
 .text.SystemClock_Config
                0x0800102c       0x7c ./Core/Src/main.o
                0x0800102c                SystemClock_Config
 .text.main     0x080010a8      0x258 ./Core/Src/main.o
                0x080010a8                main
 .text.initLPS22hh
                0x08001300       0x28 ./Core/Src/sensors.o
                0x08001300                initLPS22hh
 .text.getPressure
                0x08001328       0xac ./Core/Src/sensors.o
                0x08001328                getPressure
 .text.initHTS221
                0x080013d4      0x2c4 ./Core/Src/sensors.o
                0x080013d4                initHTS221
 .text.getHumidity
                0x08001698       0x8c ./Core/Src/sensors.o
                0x08001698                getHumidity
 .text.getTemperature
                0x08001724       0x8c ./Core/Src/sensors.o
                0x08001724                getTemperature
 .text.startToF
                0x080017b0       0x28 ./Core/Src/sensors.o
                0x080017b0                startToF
 .text.getDistance
                0x080017d8       0x64 ./Core/Src/sensors.o
                0x080017d8                getDistance
 .text.init_accelerometer
                0x0800183c       0x28 ./Core/Src/sensors.o
                0x0800183c                init_accelerometer
 .text.getAxisAccelerometer
                0x08001864      0x158 ./Core/Src/sensors.o
                0x08001864                getAxisAccelerometer
 .text.init_magnetometer
                0x080019bc       0x24 ./Core/Src/sensors.o
                0x080019bc                init_magnetometer
 .text.getAxisMagnetometer
                0x080019e0      0x158 ./Core/Src/sensors.o
                0x080019e0                getAxisMagnetometer
 .text.HAL_MspInit
                0x08001b38       0x30 ./Core/Src/stm32l4xx_hal_msp.o
                0x08001b38                HAL_MspInit
 .text.HAL_I2C_MspInit
                0x08001b68       0x70 ./Core/Src/stm32l4xx_hal_msp.o
                0x08001b68                HAL_I2C_MspInit
 .text.HAL_SPI_MspInit
                0x08001bd8       0x6c ./Core/Src/stm32l4xx_hal_msp.o
                0x08001bd8                HAL_SPI_MspInit
 .text.HAL_TIM_Base_MspInit
                0x08001c44       0x40 ./Core/Src/stm32l4xx_hal_msp.o
                0x08001c44                HAL_TIM_Base_MspInit
 .text.HAL_TIM_PWM_MspInit
                0x08001c84       0x2c ./Core/Src/stm32l4xx_hal_msp.o
                0x08001c84                HAL_TIM_PWM_MspInit
 .text.HAL_TIM_MspPostInit
                0x08001cb0       0x54 ./Core/Src/stm32l4xx_hal_msp.o
                0x08001cb0                HAL_TIM_MspPostInit
 .text.NMI_Handler
                0x08001d04        0x2 ./Core/Src/stm32l4xx_it.o
                0x08001d04                NMI_Handler
 .text.HardFault_Handler
                0x08001d06        0x2 ./Core/Src/stm32l4xx_it.o
                0x08001d06                HardFault_Handler
 .text.MemManage_Handler
                0x08001d08        0x2 ./Core/Src/stm32l4xx_it.o
                0x08001d08                MemManage_Handler
 .text.BusFault_Handler
                0x08001d0a        0x2 ./Core/Src/stm32l4xx_it.o
                0x08001d0a                BusFault_Handler
 .text.UsageFault_Handler
                0x08001d0c        0x2 ./Core/Src/stm32l4xx_it.o
                0x08001d0c                UsageFault_Handler
 .text.SVC_Handler
                0x08001d0e        0x2 ./Core/Src/stm32l4xx_it.o
                0x08001d0e                SVC_Handler
 .text.DebugMon_Handler
                0x08001d10        0x2 ./Core/Src/stm32l4xx_it.o
                0x08001d10                DebugMon_Handler
 .text.PendSV_Handler
                0x08001d12        0x2 ./Core/Src/stm32l4xx_it.o
                0x08001d12                PendSV_Handler
 .text.SysTick_Handler
                0x08001d14        0x8 ./Core/Src/stm32l4xx_it.o
                0x08001d14                SysTick_Handler
 .text.EXTI9_5_IRQHandler
                0x08001d1c       0x14 ./Core/Src/stm32l4xx_it.o
                0x08001d1c                EXTI9_5_IRQHandler
 .text.TIM6_DAC_IRQHandler
                0x08001d30       0x18 ./Core/Src/stm32l4xx_it.o
                0x08001d30                TIM6_DAC_IRQHandler
 .text._sbrk    0x08001d48       0x3c ./Core/Src/syscalls.o
                0x08001d48                _sbrk
 .text.SystemInit
                0x08001d84       0x48 ./Core/Src/system_stm32l4xx.o
                0x08001d84                SystemInit
 .text.HAL_InitTick
                0x08001dcc       0x4c ./Drivers/STM32L4xx_HAL_Driver/Src/stm32l4xx_hal.o
                0x08001dcc                HAL_InitTick
 .text.HAL_Init
                0x08001e18       0x1e ./Drivers/STM32L4xx_HAL_Driver/Src/stm32l4xx_hal.o
                0x08001e18                HAL_Init
 *fill*         0x08001e36        0x2 
 .text.HAL_IncTick
                0x08001e38       0x18 ./Drivers/STM32L4xx_HAL_Driver/Src/stm32l4xx_hal.o
                0x08001e38                HAL_IncTick
 .text.HAL_GetTick
                0x08001e50        0xc ./Drivers/STM32L4xx_HAL_Driver/Src/stm32l4xx_hal.o
                0x08001e50                HAL_GetTick
 .text.HAL_Delay
                0x08001e5c       0x28 ./Drivers/STM32L4xx_HAL_Driver/Src/stm32l4xx_hal.o
                0x08001e5c                HAL_Delay
 .text.__NVIC_EnableIRQ
                0x08001e84       0x1c ./Drivers/STM32L4xx_HAL_Driver/Src/stm32l4xx_hal_cortex.o
 .text.__NVIC_SetPriority
                0x08001ea0       0x28 ./Drivers/STM32L4xx_HAL_Driver/Src/stm32l4xx_hal_cortex.o
 .text.NVIC_EncodePriority
                0x08001ec8       0x3e ./Drivers/STM32L4xx_HAL_Driver/Src/stm32l4xx_hal_cortex.o
 *fill*         0x08001f06        0x2 
 .text.HAL_NVIC_SetPriorityGrouping
                0x08001f08       0x24 ./Drivers/STM32L4xx_HAL_Driver/Src/stm32l4xx_hal_cortex.o
                0x08001f08                HAL_NVIC_SetPriorityGrouping
 .text.HAL_NVIC_SetPriority
                0x08001f2c       0x20 ./Drivers/STM32L4xx_HAL_Driver/Src/stm32l4xx_hal_cortex.o
                0x08001f2c                HAL_NVIC_SetPriority
 .text.HAL_NVIC_EnableIRQ
                0x08001f4c        0x8 ./Drivers/STM32L4xx_HAL_Driver/Src/stm32l4xx_hal_cortex.o
                0x08001f4c                HAL_NVIC_EnableIRQ
 .text.HAL_SYSTICK_Config
                0x08001f54       0x28 ./Drivers/STM32L4xx_HAL_Driver/Src/stm32l4xx_hal_cortex.o
                0x08001f54                HAL_SYSTICK_Config
 .text.HAL_GPIO_Init
                0x08001f7c      0x1d8 ./Drivers/STM32L4xx_HAL_Driver/Src/stm32l4xx_hal_gpio.o
                0x08001f7c                HAL_GPIO_Init
 .text.HAL_GPIO_ReadPin
                0x08002154        0xe ./Drivers/STM32L4xx_HAL_Driver/Src/stm32l4xx_hal_gpio.o
                0x08002154                HAL_GPIO_ReadPin
 .text.HAL_GPIO_WritePin
                0x08002162        0xa ./Drivers/STM32L4xx_HAL_Driver/Src/stm32l4xx_hal_gpio.o
                0x08002162                HAL_GPIO_WritePin
 .text.HAL_GPIO_EXTI_Callback
                0x0800216c        0x2 ./Drivers/STM32L4xx_HAL_Driver/Src/stm32l4xx_hal_gpio.o
                0x0800216c                HAL_GPIO_EXTI_Callback
 *fill*         0x0800216e        0x2 
 .text.HAL_GPIO_EXTI_IRQHandler
                0x08002170       0x1c ./Drivers/STM32L4xx_HAL_Driver/Src/stm32l4xx_hal_gpio.o
                0x08002170                HAL_GPIO_EXTI_IRQHandler
 .text.I2C_Flush_TXDR
                0x0800218c       0x22 ./Drivers/STM32L4xx_HAL_Driver/Src/stm32l4xx_hal_i2c.o
 .text.I2C_TransferConfig
                0x080021ae       0x38 ./Drivers/STM32L4xx_HAL_Driver/Src/stm32l4xx_hal_i2c.o
 .text.I2C_IsAcknowledgeFailed
                0x080021e6       0x90 ./Drivers/STM32L4xx_HAL_Driver/Src/stm32l4xx_hal_i2c.o
 .text.I2C_WaitOnTXISFlagUntilTimeout
                0x08002276       0x56 ./Drivers/STM32L4xx_HAL_Driver/Src/stm32l4xx_hal_i2c.o
 .text.I2C_WaitOnFlagUntilTimeout
                0x080022cc       0x56 ./Drivers/STM32L4xx_HAL_Driver/Src/stm32l4xx_hal_i2c.o
 .text.I2C_WaitOnSTOPFlagUntilTimeout
                0x08002322       0x50 ./Drivers/STM32L4xx_HAL_Driver/Src/stm32l4xx_hal_i2c.o
 .text.I2C_WaitOnRXNEFlagUntilTimeout
                0x08002372       0x98 ./Drivers/STM32L4xx_HAL_Driver/Src/stm32l4xx_hal_i2c.o
 .text.HAL_I2C_Init
                0x0800240a       0xbc ./Drivers/STM32L4xx_HAL_Driver/Src/stm32l4xx_hal_i2c.o
                0x0800240a                HAL_I2C_Init
 *fill*         0x080024c6        0x2 
 .text.HAL_I2C_Master_Transmit
                0x080024c8      0x17c ./Drivers/STM32L4xx_HAL_Driver/Src/stm32l4xx_hal_i2c.o
                0x080024c8                HAL_I2C_Master_Transmit
 .text.HAL_I2C_Master_Receive
                0x08002644      0x17c ./Drivers/STM32L4xx_HAL_Driver/Src/stm32l4xx_hal_i2c.o
                0x08002644                HAL_I2C_Master_Receive
 .text.HAL_I2CEx_ConfigAnalogFilter
                0x080027c0       0x5c ./Drivers/STM32L4xx_HAL_Driver/Src/stm32l4xx_hal_i2c_ex.o
                0x080027c0                HAL_I2CEx_ConfigAnalogFilter
 .text.HAL_I2CEx_ConfigDigitalFilter
                0x0800281c       0x58 ./Drivers/STM32L4xx_HAL_Driver/Src/stm32l4xx_hal_i2c_ex.o
                0x0800281c                HAL_I2CEx_ConfigDigitalFilter
 .text.HAL_PWREx_GetVoltageRange
                0x08002874       0x10 ./Drivers/STM32L4xx_HAL_Driver/Src/stm32l4xx_hal_pwr_ex.o
                0x08002874                HAL_PWREx_GetVoltageRange
 .text.HAL_PWREx_ControlVoltageScaling
                0x08002884       0x90 ./Drivers/STM32L4xx_HAL_Driver/Src/stm32l4xx_hal_pwr_ex.o
                0x08002884                HAL_PWREx_ControlVoltageScaling
 .text.RCC_SetFlashLatencyFromMSIRange
                0x08002914       0x90 ./Drivers/STM32L4xx_HAL_Driver/Src/stm32l4xx_hal_rcc.o
 .text.HAL_RCC_GetSysClockFreq
                0x080029a4       0xb4 ./Drivers/STM32L4xx_HAL_Driver/Src/stm32l4xx_hal_rcc.o
                0x080029a4                HAL_RCC_GetSysClockFreq
 .text.HAL_RCC_OscConfig
                0x08002a58      0x62c ./Drivers/STM32L4xx_HAL_Driver/Src/stm32l4xx_hal_rcc.o
                0x08002a58                HAL_RCC_OscConfig
 .text.HAL_RCC_ClockConfig
                0x08003084      0x15c ./Drivers/STM32L4xx_HAL_Driver/Src/stm32l4xx_hal_rcc.o
                0x08003084                HAL_RCC_ClockConfig
 .text.RCCEx_PLLSAI1_Config
                0x080031e0      0x170 ./Drivers/STM32L4xx_HAL_Driver/Src/stm32l4xx_hal_rcc_ex.o
 .text.RCCEx_PLLSAI2_Config
                0x08003350      0x14c ./Drivers/STM32L4xx_HAL_Driver/Src/stm32l4xx_hal_rcc_ex.o
 .text.HAL_RCCEx_PeriphCLKConfig
                0x0800349c      0x454 ./Drivers/STM32L4xx_HAL_Driver/Src/stm32l4xx_hal_rcc_ex.o
                0x0800349c                HAL_RCCEx_PeriphCLKConfig
 .text.SPI_WaitFlagStateUntilTimeout
                0x080038f0       0xc8 ./Drivers/STM32L4xx_HAL_Driver/Src/stm32l4xx_hal_spi.o
 .text.SPI_WaitFifoStateUntilTimeout
                0x080039b8       0xd8 ./Drivers/STM32L4xx_HAL_Driver/Src/stm32l4xx_hal_spi.o
 .text.SPI_EndRxTxTransaction
                0x08003a90       0x62 ./Drivers/STM32L4xx_HAL_Driver/Src/stm32l4xx_hal_spi.o
 .text.HAL_SPI_Init
                0x08003af2       0xde ./Drivers/STM32L4xx_HAL_Driver/Src/stm32l4xx_hal_spi.o
                0x08003af2                HAL_SPI_Init
 .text.HAL_SPI_Transmit
                0x08003bd0      0x202 ./Drivers/STM32L4xx_HAL_Driver/Src/stm32l4xx_hal_spi.o
                0x08003bd0                HAL_SPI_Transmit
 .text.HAL_SPI_TransmitReceive
                0x08003dd2      0x2de ./Drivers/STM32L4xx_HAL_Driver/Src/stm32l4xx_hal_spi.o
                0x08003dd2                HAL_SPI_TransmitReceive
 .text.TIM_OC1_SetConfig
                0x080040b0       0x9c ./Drivers/STM32L4xx_HAL_Driver/Src/stm32l4xx_hal_tim.o
 .text.TIM_OC3_SetConfig
                0x0800414c       0x8c ./Drivers/STM32L4xx_HAL_Driver/Src/stm32l4xx_hal_tim.o
 .text.TIM_OC4_SetConfig
                0x080041d8       0x6c ./Drivers/STM32L4xx_HAL_Driver/Src/stm32l4xx_hal_tim.o
 .text.TIM_OC5_SetConfig
                0x08004244       0x68 ./Drivers/STM32L4xx_HAL_Driver/Src/stm32l4xx_hal_tim.o
 .text.TIM_OC6_SetConfig
                0x080042ac       0x6c ./Drivers/STM32L4xx_HAL_Driver/Src/stm32l4xx_hal_tim.o
 .text.HAL_TIM_Base_Start_IT
                0x08004318       0x8c ./Drivers/STM32L4xx_HAL_Driver/Src/stm32l4xx_hal_tim.o
                0x08004318                HAL_TIM_Base_Start_IT
 .text.HAL_TIM_PeriodElapsedCallback
                0x080043a4        0x2 ./Drivers/STM32L4xx_HAL_Driver/Src/stm32l4xx_hal_tim.o
                0x080043a4                HAL_TIM_PeriodElapsedCallback
 .text.HAL_TIM_OC_DelayElapsedCallback
                0x080043a6        0x2 ./Drivers/STM32L4xx_HAL_Driver/Src/stm32l4xx_hal_tim.o
                0x080043a6                HAL_TIM_OC_DelayElapsedCallback
 .text.HAL_TIM_IC_CaptureCallback
                0x080043a8        0x2 ./Drivers/STM32L4xx_HAL_Driver/Src/stm32l4xx_hal_tim.o
                0x080043a8                HAL_TIM_IC_CaptureCallback
 .text.HAL_TIM_PWM_PulseFinishedCallback
                0x080043aa        0x2 ./Drivers/STM32L4xx_HAL_Driver/Src/stm32l4xx_hal_tim.o
                0x080043aa                HAL_TIM_PWM_PulseFinishedCallback
 .text.HAL_TIM_TriggerCallback
                0x080043ac        0x2 ./Drivers/STM32L4xx_HAL_Driver/Src/stm32l4xx_hal_tim.o
                0x080043ac                HAL_TIM_TriggerCallback
 .text.HAL_TIM_IRQHandler
                0x080043ae      0x19a ./Drivers/STM32L4xx_HAL_Driver/Src/stm32l4xx_hal_tim.o
                0x080043ae                HAL_TIM_IRQHandler
 .text.TIM_Base_SetConfig
                0x08004548       0xc8 ./Drivers/STM32L4xx_HAL_Driver/Src/stm32l4xx_hal_tim.o
                0x08004548                TIM_Base_SetConfig
 .text.HAL_TIM_Base_Init
                0x08004610       0x60 ./Drivers/STM32L4xx_HAL_Driver/Src/stm32l4xx_hal_tim.o
                0x08004610                HAL_TIM_Base_Init
 .text.HAL_TIM_PWM_Init
                0x08004670       0x60 ./Drivers/STM32L4xx_HAL_Driver/Src/stm32l4xx_hal_tim.o
                0x08004670                HAL_TIM_PWM_Init
 .text.TIM_OC2_SetConfig
                0x080046d0       0x8c ./Drivers/STM32L4xx_HAL_Driver/Src/stm32l4xx_hal_tim.o
                0x080046d0                TIM_OC2_SetConfig
 .text.HAL_TIM_PWM_ConfigChannel
                0x0800475c      0x128 ./Drivers/STM32L4xx_HAL_Driver/Src/stm32l4xx_hal_tim.o
                0x0800475c                HAL_TIM_PWM_ConfigChannel
 .text.TIM_CCxChannelCmd
                0x08004884       0x1e ./Drivers/STM32L4xx_HAL_Driver/Src/stm32l4xx_hal_tim.o
                0x08004884                TIM_CCxChannelCmd
 *fill*         0x080048a2        0x2 
 .text.HAL_TIM_PWM_Start
                0x080048a4      0x168 ./Drivers/STM32L4xx_HAL_Driver/Src/stm32l4xx_hal_tim.o
                0x080048a4                HAL_TIM_PWM_Start
 .text.HAL_TIMEx_MasterConfigSynchronization
                0x08004a0c       0x98 ./Drivers/STM32L4xx_HAL_Driver/Src/stm32l4xx_hal_tim_ex.o
                0x08004a0c                HAL_TIMEx_MasterConfigSynchronization
 .text.HAL_TIMEx_ConfigBreakDeadTime
                0x08004aa4       0x90 ./Drivers/STM32L4xx_HAL_Driver/Src/stm32l4xx_hal_tim_ex.o
                0x08004aa4                HAL_TIMEx_ConfigBreakDeadTime
 .text.HAL_TIMEx_CommutCallback
                0x08004b34        0x2 ./Drivers/STM32L4xx_HAL_Driver/Src/stm32l4xx_hal_tim_ex.o
                0x08004b34                HAL_TIMEx_CommutCallback
 .text.HAL_TIMEx_BreakCallback
                0x08004b36        0x2 ./Drivers/STM32L4xx_HAL_Driver/Src/stm32l4xx_hal_tim_ex.o
                0x08004b36                HAL_TIMEx_BreakCallback
 .text.HAL_TIMEx_Break2Callback
                0x08004b38        0x2 ./Drivers/STM32L4xx_HAL_Driver/Src/stm32l4xx_hal_tim_ex.o
                0x08004b38                HAL_TIMEx_Break2Callback
 *fill*         0x08004b3a        0x2 
 .text.Reset_Handler
                0x08004b3c       0x50 ./startup/startup_stm32l475xx.o
                0x08004b3c                Reset_Handler
 .text.Default_Handler
                0x08004b8c        0x2 ./startup/startup_stm32l475xx.o
                0x08004b8c                RTC_Alarm_IRQHandler
                0x08004b8c                EXTI2_IRQHandler
                0x08004b8c                TIM8_TRG_COM_IRQHandler
                0x08004b8c                TIM8_CC_IRQHandler
                0x08004b8c                TIM1_CC_IRQHandler
                0x08004b8c                TSC_IRQHandler
                0x08004b8c                TAMP_STAMP_IRQHandler
                0x08004b8c                EXTI3_IRQHandler
                0x08004b8c                LPTIM2_IRQHandler
                0x08004b8c                DFSDM1_FLT1_IRQHandler
                0x08004b8c                I2C3_ER_IRQHandler
                0x08004b8c                DFSDM1_FLT2_IRQHandler
                0x08004b8c                EXTI0_IRQHandler
                0x08004b8c                I2C2_EV_IRQHandler
                0x08004b8c                CAN1_RX0_IRQHandler
                0x08004b8c                FPU_IRQHandler
                0x08004b8c                TIM1_UP_TIM16_IRQHandler
                0x08004b8c                ADC1_2_IRQHandler
                0x08004b8c                SPI1_IRQHandler
                0x08004b8c                TIM8_UP_IRQHandler
                0x08004b8c                DMA2_Channel2_IRQHandler
                0x08004b8c                DMA1_Channel4_IRQHandler
                0x08004b8c                SAI2_IRQHandler
                0x08004b8c                DFSDM1_FLT3_IRQHandler
                0x08004b8c                USART3_IRQHandler
                0x08004b8c                DMA1_Channel7_IRQHandler
                0x08004b8c                CAN1_RX1_IRQHandler
                0x08004b8c                UART5_IRQHandler
                0x08004b8c                ADC3_IRQHandler
                0x08004b8c                TIM4_IRQHandler
                0x08004b8c                DMA2_Channel1_IRQHandler
                0x08004b8c                QUADSPI_IRQHandler
                0x08004b8c                I2C1_EV_IRQHandler
                0x08004b8c                DMA1_Channel6_IRQHandler
                0x08004b8c                UART4_IRQHandler
                0x08004b8c                DMA2_Channel4_IRQHandler
                0x08004b8c                TIM3_IRQHandler
                0x08004b8c                RCC_IRQHandler
                0x08004b8c                DMA1_Channel1_IRQHandler
                0x08004b8c                Default_Handler
                0x08004b8c                DMA2_Channel7_IRQHandler
                0x08004b8c                EXTI15_10_IRQHandler
                0x08004b8c                TIM7_IRQHandler
                0x08004b8c                SDMMC1_IRQHandler
                0x08004b8c                TIM5_IRQHandler
                0x08004b8c                I2C3_EV_IRQHandler
                0x08004b8c                RTC_WKUP_IRQHandler
                0x08004b8c                PVD_PVM_IRQHandler
                0x08004b8c                SPI2_IRQHandler
                0x08004b8c                CAN1_TX_IRQHandler
                0x08004b8c                DMA2_Channel5_IRQHandler
                0x08004b8c                DMA1_Channel5_IRQHandler
                0x08004b8c                EXTI4_IRQHandler
                0x08004b8c                RNG_IRQHandler
                0x08004b8c                TIM1_TRG_COM_TIM17_IRQHandler
                0x08004b8c                DMA1_Channel3_IRQHandler
                0x08004b8c                COMP_IRQHandler
                0x08004b8c                WWDG_IRQHandler
                0x08004b8c                LPUART1_IRQHandler
                0x08004b8c                DMA2_Channel6_IRQHandler
                0x08004b8c                TIM2_IRQHandler
                0x08004b8c                EXTI1_IRQHandler
                0x08004b8c                USART2_IRQHandler
                0x08004b8c                DFSDM1_FLT0_IRQHandler
                0x08004b8c                I2C2_ER_IRQHandler
                0x08004b8c                DMA1_Channel2_IRQHandler
                0x08004b8c                TIM8_BRK_IRQHandler
                0x08004b8c                CAN1_SCE_IRQHandler
                0x08004b8c                FLASH_IRQHandler
                0x08004b8c                USART1_IRQHandler
                0x08004b8c                OTG_FS_IRQHandler
                0x08004b8c                SPI3_IRQHandler
                0x08004b8c                I2C1_ER_IRQHandler
                0x08004b8c                FMC_IRQHandler
                0x08004b8c                SWPMI1_IRQHandler
                0x08004b8c                LPTIM1_IRQHandler
                0x08004b8c                SAI1_IRQHandler
                0x08004b8c                DMA2_Channel3_IRQHandler
                0x08004b8c                TIM1_BRK_TIM15_IRQHandler
 *fill*         0x08004b8e        0x2 
 .text.malloc   0x08004b90       0x10 C:/ST/STM32CubeIDE_1.15.0/STM32CubeIDE/plugins/com.st.stm32cube.ide.mcu.externaltools.gnu-tools-for-stm32.12.3.rel1.win32_1.0.100.202403111256/tools/bin/../lib/gcc/arm-none-eabi/12.3.1/../../../../arm-none-eabi/lib/thumb/v7e-m+fp/hard\libc_nano.a(libc_a-malloc.o)
                0x08004b90                malloc
 .text.free     0x08004ba0       0x10 C:/ST/STM32CubeIDE_1.15.0/STM32CubeIDE/plugins/com.st.stm32cube.ide.mcu.externaltools.gnu-tools-for-stm32.12.3.rel1.win32_1.0.100.202403111256/tools/bin/../lib/gcc/arm-none-eabi/12.3.1/../../../../arm-none-eabi/lib/thumb/v7e-m+fp/hard\libc_nano.a(libc_a-malloc.o)
                0x08004ba0                free
 .text.sbrk_aligned
                0x08004bb0       0x44 C:/ST/STM32CubeIDE_1.15.0/STM32CubeIDE/plugins/com.st.stm32cube.ide.mcu.externaltools.gnu-tools-for-stm32.12.3.rel1.win32_1.0.100.202403111256/tools/bin/../lib/gcc/arm-none-eabi/12.3.1/../../../../arm-none-eabi/lib/thumb/v7e-m+fp/hard\libc_nano.a(libc_a-mallocr.o)
 .text._malloc_r
                0x08004bf4      0x100 C:/ST/STM32CubeIDE_1.15.0/STM32CubeIDE/plugins/com.st.stm32cube.ide.mcu.externaltools.gnu-tools-for-stm32.12.3.rel1.win32_1.0.100.202403111256/tools/bin/../lib/gcc/arm-none-eabi/12.3.1/../../../../arm-none-eabi/lib/thumb/v7e-m+fp/hard\libc_nano.a(libc_a-mallocr.o)
                0x08004bf4                _malloc_r
 .text.__malloc_lock
                0x08004cf4        0xc C:/ST/STM32CubeIDE_1.15.0/STM32CubeIDE/plugins/com.st.stm32cube.ide.mcu.externaltools.gnu-tools-for-stm32.12.3.rel1.win32_1.0.100.202403111256/tools/bin/../lib/gcc/arm-none-eabi/12.3.1/../../../../arm-none-eabi/lib/thumb/v7e-m+fp/hard\libc_nano.a(libc_a-mlock.o)
                0x08004cf4                __malloc_lock
 .text.__malloc_unlock
                0x08004d00        0xc C:/ST/STM32CubeIDE_1.15.0/STM32CubeIDE/plugins/com.st.stm32cube.ide.mcu.externaltools.gnu-tools-for-stm32.12.3.rel1.win32_1.0.100.202403111256/tools/bin/../lib/gcc/arm-none-eabi/12.3.1/../../../../arm-none-eabi/lib/thumb/v7e-m+fp/hard\libc_nano.a(libc_a-mlock.o)
                0x08004d00                __malloc_unlock
 .text.memset   0x08004d0c       0x10 C:/ST/STM32CubeIDE_1.15.0/STM32CubeIDE/plugins/com.st.stm32cube.ide.mcu.externaltools.gnu-tools-for-stm32.12.3.rel1.win32_1.0.100.202403111256/tools/bin/../lib/gcc/arm-none-eabi/12.3.1/../../../../arm-none-eabi/lib/thumb/v7e-m+fp/hard\libc_nano.a(libc_a-memset.o)
                0x08004d0c                memset
 .text._sbrk_r  0x08004d1c       0x20 C:/ST/STM32CubeIDE_1.15.0/STM32CubeIDE/plugins/com.st.stm32cube.ide.mcu.externaltools.gnu-tools-for-stm32.12.3.rel1.win32_1.0.100.202403111256/tools/bin/../lib/gcc/arm-none-eabi/12.3.1/../../../../arm-none-eabi/lib/thumb/v7e-m+fp/hard\libc_nano.a(libc_a-sbrkr.o)
                0x08004d1c                _sbrk_r
 .text.__errno  0x08004d3c        0xc C:/ST/STM32CubeIDE_1.15.0/STM32CubeIDE/plugins/com.st.stm32cube.ide.mcu.externaltools.gnu-tools-for-stm32.12.3.rel1.win32_1.0.100.202403111256/tools/bin/../lib/gcc/arm-none-eabi/12.3.1/../../../../arm-none-eabi/lib/thumb/v7e-m+fp/hard\libc_nano.a(libc_a-errno.o)
                0x08004d3c                __errno
 .text.__libc_init_array
                0x08004d48       0x48 C:/ST/STM32CubeIDE_1.15.0/STM32CubeIDE/plugins/com.st.stm32cube.ide.mcu.externaltools.gnu-tools-for-stm32.12.3.rel1.win32_1.0.100.202403111256/tools/bin/../lib/gcc/arm-none-eabi/12.3.1/../../../../arm-none-eabi/lib/thumb/v7e-m+fp/hard\libc_nano.a(libc_a-init.o)
                0x08004d48                __libc_init_array
 .text.__retarget_lock_acquire_recursive
                0x08004d90        0x2 C:/ST/STM32CubeIDE_1.15.0/STM32CubeIDE/plugins/com.st.stm32cube.ide.mcu.externaltools.gnu-tools-for-stm32.12.3.rel1.win32_1.0.100.202403111256/tools/bin/../lib/gcc/arm-none-eabi/12.3.1/../../../../arm-none-eabi/lib/thumb/v7e-m+fp/hard\libc_nano.a(libc_a-lock.o)
                0x08004d90                __retarget_lock_acquire_recursive
 .text.__retarget_lock_release_recursive
                0x08004d92        0x2 C:/ST/STM32CubeIDE_1.15.0/STM32CubeIDE/plugins/com.st.stm32cube.ide.mcu.externaltools.gnu-tools-for-stm32.12.3.rel1.win32_1.0.100.202403111256/tools/bin/../lib/gcc/arm-none-eabi/12.3.1/../../../../arm-none-eabi/lib/thumb/v7e-m+fp/hard\libc_nano.a(libc_a-lock.o)
                0x08004d92                __retarget_lock_release_recursive
 .text.memcpy   0x08004d94       0x1c C:/ST/STM32CubeIDE_1.15.0/STM32CubeIDE/plugins/com.st.stm32cube.ide.mcu.externaltools.gnu-tools-for-stm32.12.3.rel1.win32_1.0.100.202403111256/tools/bin/../lib/gcc/arm-none-eabi/12.3.1/../../../../arm-none-eabi/lib/thumb/v7e-m+fp/hard\libc_nano.a(libc_a-memcpy-stub.o)
                0x08004d94                memcpy
 .text._free_r  0x08004db0       0x94 C:/ST/STM32CubeIDE_1.15.0/STM32CubeIDE/plugins/com.st.stm32cube.ide.mcu.externaltools.gnu-tools-for-stm32.12.3.rel1.win32_1.0.100.202403111256/tools/bin/../lib/gcc/arm-none-eabi/12.3.1/../../../../arm-none-eabi/lib/thumb/v7e-m+fp/hard\libc_nano.a(libc_a-freer.o)
                0x08004db0                _free_r
 *(.glue_7)
 .glue_7        0x08004e44        0x0 linker stubs
 *(.glue_7t)
 .glue_7t       0x08004e44        0x0 linker stubs
 *(.eh_frame)
 .eh_frame      0x08004e44        0x0 C:/ST/STM32CubeIDE_1.15.0/STM32CubeIDE/plugins/com.st.stm32cube.ide.mcu.externaltools.gnu-tools-for-stm32.12.3.rel1.win32_1.0.100.202403111256/tools/bin/../lib/gcc/arm-none-eabi/12.3.1/thumb/v7e-m+fp/hard/crtbegin.o
 *(.init)
 .init          0x08004e44        0x4 C:/ST/STM32CubeIDE_1.15.0/STM32CubeIDE/plugins/com.st.stm32cube.ide.mcu.externaltools.gnu-tools-for-stm32.12.3.rel1.win32_1.0.100.202403111256/tools/bin/../lib/gcc/arm-none-eabi/12.3.1/thumb/v7e-m+fp/hard/crti.o
                0x08004e44                _init
 .init          0x08004e48        0x8 C:/ST/STM32CubeIDE_1.15.0/STM32CubeIDE/plugins/com.st.stm32cube.ide.mcu.externaltools.gnu-tools-for-stm32.12.3.rel1.win32_1.0.100.202403111256/tools/bin/../lib/gcc/arm-none-eabi/12.3.1/thumb/v7e-m+fp/hard/crtn.o
 *(.fini)
 .fini          0x08004e50        0x4 C:/ST/STM32CubeIDE_1.15.0/STM32CubeIDE/plugins/com.st.stm32cube.ide.mcu.externaltools.gnu-tools-for-stm32.12.3.rel1.win32_1.0.100.202403111256/tools/bin/../lib/gcc/arm-none-eabi/12.3.1/thumb/v7e-m+fp/hard/crti.o
                0x08004e50                _fini
 .fini          0x08004e54        0x8 C:/ST/STM32CubeIDE_1.15.0/STM32CubeIDE/plugins/com.st.stm32cube.ide.mcu.externaltools.gnu-tools-for-stm32.12.3.rel1.win32_1.0.100.202403111256/tools/bin/../lib/gcc/arm-none-eabi/12.3.1/thumb/v7e-m+fp/hard/crtn.o
                0x08004e60                        . = ALIGN (0x8)
 *fill*         0x08004e5c        0x4 
                0x08004e60                        _etext = .

.vfp11_veneer   0x08004e60        0x0
 .vfp11_veneer  0x08004e60        0x0 linker stubs

.v4_bx          0x08004e60        0x0
 .v4_bx         0x08004e60        0x0 linker stubs

.iplt           0x08004e60        0x0
 .iplt          0x08004e60        0x0 C:/ST/STM32CubeIDE_1.15.0/STM32CubeIDE/plugins/com.st.stm32cube.ide.mcu.externaltools.gnu-tools-for-stm32.12.3.rel1.win32_1.0.100.202403111256/tools/bin/../lib/gcc/arm-none-eabi/12.3.1/thumb/v7e-m+fp/hard/crtbegin.o

.rodata         0x08004e60       0x58
                0x08004e60                        . = ALIGN (0x8)
 *(.rodata)
 .rodata        0x08004e60        0xd ./Core/Src/enable.o
 *fill*         0x08004e6d        0x3 
 .rodata        0x08004e70       0x48 ./Core/Src/system_stm32l4xx.o
                0x08004e70                MSIRangeTable
                0x08004ea0                AHBPrescTable
                0x08004eb0                APBPrescTable
 *(.rodata*)
                0x08004eb8                        . = ALIGN (0x8)

.rel.dyn        0x08004eb8        0x0
 .rel.iplt      0x08004eb8        0x0 C:/ST/STM32CubeIDE_1.15.0/STM32CubeIDE/plugins/com.st.stm32cube.ide.mcu.externaltools.gnu-tools-for-stm32.12.3.rel1.win32_1.0.100.202403111256/tools/bin/../lib/gcc/arm-none-eabi/12.3.1/thumb/v7e-m+fp/hard/crtbegin.o

.ARM.extab      0x08004eb8        0x0
                0x08004eb8                        . = ALIGN (0x8)
 *(.ARM.extab* .gnu.linkonce.armextab.*)
                0x08004eb8                        . = ALIGN (0x8)

.ARM            0x08004eb8        0x0
                0x08004eb8                        . = ALIGN (0x8)
                0x08004eb8                        __exidx_start = .
 *(.ARM.exidx*)
                0x08004eb8                        __exidx_end = .
                0x08004eb8                        . = ALIGN (0x8)

.preinit_array  0x08004eb8        0x0
                0x08004eb8                        . = ALIGN (0x8)
                0x08004eb8                        PROVIDE (__preinit_array_start = .)
 *(.preinit_array*)
                0x08004eb8                        PROVIDE (__preinit_array_end = .)
                0x08004eb8                        . = ALIGN (0x8)

.init_array     0x08004eb8        0x8
                0x08004eb8                        . = ALIGN (0x8)
                0x08004eb8                        PROVIDE (__init_array_start = .)
 *(SORT_BY_NAME(.init_array.*))
 *(.init_array*)
 .init_array    0x08004eb8        0x4 C:/ST/STM32CubeIDE_1.15.0/STM32CubeIDE/plugins/com.st.stm32cube.ide.mcu.externaltools.gnu-tools-for-stm32.12.3.rel1.win32_1.0.100.202403111256/tools/bin/../lib/gcc/arm-none-eabi/12.3.1/thumb/v7e-m+fp/hard/crtbegin.o
                0x08004ebc                        PROVIDE (__init_array_end = .)
                0x08004ec0                        . = ALIGN (0x8)
 *fill*         0x08004ebc        0x4 

.fini_array     0x08004ec0        0x8
                0x08004ec0                        . = ALIGN (0x8)
                [!provide]                        PROVIDE (__fini_array_start = .)
 *(SORT_BY_NAME(.fini_array.*))
 *(.fini_array*)
 .fini_array    0x08004ec0        0x4 C:/ST/STM32CubeIDE_1.15.0/STM32CubeIDE/plugins/com.st.stm32cube.ide.mcu.externaltools.gnu-tools-for-stm32.12.3.rel1.win32_1.0.100.202403111256/tools/bin/../lib/gcc/arm-none-eabi/12.3.1/thumb/v7e-m+fp/hard/crtbegin.o
                [!provide]                        PROVIDE (__fini_array_end = .)
                0x08004ec8                        . = ALIGN (0x8)
 *fill*         0x08004ec4        0x4 
                0x08004ec8                        _sidata = LOADADDR (.data)

.data           0x20000000      0x4a0 load address 0x08004ec8
                0x20000000                        . = ALIGN (0x8)
                0x20000000                        _sdata = .
 *(.data)
 .data          0x20000000      0x442 ./Core/Src/enable.o
                0x20000000                deviceName
                0x20000008                ACI_GAP_SET_DISCOVERABLE
                0x20000018                ACI_GAP_SET_DISCOVERABLE_COMPLETE
                0x20000020                EVENT_DISCONNECTED
                0x20000024                ADD_CUSTOM_SERVICE
                0x2000003c                ADD_CUSTOM_SERVICE_COMPLETE
                0x20000044                ADD_CUSTOM_CHAR
                0x20000064                ADD_CUSTOM_CHAR_COMPLETE
                0x2000006c                UPDATE_CHAR
                0x2000007c                EVENT_STATUP_DATA
                0x20000084                ACI_GATT_INIT_COMPLETE
                0x2000008c                ACI_GATT_INIT
                0x20000090                ACI_GAP_INIT_COMPLETE
                0x20000098                ACI_GAP_INIT
                0x200000a0                ACI_GAP_SET_AUTH_RESP
                0x200000a8                ACI_GAP_SET_AUTH
                0x200000b8                ACI_HAL_SET_TX_POWER_LEVEL_COMPLETE
                0x200000c0                ACI_HAL_SET_TX_POWER_LEVEL
                0x200000c8                HCI_LE_SET_SCAN_RESPONSE_DATA_COMPLETE
                0x200000d0                HCI_LE_SET_SCAN_RESPONSE_DATA
                0x200000f4                UUID_ANGLE_SERVICE
                0x20000104                UUID_CHAR_ANGLE_NAME
                0x20000114                NAME_ANGLE_VALUE
                0x20000124                UUID_CHAR_ENCODER
                0x20000134                ENCODER_VALUE
                0x20000148                UUID_SERVICE_1
                0x20000158                UUID_CHAR_1
                0x20000168                VALUE1
                0x20000180                UUID_CHAR_TEMP
                0x20000190                VALUE_TEMP
                0x200001a4                UUID_CHAR_HUM
                0x200001b4                VALUE_HUM
                0x200001c4                UUID_CHAR_PRESS
                0x200001d4                VALUE_PRESS
                0x200001e8                UUID_CHAR_TOF_VALUE
                0x200001f8                TOF_VALUE
                0x2000020c                UUID_INERTIAL_SERVICE
                0x2000021c                UUID_CHAR_INERTIAL_NAME
                0x2000022c                NAME_INERTIAL_VALUE
                0x20000244                UUID_CHAR_INERTIAL_ACCX
                0x20000254                ACCX_INERTIAL_VALUE
                0x20000268                UUID_CHAR_INERTIAL_ACCY
                0x20000278                ACCY_INERTIAL_VALUE
                0x2000028c                UUID_CHAR_INERTIAL_ACCZ
                0x2000029c                ACCZ_INERTIAL_VALUE
                0x200002b0                UUID_MAGNETIC_SERVICE
                0x200002c0                UUID_CHAR_MAGNETIC_NAME
                0x200002d0                NAME_MAGNETIC_VALUE
                0x200002e8                UUID_CHAR_MAGNETIC_MAGX
                0x200002f8                X_VALUE
                0x2000030c                UUID_CHAR_MAGNETIC_MAGY
                0x2000031c                Y_VALUE
                0x20000330                UUID_CHAR_MAGNETIC_MAGZ
                0x20000340                Z_VALUE
                0x20000354                NAME_TOF_VALUE
                0x2000036c                UUID_CHAR_TOF_NAME
                0x2000037c                UUID_TOF_SERVICE
                0x2000038c                UUID_CHAR_GYROSCOPE_GYROZ
                0x2000039c                UUID_CHAR_GYROSCOPE_GYROY
                0x200003ac                UUID_CHAR_GYROSCOPE_GYROX
                0x200003bc                NAME_GYROSCOPE_VALUE
                0x200003d0                UUID_CHAR_GYROSCOPE_NAME
                0x200003e0                UUID_GYROSCOPE_SERVICE
                0x200003f0                MIC_VALUE
                0x20000408                VALUE2
                0x20000420                UUID_CHAR_2
                0x20000430                ACI_GATT_UPDATE_CHAR_COMPLETE
                0x20000438                ACI_GATT_UPDATE_CHAR_VALUE
 *fill*         0x20000442        0x2 
 .data          0x20000444        0x4 ./Core/Src/system_stm32l4xx.o
                0x20000444                SystemCoreClock
 .data          0x20000448        0x8 ./Drivers/STM32L4xx_HAL_Driver/Src/stm32l4xx_hal.o
                0x20000448                uwTickFreq
                0x2000044c                uwTickPrio
 *(.data*)
 .data._impure_ptr
                0x20000450        0x4 C:/ST/STM32CubeIDE_1.15.0/STM32CubeIDE/plugins/com.st.stm32cube.ide.mcu.externaltools.gnu-tools-for-stm32.12.3.rel1.win32_1.0.100.202403111256/tools/bin/../lib/gcc/arm-none-eabi/12.3.1/../../../../arm-none-eabi/lib/thumb/v7e-m+fp/hard\libc_nano.a(libc_a-impure.o)
                0x20000450                _impure_ptr
 .data._impure_data
                0x20000454       0x4c C:/ST/STM32CubeIDE_1.15.0/STM32CubeIDE/plugins/com.st.stm32cube.ide.mcu.externaltools.gnu-tools-for-stm32.12.3.rel1.win32_1.0.100.202403111256/tools/bin/../lib/gcc/arm-none-eabi/12.3.1/../../../../arm-none-eabi/lib/thumb/v7e-m+fp/hard\libc_nano.a(libc_a-impure.o)
                0x20000454                _impure_data
                0x200004a0                        . = ALIGN (0x8)
                0x200004a0                        _edata = .

.igot.plt       0x200004a0        0x0 load address 0x08005368
 .igot.plt      0x200004a0        0x0 C:/ST/STM32CubeIDE_1.15.0/STM32CubeIDE/plugins/com.st.stm32cube.ide.mcu.externaltools.gnu-tools-for-stm32.12.3.rel1.win32_1.0.100.202403111256/tools/bin/../lib/gcc/arm-none-eabi/12.3.1/thumb/v7e-m+fp/hard/crtbegin.o
                0x200004a0                        . = ALIGN (0x4)

.bss            0x200004a0      0x45c load address 0x08005368
                0x200004a0                        _sbss = .
                0x200004a0                        __bss_start__ = _sbss
 *(.bss)
 .bss           0x200004a0       0x1c C:/ST/STM32CubeIDE_1.15.0/STM32CubeIDE/plugins/com.st.stm32cube.ide.mcu.externaltools.gnu-tools-for-stm32.12.3.rel1.win32_1.0.100.202403111256/tools/bin/../lib/gcc/arm-none-eabi/12.3.1/thumb/v7e-m+fp/hard/crtbegin.o
 .bss           0x200004bc      0x17e ./Core/Src/enable.o
                0x200004bc                stackInitCompleteFlag
                0x200004c0                buffer
                0x200005c0                rxEvent
                0x200005c4                GAP_SERVICE_HANDLE
                0x200005c8                GAP_CHAR_NAME_HANDLE
                0x200005cc                GAP_CHAR_APP_HANDLE
                0x200005d0                ANGLE_SERVICE_HANDLE
                0x200005d4                NAME_ANGLE_HANDLE
                0x200005d8                ENCODER_CHAR_HANDLE
                0x200005dc                CUSTOM_SERVICE_HANDLE
                0x200005e0                CUSTOM_CHAR_HANDLE
                0x200005e4                TEMP_CHAR_HANDLE
                0x200005e8                HUM_CHAR_HANDLE
                0x200005ec                PRESS_CHAR_HANDLE
                0x200005f0                TOF_CHAR_HANDLE
                0x200005f4                INERTIAL_SERVICE_HANDLE
                0x200005f8                NAME_INERTIAL_HANDLE
                0x200005fc                ACCX_CHAR_HANDLE
                0x20000600                ACCY_CHAR_HANDLE
                0x20000604                ACCZ_CHAR_HANDLE
                0x20000608                MAGNETIC_SERVICE_HANDLE
                0x2000060c                NAME_MAGNETIC_HANDLE
                0x20000610                MAGX_CHAR_HANDLE
                0x20000614                MAGY_CHAR_HANDLE
                0x20000618                MAGZ_CHAR_HANDLE
                0x2000061c                NAME_TOF_HANDLE
                0x20000620                TOF_SERVICE_HANDLE
                0x20000624                GYROZ_CHAR_HANDLE
                0x20000628                GYROY_CHAR_HANDLE
                0x2000062c                GYROX_CHAR_HANDLE
                0x20000630                NAME_GYROSCOPE_HANDLE
                0x20000634                GYROSCOPE_SERVICE_HANDLE
                0x20000638                MIC_CHAR_HANDLE
 *fill*         0x2000063a        0x2 
 .bss           0x2000063c      0x150 ./Core/Src/main.o
                0x2000063c                hspi3
                0x200006a0                hi2c2
                0x200006ec                htim6
                0x20000738                htim15
                0x20000784                update
                0x20000788                dataAvailable
 .bss           0x2000078c       0x1c ./Core/Src/sensors.o
                0x2000078c                T_C0
                0x20000790                T_C1
                0x20000794                T_C0_lsb
                0x20000796                T_C1_lsb
                0x20000798                m
                0x2000079c                H_0
                0x2000079d                H_1
                0x2000079e                H_0_lsb
                0x200007a0                H_1_lsb
                0x200007a4                mh
 .bss           0x200007a8        0x8 ./Core/Src/syscalls.o
                0x200007ac                __env
 .bss           0x200007b0        0x4 ./Drivers/STM32L4xx_HAL_Driver/Src/stm32l4xx_hal.o
                0x200007b0                uwTick
 *(.bss*)
 .bss.__malloc_sbrk_start
                0x200007b4        0x4 C:/ST/STM32CubeIDE_1.15.0/STM32CubeIDE/plugins/com.st.stm32cube.ide.mcu.externaltools.gnu-tools-for-stm32.12.3.rel1.win32_1.0.100.202403111256/tools/bin/../lib/gcc/arm-none-eabi/12.3.1/../../../../arm-none-eabi/lib/thumb/v7e-m+fp/hard\libc_nano.a(libc_a-mallocr.o)
                0x200007b4                __malloc_sbrk_start
 .bss.__malloc_free_list
                0x200007b8        0x4 C:/ST/STM32CubeIDE_1.15.0/STM32CubeIDE/plugins/com.st.stm32cube.ide.mcu.externaltools.gnu-tools-for-stm32.12.3.rel1.win32_1.0.100.202403111256/tools/bin/../lib/gcc/arm-none-eabi/12.3.1/../../../../arm-none-eabi/lib/thumb/v7e-m+fp/hard\libc_nano.a(libc_a-mallocr.o)
                0x200007b8                __malloc_free_list
 .bss.__sf      0x200007bc      0x138 C:/ST/STM32CubeIDE_1.15.0/STM32CubeIDE/plugins/com.st.stm32cube.ide.mcu.externaltools.gnu-tools-for-stm32.12.3.rel1.win32_1.0.100.202403111256/tools/bin/../lib/gcc/arm-none-eabi/12.3.1/../../../../arm-none-eabi/lib/thumb/v7e-m+fp/hard\libc_nano.a(libc_a-findfp.o)
                0x200007bc                __sf
 .bss.errno     0x200008f4        0x4 C:/ST/STM32CubeIDE_1.15.0/STM32CubeIDE/plugins/com.st.stm32cube.ide.mcu.externaltools.gnu-tools-for-stm32.12.3.rel1.win32_1.0.100.202403111256/tools/bin/../lib/gcc/arm-none-eabi/12.3.1/../../../../arm-none-eabi/lib/thumb/v7e-m+fp/hard\libc_nano.a(libc_a-reent.o)
                0x200008f4                errno
 .bss.__lock___malloc_recursive_mutex
                0x200008f8        0x1 C:/ST/STM32CubeIDE_1.15.0/STM32CubeIDE/plugins/com.st.stm32cube.ide.mcu.externaltools.gnu-tools-for-stm32.12.3.rel1.win32_1.0.100.202403111256/tools/bin/../lib/gcc/arm-none-eabi/12.3.1/../../../../arm-none-eabi/lib/thumb/v7e-m+fp/hard\libc_nano.a(libc_a-lock.o)
                0x200008f8                __lock___malloc_recursive_mutex
 *(COMMON)
                0x200008fc                        . = ALIGN (0x4)
 *fill*         0x200008f9        0x3 
                0x200008fc                        _ebss = .
                0x200008fc                        __bss_end__ = _ebss

._user_heap_stack
                0x200008fc      0x604 load address 0x08005368
                0x20000900                        . = ALIGN (0x8)
 *fill*         0x200008fc        0x4 
                0x20000900                        PROVIDE (end = .)
                [!provide]                        PROVIDE (_end = .)
                0x20000b00                        . = (. + _Min_Heap_Size)
 *fill*         0x20000900      0x200 
                0x20000f00                        . = (. + _Min_Stack_Size)
 *fill*         0x20000b00      0x400 
                0x20000f00                        . = ALIGN (0x8)

/DISCARD/
 libc.a(*)
 libm.a(*)
 libgcc.a(*)

.ARM.attributes
                0x00000000       0x30
 *(.ARM.attributes)
 .ARM.attributes
                0x00000000       0x22 C:/ST/STM32CubeIDE_1.15.0/STM32CubeIDE/plugins/com.st.stm32cube.ide.mcu.externaltools.gnu-tools-for-stm32.12.3.rel1.win32_1.0.100.202403111256/tools/bin/../lib/gcc/arm-none-eabi/12.3.1/thumb/v7e-m+fp/hard/crti.o
 .ARM.attributes
                0x00000022       0x34 C:/ST/STM32CubeIDE_1.15.0/STM32CubeIDE/plugins/com.st.stm32cube.ide.mcu.externaltools.gnu-tools-for-stm32.12.3.rel1.win32_1.0.100.202403111256/tools/bin/../lib/gcc/arm-none-eabi/12.3.1/thumb/v7e-m+fp/hard/crtbegin.o
 .ARM.attributes
                0x00000056       0x34 ./Core/Src/enable.o
 .ARM.attributes
                0x0000008a       0x34 ./Core/Src/main.o
 .ARM.attributes
                0x000000be       0x34 ./Core/Src/sensors.o
 .ARM.attributes
                0x000000f2       0x34 ./Core/Src/stm32l4xx_hal_msp.o
 .ARM.attributes
                0x00000126       0x34 ./Core/Src/stm32l4xx_it.o
 .ARM.attributes
                0x0000015a       0x34 ./Core/Src/syscalls.o
 .ARM.attributes
                0x0000018e       0x34 ./Core/Src/system_stm32l4xx.o
 .ARM.attributes
                0x000001c2       0x34 ./Drivers/STM32L4xx_HAL_Driver/Src/stm32l4xx_hal.o
 .ARM.attributes
                0x000001f6       0x34 ./Drivers/STM32L4xx_HAL_Driver/Src/stm32l4xx_hal_cortex.o
 .ARM.attributes
                0x0000022a       0x34 ./Drivers/STM32L4xx_HAL_Driver/Src/stm32l4xx_hal_gpio.o
 .ARM.attributes
                0x0000025e       0x34 ./Drivers/STM32L4xx_HAL_Driver/Src/stm32l4xx_hal_i2c.o
 .ARM.attributes
                0x00000292       0x34 ./Drivers/STM32L4xx_HAL_Driver/Src/stm32l4xx_hal_i2c_ex.o
 .ARM.attributes
                0x000002c6       0x34 ./Drivers/STM32L4xx_HAL_Driver/Src/stm32l4xx_hal_pwr_ex.o
 .ARM.attributes
                0x000002fa       0x34 ./Drivers/STM32L4xx_HAL_Driver/Src/stm32l4xx_hal_rcc.o
 .ARM.attributes
                0x0000032e       0x34 ./Drivers/STM32L4xx_HAL_Driver/Src/stm32l4xx_hal_rcc_ex.o
 .ARM.attributes
                0x00000362       0x34 ./Drivers/STM32L4xx_HAL_Driver/Src/stm32l4xx_hal_spi.o
 .ARM.attributes
                0x00000396       0x34 ./Drivers/STM32L4xx_HAL_Driver/Src/stm32l4xx_hal_tim.o
 .ARM.attributes
                0x000003ca       0x34 ./Drivers/STM32L4xx_HAL_Driver/Src/stm32l4xx_hal_tim_ex.o
 .ARM.attributes
                0x000003fe       0x21 ./startup/startup_stm32l475xx.o
 .ARM.attributes
                0x0000041f       0x34 C:/ST/STM32CubeIDE_1.15.0/STM32CubeIDE/plugins/com.st.stm32cube.ide.mcu.externaltools.gnu-tools-for-stm32.12.3.rel1.win32_1.0.100.202403111256/tools/bin/../lib/gcc/arm-none-eabi/12.3.1/../../../../arm-none-eabi/lib/thumb/v7e-m+fp/hard\libc_nano.a(libc_a-malloc.o)
 .ARM.attributes
                0x00000453       0x34 C:/ST/STM32CubeIDE_1.15.0/STM32CubeIDE/plugins/com.st.stm32cube.ide.mcu.externaltools.gnu-tools-for-stm32.12.3.rel1.win32_1.0.100.202403111256/tools/bin/../lib/gcc/arm-none-eabi/12.3.1/../../../../arm-none-eabi/lib/thumb/v7e-m+fp/hard\libc_nano.a(libc_a-mallocr.o)
 .ARM.attributes
                0x00000487       0x34 C:/ST/STM32CubeIDE_1.15.0/STM32CubeIDE/plugins/com.st.stm32cube.ide.mcu.externaltools.gnu-tools-for-stm32.12.3.rel1.win32_1.0.100.202403111256/tools/bin/../lib/gcc/arm-none-eabi/12.3.1/../../../../arm-none-eabi/lib/thumb/v7e-m+fp/hard\libc_nano.a(libc_a-mlock.o)
 .ARM.attributes
                0x000004bb       0x34 C:/ST/STM32CubeIDE_1.15.0/STM32CubeIDE/plugins/com.st.stm32cube.ide.mcu.externaltools.gnu-tools-for-stm32.12.3.rel1.win32_1.0.100.202403111256/tools/bin/../lib/gcc/arm-none-eabi/12.3.1/../../../../arm-none-eabi/lib/thumb/v7e-m+fp/hard\libc_nano.a(libc_a-findfp.o)
 .ARM.attributes
                0x000004ef       0x34 C:/ST/STM32CubeIDE_1.15.0/STM32CubeIDE/plugins/com.st.stm32cube.ide.mcu.externaltools.gnu-tools-for-stm32.12.3.rel1.win32_1.0.100.202403111256/tools/bin/../lib/gcc/arm-none-eabi/12.3.1/../../../../arm-none-eabi/lib/thumb/v7e-m+fp/hard\libc_nano.a(libc_a-memset.o)
 .ARM.attributes
                0x00000523       0x34 C:/ST/STM32CubeIDE_1.15.0/STM32CubeIDE/plugins/com.st.stm32cube.ide.mcu.externaltools.gnu-tools-for-stm32.12.3.rel1.win32_1.0.100.202403111256/tools/bin/../lib/gcc/arm-none-eabi/12.3.1/../../../../arm-none-eabi/lib/thumb/v7e-m+fp/hard\libc_nano.a(libc_a-reent.o)
 .ARM.attributes
                0x00000557       0x34 C:/ST/STM32CubeIDE_1.15.0/STM32CubeIDE/plugins/com.st.stm32cube.ide.mcu.externaltools.gnu-tools-for-stm32.12.3.rel1.win32_1.0.100.202403111256/tools/bin/../lib/gcc/arm-none-eabi/12.3.1/../../../../arm-none-eabi/lib/thumb/v7e-m+fp/hard\libc_nano.a(libc_a-impure.o)
 .ARM.attributes
                0x0000058b       0x34 C:/ST/STM32CubeIDE_1.15.0/STM32CubeIDE/plugins/com.st.stm32cube.ide.mcu.externaltools.gnu-tools-for-stm32.12.3.rel1.win32_1.0.100.202403111256/tools/bin/../lib/gcc/arm-none-eabi/12.3.1/../../../../arm-none-eabi/lib/thumb/v7e-m+fp/hard\libc_nano.a(libc_a-sbrkr.o)
 .ARM.attributes
                0x000005bf       0x34 C:/ST/STM32CubeIDE_1.15.0/STM32CubeIDE/plugins/com.st.stm32cube.ide.mcu.externaltools.gnu-tools-for-stm32.12.3.rel1.win32_1.0.100.202403111256/tools/bin/../lib/gcc/arm-none-eabi/12.3.1/../../../../arm-none-eabi/lib/thumb/v7e-m+fp/hard\libc_nano.a(libc_a-errno.o)
 .ARM.attributes
                0x000005f3       0x34 C:/ST/STM32CubeIDE_1.15.0/STM32CubeIDE/plugins/com.st.stm32cube.ide.mcu.externaltools.gnu-tools-for-stm32.12.3.rel1.win32_1.0.100.202403111256/tools/bin/../lib/gcc/arm-none-eabi/12.3.1/../../../../arm-none-eabi/lib/thumb/v7e-m+fp/hard\libc_nano.a(libc_a-init.o)
 .ARM.attributes
                0x00000627       0x34 C:/ST/STM32CubeIDE_1.15.0/STM32CubeIDE/plugins/com.st.stm32cube.ide.mcu.externaltools.gnu-tools-for-stm32.12.3.rel1.win32_1.0.100.202403111256/tools/bin/../lib/gcc/arm-none-eabi/12.3.1/../../../../arm-none-eabi/lib/thumb/v7e-m+fp/hard\libc_nano.a(libc_a-lock.o)
 .ARM.attributes
                0x0000065b       0x34 C:/ST/STM32CubeIDE_1.15.0/STM32CubeIDE/plugins/com.st.stm32cube.ide.mcu.externaltools.gnu-tools-for-stm32.12.3.rel1.win32_1.0.100.202403111256/tools/bin/../lib/gcc/arm-none-eabi/12.3.1/../../../../arm-none-eabi/lib/thumb/v7e-m+fp/hard\libc_nano.a(libc_a-memcpy-stub.o)
 .ARM.attributes
                0x0000068f       0x34 C:/ST/STM32CubeIDE_1.15.0/STM32CubeIDE/plugins/com.st.stm32cube.ide.mcu.externaltools.gnu-tools-for-stm32.12.3.rel1.win32_1.0.100.202403111256/tools/bin/../lib/gcc/arm-none-eabi/12.3.1/../../../../arm-none-eabi/lib/thumb/v7e-m+fp/hard\libc_nano.a(libc_a-freer.o)
 .ARM.attributes
                0x000006c3       0x22 C:/ST/STM32CubeIDE_1.15.0/STM32CubeIDE/plugins/com.st.stm32cube.ide.mcu.externaltools.gnu-tools-for-stm32.12.3.rel1.win32_1.0.100.202403111256/tools/bin/../lib/gcc/arm-none-eabi/12.3.1/thumb/v7e-m+fp/hard/crtn.o
OUTPUT(IOT-BLE.elf elf32-littlearm)
LOAD linker stubs
LOAD C:/ST/STM32CubeIDE_1.15.0/STM32CubeIDE/plugins/com.st.stm32cube.ide.mcu.externaltools.gnu-tools-for-stm32.12.3.rel1.win32_1.0.100.202403111256/tools/bin/../lib/gcc/arm-none-eabi/12.3.1/../../../../arm-none-eabi/lib/thumb/v7e-m+fp/hard\libc.a
LOAD C:/ST/STM32CubeIDE_1.15.0/STM32CubeIDE/plugins/com.st.stm32cube.ide.mcu.externaltools.gnu-tools-for-stm32.12.3.rel1.win32_1.0.100.202403111256/tools/bin/../lib/gcc/arm-none-eabi/12.3.1/../../../../arm-none-eabi/lib/thumb/v7e-m+fp/hard\libm.a
LOAD C:/ST/STM32CubeIDE_1.15.0/STM32CubeIDE/plugins/com.st.stm32cube.ide.mcu.externaltools.gnu-tools-for-stm32.12.3.rel1.win32_1.0.100.202403111256/tools/bin/../lib/gcc/arm-none-eabi/12.3.1/thumb/v7e-m+fp/hard\libgcc.a

.debug_info     0x00000000    0x19578
 .debug_info    0x00000000     0x22b4 ./Core/Src/enable.o
 .debug_info    0x000022b4     0x24e9 ./Core/Src/main.o
 .debug_info    0x0000479d     0x1860 ./Core/Src/sensors.o
 .debug_info    0x00005ffd     0x1542 ./Core/Src/stm32l4xx_hal_msp.o
 .debug_info    0x0000753f      0x789 ./Core/Src/stm32l4xx_it.o
 .debug_info    0x00007cc8      0x80d ./Core/Src/syscalls.o
 .debug_info    0x000084d5      0x5ec ./Core/Src/system_stm32l4xx.o
 .debug_info    0x00008ac1      0xba4 ./Drivers/STM32L4xx_HAL_Driver/Src/stm32l4xx_hal.o
 .debug_info    0x00009665      0xf7b ./Drivers/STM32L4xx_HAL_Driver/Src/stm32l4xx_hal_cortex.o
 .debug_info    0x0000a5e0      0x78e ./Drivers/STM32L4xx_HAL_Driver/Src/stm32l4xx_hal_gpio.o
 .debug_info    0x0000ad6e     0x3dac ./Drivers/STM32L4xx_HAL_Driver/Src/stm32l4xx_hal_i2c.o
 .debug_info    0x0000eb1a      0x988 ./Drivers/STM32L4xx_HAL_Driver/Src/stm32l4xx_hal_i2c_ex.o
 .debug_info    0x0000f4a2      0xa2c ./Drivers/STM32L4xx_HAL_Driver/Src/stm32l4xx_hal_pwr_ex.o
 .debug_info    0x0000fece      0xe5a ./Drivers/STM32L4xx_HAL_Driver/Src/stm32l4xx_hal_rcc.o
 .debug_info    0x00010d28     0x11ef ./Drivers/STM32L4xx_HAL_Driver/Src/stm32l4xx_hal_rcc_ex.o
 .debug_info    0x00011f17     0x2041 ./Drivers/STM32L4xx_HAL_Driver/Src/stm32l4xx_hal_spi.o
 .debug_info    0x00013f58     0x3a47 ./Drivers/STM32L4xx_HAL_Driver/Src/stm32l4xx_hal_tim.o
 .debug_info    0x0001799f     0x1ba9 ./Drivers/STM32L4xx_HAL_Driver/Src/stm32l4xx_hal_tim_ex.o
 .debug_info    0x00019548       0x30 ./startup/startup_stm32l475xx.o

.debug_abbrev   0x00000000     0x2bc3
 .debug_abbrev  0x00000000      0x2d8 ./Core/Src/enable.o
 .debug_abbrev  0x000002d8      0x344 ./Core/Src/main.o
 .debug_abbrev  0x0000061c      0x322 ./Core/Src/sensors.o
 .debug_abbrev  0x0000093e      0x250 ./Core/Src/stm32l4xx_hal_msp.o
 .debug_abbrev  0x00000b8e      0x1b1 ./Core/Src/stm32l4xx_it.o
 .debug_abbrev  0x00000d3f      0x1e8 ./Core/Src/syscalls.o
 .debug_abbrev  0x00000f27      0x145 ./Core/Src/system_stm32l4xx.o
 .debug_abbrev  0x0000106c      0x269 ./Drivers/STM32L4xx_HAL_Driver/Src/stm32l4xx_hal.o
 .debug_abbrev  0x000012d5      0x39d ./Drivers/STM32L4xx_HAL_Driver/Src/stm32l4xx_hal_cortex.o
 .debug_abbrev  0x00001672      0x1fb ./Drivers/STM32L4xx_HAL_Driver/Src/stm32l4xx_hal_gpio.o
 .debug_abbrev  0x0000186d      0x294 ./Drivers/STM32L4xx_HAL_Driver/Src/stm32l4xx_hal_i2c.o
 .debug_abbrev  0x00001b01      0x1c9 ./Drivers/STM32L4xx_HAL_Driver/Src/stm32l4xx_hal_i2c_ex.o
 .debug_abbrev  0x00001cca      0x217 ./Drivers/STM32L4xx_HAL_Driver/Src/stm32l4xx_hal_pwr_ex.o
 .debug_abbrev  0x00001ee1      0x2ad ./Drivers/STM32L4xx_HAL_Driver/Src/stm32l4xx_hal_rcc.o
 .debug_abbrev  0x0000218e      0x2ad ./Drivers/STM32L4xx_HAL_Driver/Src/stm32l4xx_hal_rcc_ex.o
 .debug_abbrev  0x0000243b      0x27f ./Drivers/STM32L4xx_HAL_Driver/Src/stm32l4xx_hal_spi.o
 .debug_abbrev  0x000026ba      0x27c ./Drivers/STM32L4xx_HAL_Driver/Src/stm32l4xx_hal_tim.o
 .debug_abbrev  0x00002936      0x269 ./Drivers/STM32L4xx_HAL_Driver/Src/stm32l4xx_hal_tim_ex.o
 .debug_abbrev  0x00002b9f       0x24 ./startup/startup_stm32l475xx.o

.debug_loclists
                0x00000000     0xbc0f
 .debug_loclists
                0x00000000      0x60e ./Core/Src/enable.o
 .debug_loclists
                0x0000060e       0x3e ./Core/Src/main.o
 .debug_loclists
                0x0000064c      0x1b7 ./Core/Src/sensors.o
 .debug_loclists
                0x00000803      0x102 ./Core/Src/stm32l4xx_hal_msp.o
 .debug_loclists
                0x00000905      0x29e ./Core/Src/syscalls.o
 .debug_loclists
                0x00000ba3      0x145 ./Core/Src/system_stm32l4xx.o
 .debug_loclists
                0x00000ce8      0x12f ./Drivers/STM32L4xx_HAL_Driver/Src/stm32l4xx_hal.o
 .debug_loclists
                0x00000e17      0x439 ./Drivers/STM32L4xx_HAL_Driver/Src/stm32l4xx_hal_cortex.o
 .debug_loclists
                0x00001250      0x26d ./Drivers/STM32L4xx_HAL_Driver/Src/stm32l4xx_hal_gpio.o
 .debug_loclists
                0x000014bd     0x2cb8 ./Drivers/STM32L4xx_HAL_Driver/Src/stm32l4xx_hal_i2c.o
 .debug_loclists
                0x00004175      0x11d ./Drivers/STM32L4xx_HAL_Driver/Src/stm32l4xx_hal_i2c_ex.o
 .debug_loclists
                0x00004292      0x593 ./Drivers/STM32L4xx_HAL_Driver/Src/stm32l4xx_hal_pwr_ex.o
 .debug_loclists
                0x00004825      0x529 ./Drivers/STM32L4xx_HAL_Driver/Src/stm32l4xx_hal_rcc.o
 .debug_loclists
                0x00004d4e     0x11ec ./Drivers/STM32L4xx_HAL_Driver/Src/stm32l4xx_hal_rcc_ex.o
 .debug_loclists
                0x00005f3a     0x1559 ./Drivers/STM32L4xx_HAL_Driver/Src/stm32l4xx_hal_spi.o
 .debug_loclists
                0x00007493     0x3164 ./Drivers/STM32L4xx_HAL_Driver/Src/stm32l4xx_hal_tim.o
 .debug_loclists
                0x0000a5f7     0x1618 ./Drivers/STM32L4xx_HAL_Driver/Src/stm32l4xx_hal_tim_ex.o

.debug_aranges  0x00000000     0x1238
 .debug_aranges
                0x00000000       0x78 ./Core/Src/enable.o
 .debug_aranges
                0x00000078       0x58 ./Core/Src/main.o
 .debug_aranges
                0x000000d0       0x80 ./Core/Src/sensors.o
 .debug_aranges
                0x00000150       0x68 ./Core/Src/stm32l4xx_hal_msp.o
 .debug_aranges
                0x000001b8       0x70 ./Core/Src/stm32l4xx_it.o
 .debug_aranges
                0x00000228       0xb0 ./Core/Src/syscalls.o
 .debug_aranges
                0x000002d8       0x28 ./Core/Src/system_stm32l4xx.o
 .debug_aranges
                0x00000300      0x130 ./Drivers/STM32L4xx_HAL_Driver/Src/stm32l4xx_hal.o
 .debug_aranges
                0x00000430       0xe0 ./Drivers/STM32L4xx_HAL_Driver/Src/stm32l4xx_hal_cortex.o
 .debug_aranges
                0x00000510       0x58 ./Drivers/STM32L4xx_HAL_Driver/Src/stm32l4xx_hal_gpio.o
 .debug_aranges
                0x00000568      0x290 ./Drivers/STM32L4xx_HAL_Driver/Src/stm32l4xx_hal_i2c.o
 .debug_aranges
                0x000007f8       0x48 ./Drivers/STM32L4xx_HAL_Driver/Src/stm32l4xx_hal_i2c_ex.o
 .debug_aranges
                0x00000840      0x150 ./Drivers/STM32L4xx_HAL_Driver/Src/stm32l4xx_hal_pwr_ex.o
 .debug_aranges
                0x00000990       0x88 ./Drivers/STM32L4xx_HAL_Driver/Src/stm32l4xx_hal_rcc.o
 .debug_aranges
                0x00000a18       0xc0 ./Drivers/STM32L4xx_HAL_Driver/Src/stm32l4xx_hal_rcc_ex.o
 .debug_aranges
                0x00000ad8      0x1d8 ./Drivers/STM32L4xx_HAL_Driver/Src/stm32l4xx_hal_spi.o
 .debug_aranges
                0x00000cb0      0x3e0 ./Drivers/STM32L4xx_HAL_Driver/Src/stm32l4xx_hal_tim.o
 .debug_aranges
                0x00001090      0x180 ./Drivers/STM32L4xx_HAL_Driver/Src/stm32l4xx_hal_tim_ex.o
 .debug_aranges
                0x00001210       0x28 ./startup/startup_stm32l475xx.o

.debug_rnglists
                0x00000000      0xe2b
 .debug_rnglists
                0x00000000       0x77 ./Core/Src/enable.o
 .debug_rnglists
                0x00000077       0x40 ./Core/Src/main.o
 .debug_rnglists
                0x000000b7       0x61 ./Core/Src/sensors.o
 .debug_rnglists
                0x00000118       0x49 ./Core/Src/stm32l4xx_hal_msp.o
 .debug_rnglists
                0x00000161       0x4f ./Core/Src/stm32l4xx_it.o
 .debug_rnglists
                0x000001b0       0x7f ./Core/Src/syscalls.o
 .debug_rnglists
                0x0000022f       0x1a ./Core/Src/system_stm32l4xx.o
 .debug_rnglists
                0x00000249       0xdf ./Drivers/STM32L4xx_HAL_Driver/Src/stm32l4xx_hal.o
 .debug_rnglists
                0x00000328       0xa3 ./Drivers/STM32L4xx_HAL_Driver/Src/stm32l4xx_hal_cortex.o
 .debug_rnglists
                0x000003cb       0x3f ./Drivers/STM32L4xx_HAL_Driver/Src/stm32l4xx_hal_gpio.o
 .debug_rnglists
                0x0000040a      0x20d ./Drivers/STM32L4xx_HAL_Driver/Src/stm32l4xx_hal_i2c.o
 .debug_rnglists
                0x00000617       0x31 ./Drivers/STM32L4xx_HAL_Driver/Src/stm32l4xx_hal_i2c_ex.o
 .debug_rnglists
                0x00000648       0xfd ./Drivers/STM32L4xx_HAL_Driver/Src/stm32l4xx_hal_pwr_ex.o
 .debug_rnglists
                0x00000745       0x76 ./Drivers/STM32L4xx_HAL_Driver/Src/stm32l4xx_hal_rcc.o
 .debug_rnglists
                0x000007bb       0xa3 ./Drivers/STM32L4xx_HAL_Driver/Src/stm32l4xx_hal_rcc_ex.o
 .debug_rnglists
                0x0000085e      0x171 ./Drivers/STM32L4xx_HAL_Driver/Src/stm32l4xx_hal_spi.o
 .debug_rnglists
                0x000009cf      0x312 ./Drivers/STM32L4xx_HAL_Driver/Src/stm32l4xx_hal_tim.o
 .debug_rnglists
                0x00000ce1      0x131 ./Drivers/STM32L4xx_HAL_Driver/Src/stm32l4xx_hal_tim_ex.o
 .debug_rnglists
                0x00000e12       0x19 ./startup/startup_stm32l475xx.o

.debug_macro    0x00000000    0x279b5
 .debug_macro   0x00000000      0x2fd ./Core/Src/enable.o
 .debug_macro   0x000002fd      0xaae ./Core/Src/enable.o
 .debug_macro   0x00000dab      0x1ad ./Core/Src/enable.o
 .debug_macro   0x00000f58       0x2e ./Core/Src/enable.o
 .debug_macro   0x00000f86       0x28 ./Core/Src/enable.o
 .debug_macro   0x00000fae       0x22 ./Core/Src/enable.o
 .debug_macro   0x00000fd0       0x8e ./Core/Src/enable.o
 .debug_macro   0x0000105e       0x51 ./Core/Src/enable.o
 .debug_macro   0x000010af      0x103 ./Core/Src/enable.o
 .debug_macro   0x000011b2       0x6a ./Core/Src/enable.o
 .debug_macro   0x0000121c      0x1df ./Core/Src/enable.o
 .debug_macro   0x000013fb       0x1c ./Core/Src/enable.o
 .debug_macro   0x00001417       0x22 ./Core/Src/enable.o
 .debug_macro   0x00001439       0xfb ./Core/Src/enable.o
 .debug_macro   0x00001534     0x1011 ./Core/Src/enable.o
 .debug_macro   0x00002545      0x11f ./Core/Src/enable.o
 .debug_macro   0x00002664    0x19db6 ./Core/Src/enable.o
 .debug_macro   0x0001c41a       0x43 ./Core/Src/enable.o
 .debug_macro   0x0001c45d     0x3890 ./Core/Src/enable.o
 .debug_macro   0x0001fced      0x189 ./Core/Src/enable.o
 .debug_macro   0x0001fe76       0x5c ./Core/Src/enable.o
 .debug_macro   0x0001fed2     0x1519 ./Core/Src/enable.o
 .debug_macro   0x000213eb      0x59e ./Core/Src/enable.o
 .debug_macro   0x00021989      0x13d ./Core/Src/enable.o
 .debug_macro   0x00021ac6      0x17d ./Core/Src/enable.o
 .debug_macro   0x00021c43      0x26b ./Core/Src/enable.o
 .debug_macro   0x00021eae      0x23d ./Core/Src/enable.o
 .debug_macro   0x000220eb      0x241 ./Core/Src/enable.o
 .debug_macro   0x0002232c      0x37c ./Core/Src/enable.o
 .debug_macro   0x000226a8       0xd6 ./Core/Src/enable.o
 .debug_macro   0x0002277e      0x22c ./Core/Src/enable.o
 .debug_macro   0x000229aa       0x61 ./Core/Src/enable.o
 .debug_macro   0x00022a0b       0xa5 ./Core/Src/enable.o
 .debug_macro   0x00022ab0      0x122 ./Core/Src/enable.o
 .debug_macro   0x00022bd2      0x3e9 ./Core/Src/enable.o
 .debug_macro   0x00022fbb      0x2fe ./Core/Src/enable.o
 .debug_macro   0x000232b9      0xa75 ./Core/Src/enable.o
 .debug_macro   0x00023d2e      0x1e7 ./Core/Src/enable.o
 .debug_macro   0x00023f15      0x331 ./Core/Src/enable.o
 .debug_macro   0x00024246       0x3a ./Core/Src/enable.o
 .debug_macro   0x00024280       0x22 ./Core/Src/enable.o
 .debug_macro   0x000242a2       0x2a ./Core/Src/enable.o
 .debug_macro   0x000242cc       0x61 ./Core/Src/enable.o
 .debug_macro   0x0002432d       0x43 ./Core/Src/enable.o
 .debug_macro   0x00024370       0x34 ./Core/Src/enable.o
 .debug_macro   0x000243a4       0x16 ./Core/Src/enable.o
 .debug_macro   0x000243ba       0x35 ./Core/Src/enable.o
 .debug_macro   0x000243ef       0x16 ./Core/Src/enable.o
 .debug_macro   0x00024405       0x43 ./Core/Src/enable.o
 .debug_macro   0x00024448       0x34 ./Core/Src/enable.o
 .debug_macro   0x0002447c       0x10 ./Core/Src/enable.o
 .debug_macro   0x0002448c       0x58 ./Core/Src/enable.o
 .debug_macro   0x000244e4       0x8e ./Core/Src/enable.o
 .debug_macro   0x00024572       0x1c ./Core/Src/enable.o
 .debug_macro   0x0002458e      0x177 ./Core/Src/enable.o
 .debug_macro   0x00024705      0x369 ./Core/Src/enable.o
 .debug_macro   0x00024a6e       0x16 ./Core/Src/enable.o
 .debug_macro   0x00024a84       0x29 ./Core/Src/enable.o
 .debug_macro   0x00024aad       0x16 ./Core/Src/enable.o
 .debug_macro   0x00024ac3       0x20 ./Core/Src/enable.o
 .debug_macro   0x00024ae3       0x1c ./Core/Src/enable.o
 .debug_macro   0x00024aff      0x206 ./Core/Src/main.o
 .debug_macro   0x00024d05      0x2bf ./Core/Src/sensors.o
 .debug_macro   0x00024fc4      0x1e9 ./Core/Src/stm32l4xx_hal_msp.o
 .debug_macro   0x000251ad      0x206 ./Core/Src/stm32l4xx_it.o
 .debug_macro   0x000253b3      0x274 ./Core/Src/syscalls.o
 .debug_macro   0x00025627       0x5b ./Core/Src/syscalls.o
 .debug_macro   0x00025682       0x94 ./Core/Src/syscalls.o
 .debug_macro   0x00025716       0x57 ./Core/Src/syscalls.o
 .debug_macro   0x0002576d       0x10 ./Core/Src/syscalls.o
 .debug_macro   0x0002577d       0x10 ./Core/Src/syscalls.o
 .debug_macro   0x0002578d       0x10 ./Core/Src/syscalls.o
 .debug_macro   0x0002579d       0x10 ./Core/Src/syscalls.o
 .debug_macro   0x000257ad       0x1c ./Core/Src/syscalls.o
 .debug_macro   0x000257c9       0x52 ./Core/Src/syscalls.o
 .debug_macro   0x0002581b       0x22 ./Core/Src/syscalls.o
 .debug_macro   0x0002583d       0x10 ./Core/Src/syscalls.o
 .debug_macro   0x0002584d       0x52 ./Core/Src/syscalls.o
 .debug_macro   0x0002589f       0xcf ./Core/Src/syscalls.o
 .debug_macro   0x0002596e       0x1c ./Core/Src/syscalls.o
 .debug_macro   0x0002598a       0x3d ./Core/Src/syscalls.o
 .debug_macro   0x000259c7       0x35 ./Core/Src/syscalls.o
 .debug_macro   0x000259fc      0x12c ./Core/Src/syscalls.o
 .debug_macro   0x00025b28       0x10 ./Core/Src/syscalls.o
 .debug_macro   0x00025b38      0x242 ./Core/Src/syscalls.o
 .debug_macro   0x00025d7a       0x1c ./Core/Src/syscalls.o
 .debug_macro   0x00025d96       0x10 ./Core/Src/syscalls.o
 .debug_macro   0x00025da6       0x10 ./Core/Src/syscalls.o
 .debug_macro   0x00025db6       0x16 ./Core/Src/syscalls.o
 .debug_macro   0x00025dcc      0x146 ./Core/Src/syscalls.o
 .debug_macro   0x00025f12      0x18a ./Core/Src/syscalls.o
 .debug_macro   0x0002609c       0x16 ./Core/Src/syscalls.o
 .debug_macro   0x000260b2       0xce ./Core/Src/syscalls.o
 .debug_macro   0x00026180      0x1e0 ./Core/Src/system_stm32l4xx.o
 .debug_macro   0x00026360      0x228 ./Drivers/STM32L4xx_HAL_Driver/Src/stm32l4xx_hal.o
 .debug_macro   0x00026588      0x1da ./Drivers/STM32L4xx_HAL_Driver/Src/stm32l4xx_hal_cortex.o
 .debug_macro   0x00026762      0x219 ./Drivers/STM32L4xx_HAL_Driver/Src/stm32l4xx_hal_gpio.o
 .debug_macro   0x0002697b      0x29f ./Drivers/STM32L4xx_HAL_Driver/Src/stm32l4xx_hal_i2c.o
 .debug_macro   0x00026c1a      0x1da ./Drivers/STM32L4xx_HAL_Driver/Src/stm32l4xx_hal_i2c_ex.o
 .debug_macro   0x00026df4      0x1fe ./Drivers/STM32L4xx_HAL_Driver/Src/stm32l4xx_hal_pwr_ex.o
 .debug_macro   0x00026ff2      0x21c ./Drivers/STM32L4xx_HAL_Driver/Src/stm32l4xx_hal_rcc.o
 .debug_macro   0x0002720e      0x210 ./Drivers/STM32L4xx_HAL_Driver/Src/stm32l4xx_hal_rcc_ex.o
 .debug_macro   0x0002741e      0x1e2 ./Drivers/STM32L4xx_HAL_Driver/Src/stm32l4xx_hal_spi.o
 .debug_macro   0x00027600      0x1db ./Drivers/STM32L4xx_HAL_Driver/Src/stm32l4xx_hal_tim.o
 .debug_macro   0x000277db      0x1da ./Drivers/STM32L4xx_HAL_Driver/Src/stm32l4xx_hal_tim_ex.o

.debug_line     0x00000000    0x1b6ac
 .debug_line    0x00000000     0x1168 ./Core/Src/enable.o
 .debug_line    0x00001168      0xc8b ./Core/Src/main.o
 .debug_line    0x00001df3      0xe81 ./Core/Src/sensors.o
 .debug_line    0x00002c74      0x9c6 ./Core/Src/stm32l4xx_hal_msp.o
 .debug_line    0x0000363a      0x8ca ./Core/Src/stm32l4xx_it.o
 .debug_line    0x00003f04      0x981 ./Core/Src/syscalls.o
 .debug_line    0x00004885      0x8bf ./Core/Src/system_stm32l4xx.o
 .debug_line    0x00005144      0xc1e ./Drivers/STM32L4xx_HAL_Driver/Src/stm32l4xx_hal.o
 .debug_line    0x00005d62      0xdba ./Drivers/STM32L4xx_HAL_Driver/Src/stm32l4xx_hal_cortex.o
 .debug_line    0x00006b1c      0xcab ./Drivers/STM32L4xx_HAL_Driver/Src/stm32l4xx_hal_gpio.o
 .debug_line    0x000077c7     0x4f1d ./Drivers/STM32L4xx_HAL_Driver/Src/stm32l4xx_hal_i2c.o
 .debug_line    0x0000c6e4      0xab0 ./Drivers/STM32L4xx_HAL_Driver/Src/stm32l4xx_hal_i2c_ex.o
 .debug_line    0x0000d194      0xfe0 ./Drivers/STM32L4xx_HAL_Driver/Src/stm32l4xx_hal_pwr_ex.o
 .debug_line    0x0000e174     0x140b ./Drivers/STM32L4xx_HAL_Driver/Src/stm32l4xx_hal_rcc.o
 .debug_line    0x0000f57f     0x1a6c ./Drivers/STM32L4xx_HAL_Driver/Src/stm32l4xx_hal_rcc_ex.o
 .debug_line    0x00010feb     0x2e7d ./Drivers/STM32L4xx_HAL_Driver/Src/stm32l4xx_hal_spi.o
 .debug_line    0x00013e68     0x51a4 ./Drivers/STM32L4xx_HAL_Driver/Src/stm32l4xx_hal_tim.o
 .debug_line    0x0001900c     0x2627 ./Drivers/STM32L4xx_HAL_Driver/Src/stm32l4xx_hal_tim_ex.o
 .debug_line    0x0001b633       0x79 ./startup/startup_stm32l475xx.o

.debug_str      0x00000000    0xf2ed0
 .debug_str     0x00000000    0xeb434 ./Core/Src/enable.o
                              0xeb796 (size before relaxing)
 .debug_str     0x000eb434     0x12b6 ./Core/Src/main.o
                              0xe91a8 (size before relaxing)
 .debug_str     0x000ec6ea      0x1b6 ./Core/Src/sensors.o
                              0xeaf0e (size before relaxing)
 .debug_str     0x000ec8a0      0x10c ./Core/Src/stm32l4xx_hal_msp.o
                              0xe8791 (size before relaxing)
 .debug_str     0x000ec9ac      0x108 ./Core/Src/stm32l4xx_it.o
                              0xe7c8e (size before relaxing)
 .debug_str     0x000ecab4     0x2615 ./Core/Src/syscalls.o
                               0x98b5 (size before relaxing)
 .debug_str     0x000ef0c9      0x107 ./Core/Src/system_stm32l4xx.o
                              0xe7746 (size before relaxing)
 .debug_str     0x000ef1d0      0x631 ./Drivers/STM32L4xx_HAL_Driver/Src/stm32l4xx_hal.o
                              0xe82b5 (size before relaxing)
 .debug_str     0x000ef801      0x31d ./Drivers/STM32L4xx_HAL_Driver/Src/stm32l4xx_hal_cortex.o
                              0xe7f69 (size before relaxing)
 .debug_str     0x000efb1e      0x1ce ./Drivers/STM32L4xx_HAL_Driver/Src/stm32l4xx_hal_gpio.o
                              0xe7979 (size before relaxing)
 .debug_str     0x000efcec      0xd36 ./Drivers/STM32L4xx_HAL_Driver/Src/stm32l4xx_hal_i2c.o
                              0xe8893 (size before relaxing)
 .debug_str     0x000f0a22       0xb8 ./Drivers/STM32L4xx_HAL_Driver/Src/stm32l4xx_hal_i2c_ex.o
                              0xe7c4c (size before relaxing)
 .debug_str     0x000f0ada      0x4a8 ./Drivers/STM32L4xx_HAL_Driver/Src/stm32l4xx_hal_pwr_ex.o
                              0xe7c4b (size before relaxing)
 .debug_str     0x000f0f82      0x384 ./Drivers/STM32L4xx_HAL_Driver/Src/stm32l4xx_hal_rcc.o
                              0xe7d54 (size before relaxing)
 .debug_str     0x000f1306      0x3bf ./Drivers/STM32L4xx_HAL_Driver/Src/stm32l4xx_hal_rcc_ex.o
                              0xe7eea (size before relaxing)
 .debug_str     0x000f16c5      0x549 ./Drivers/STM32L4xx_HAL_Driver/Src/stm32l4xx_hal_spi.o
                              0xe7f3b (size before relaxing)
 .debug_str     0x000f1c0e      0xdae ./Drivers/STM32L4xx_HAL_Driver/Src/stm32l4xx_hal_tim.o
                              0xe8a5b (size before relaxing)
 .debug_str     0x000f29bc      0x4d7 ./Drivers/STM32L4xx_HAL_Driver/Src/stm32l4xx_hal_tim_ex.o
                              0xe83a1 (size before relaxing)
 .debug_str     0x000f2e93       0x3d ./startup/startup_stm32l475xx.o
                                 0x5e (size before relaxing)

.comment        0x00000000       0x43
 .comment       0x00000000       0x43 ./Core/Src/enable.o
                                 0x44 (size before relaxing)
 .comment       0x00000043       0x44 ./Core/Src/main.o
 .comment       0x00000043       0x44 ./Core/Src/sensors.o
 .comment       0x00000043       0x44 ./Core/Src/stm32l4xx_hal_msp.o
 .comment       0x00000043       0x44 ./Core/Src/stm32l4xx_it.o
 .comment       0x00000043       0x44 ./Core/Src/syscalls.o
 .comment       0x00000043       0x44 ./Core/Src/system_stm32l4xx.o
 .comment       0x00000043       0x44 ./Drivers/STM32L4xx_HAL_Driver/Src/stm32l4xx_hal.o
 .comment       0x00000043       0x44 ./Drivers/STM32L4xx_HAL_Driver/Src/stm32l4xx_hal_cortex.o
 .comment       0x00000043       0x44 ./Drivers/STM32L4xx_HAL_Driver/Src/stm32l4xx_hal_gpio.o
 .comment       0x00000043       0x44 ./Drivers/STM32L4xx_HAL_Driver/Src/stm32l4xx_hal_i2c.o
 .comment       0x00000043       0x44 ./Drivers/STM32L4xx_HAL_Driver/Src/stm32l4xx_hal_i2c_ex.o
 .comment       0x00000043       0x44 ./Drivers/STM32L4xx_HAL_Driver/Src/stm32l4xx_hal_pwr_ex.o
 .comment       0x00000043       0x44 ./Drivers/STM32L4xx_HAL_Driver/Src/stm32l4xx_hal_rcc.o
 .comment       0x00000043       0x44 ./Drivers/STM32L4xx_HAL_Driver/Src/stm32l4xx_hal_rcc_ex.o
 .comment       0x00000043       0x44 ./Drivers/STM32L4xx_HAL_Driver/Src/stm32l4xx_hal_spi.o
 .comment       0x00000043       0x44 ./Drivers/STM32L4xx_HAL_Driver/Src/stm32l4xx_hal_tim.o
 .comment       0x00000043       0x44 ./Drivers/STM32L4xx_HAL_Driver/Src/stm32l4xx_hal_tim_ex.o

.debug_frame    0x00000000     0x36b4
 .debug_frame   0x00000000      0x1d0 ./Core/Src/enable.o
 .debug_frame   0x000001d0      0x100 ./Core/Src/main.o
 .debug_frame   0x000002d0      0x1b4 ./Core/Src/sensors.o
 .debug_frame   0x00000484      0x114 ./Core/Src/stm32l4xx_hal_msp.o
 .debug_frame   0x00000598       0xd8 ./Core/Src/stm32l4xx_it.o
 .debug_frame   0x00000670      0x1a8 ./Core/Src/syscalls.o
 .debug_frame   0x00000818       0x30 ./Core/Src/system_stm32l4xx.o
 .debug_frame   0x00000848      0x274 ./Drivers/STM32L4xx_HAL_Driver/Src/stm32l4xx_hal.o
 .debug_frame   0x00000abc      0x1e4 ./Drivers/STM32L4xx_HAL_Driver/Src/stm32l4xx_hal_cortex.o
 .debug_frame   0x00000ca0       0xd0 ./Drivers/STM32L4xx_HAL_Driver/Src/stm32l4xx_hal_gpio.o
 .debug_frame   0x00000d70      0x934 ./Drivers/STM32L4xx_HAL_Driver/Src/stm32l4xx_hal_i2c.o
 .debug_frame   0x000016a4       0x80 ./Drivers/STM32L4xx_HAL_Driver/Src/stm32l4xx_hal_i2c_ex.o
 .debug_frame   0x00001724      0x298 ./Drivers/STM32L4xx_HAL_Driver/Src/stm32l4xx_hal_pwr_ex.o
 .debug_frame   0x000019bc      0x18c ./Drivers/STM32L4xx_HAL_Driver/Src/stm32l4xx_hal_rcc.o
 .debug_frame   0x00001b48      0x204 ./Drivers/STM32L4xx_HAL_Driver/Src/stm32l4xx_hal_rcc_ex.o
 .debug_frame   0x00001d4c      0x5d8 ./Drivers/STM32L4xx_HAL_Driver/Src/stm32l4xx_hal_spi.o
 .debug_frame   0x00002324      0xb4c ./Drivers/STM32L4xx_HAL_Driver/Src/stm32l4xx_hal_tim.o
 .debug_frame   0x00002e70      0x470 ./Drivers/STM32L4xx_HAL_Driver/Src/stm32l4xx_hal_tim_ex.o
 .debug_frame   0x000032e0       0x30 C:/ST/STM32CubeIDE_1.15.0/STM32CubeIDE/plugins/com.st.stm32cube.ide.mcu.externaltools.gnu-tools-for-stm32.12.3.rel1.win32_1.0.100.202403111256/tools/bin/../lib/gcc/arm-none-eabi/12.3.1/../../../../arm-none-eabi/lib/thumb/v7e-m+fp/hard\libc_nano.a(libc_a-malloc.o)
 .debug_frame   0x00003310       0x50 C:/ST/STM32CubeIDE_1.15.0/STM32CubeIDE/plugins/com.st.stm32cube.ide.mcu.externaltools.gnu-tools-for-stm32.12.3.rel1.win32_1.0.100.202403111256/tools/bin/../lib/gcc/arm-none-eabi/12.3.1/../../../../arm-none-eabi/lib/thumb/v7e-m+fp/hard\libc_nano.a(libc_a-mallocr.o)
 .debug_frame   0x00003360       0x30 C:/ST/STM32CubeIDE_1.15.0/STM32CubeIDE/plugins/com.st.stm32cube.ide.mcu.externaltools.gnu-tools-for-stm32.12.3.rel1.win32_1.0.100.202403111256/tools/bin/../lib/gcc/arm-none-eabi/12.3.1/../../../../arm-none-eabi/lib/thumb/v7e-m+fp/hard\libc_nano.a(libc_a-mlock.o)
 .debug_frame   0x00003390      0x144 C:/ST/STM32CubeIDE_1.15.0/STM32CubeIDE/plugins/com.st.stm32cube.ide.mcu.externaltools.gnu-tools-for-stm32.12.3.rel1.win32_1.0.100.202403111256/tools/bin/../lib/gcc/arm-none-eabi/12.3.1/../../../../arm-none-eabi/lib/thumb/v7e-m+fp/hard\libc_nano.a(libc_a-findfp.o)
 .debug_frame   0x000034d4       0x20 C:/ST/STM32CubeIDE_1.15.0/STM32CubeIDE/plugins/com.st.stm32cube.ide.mcu.externaltools.gnu-tools-for-stm32.12.3.rel1.win32_1.0.100.202403111256/tools/bin/../lib/gcc/arm-none-eabi/12.3.1/../../../../arm-none-eabi/lib/thumb/v7e-m+fp/hard\libc_nano.a(libc_a-memset.o)
 .debug_frame   0x000034f4       0x38 C:/ST/STM32CubeIDE_1.15.0/STM32CubeIDE/plugins/com.st.stm32cube.ide.mcu.externaltools.gnu-tools-for-stm32.12.3.rel1.win32_1.0.100.202403111256/tools/bin/../lib/gcc/arm-none-eabi/12.3.1/../../../../arm-none-eabi/lib/thumb/v7e-m+fp/hard\libc_nano.a(libc_a-reent.o)
 .debug_frame   0x0000352c       0x2c C:/ST/STM32CubeIDE_1.15.0/STM32CubeIDE/plugins/com.st.stm32cube.ide.mcu.externaltools.gnu-tools-for-stm32.12.3.rel1.win32_1.0.100.202403111256/tools/bin/../lib/gcc/arm-none-eabi/12.3.1/../../../../arm-none-eabi/lib/thumb/v7e-m+fp/hard\libc_nano.a(libc_a-sbrkr.o)
 .debug_frame   0x00003558       0x20 C:/ST/STM32CubeIDE_1.15.0/STM32CubeIDE/plugins/com.st.stm32cube.ide.mcu.externaltools.gnu-tools-for-stm32.12.3.rel1.win32_1.0.100.202403111256/tools/bin/../lib/gcc/arm-none-eabi/12.3.1/../../../../arm-none-eabi/lib/thumb/v7e-m+fp/hard\libc_nano.a(libc_a-errno.o)
 .debug_frame   0x00003578       0x2c C:/ST/STM32CubeIDE_1.15.0/STM32CubeIDE/plugins/com.st.stm32cube.ide.mcu.externaltools.gnu-tools-for-stm32.12.3.rel1.win32_1.0.100.202403111256/tools/bin/../lib/gcc/arm-none-eabi/12.3.1/../../../../arm-none-eabi/lib/thumb/v7e-m+fp/hard\libc_nano.a(libc_a-init.o)
 .debug_frame   0x000035a4       0xb0 C:/ST/STM32CubeIDE_1.15.0/STM32CubeIDE/plugins/com.st.stm32cube.ide.mcu.externaltools.gnu-tools-for-stm32.12.3.rel1.win32_1.0.100.202403111256/tools/bin/../lib/gcc/arm-none-eabi/12.3.1/../../../../arm-none-eabi/lib/thumb/v7e-m+fp/hard\libc_nano.a(libc_a-lock.o)
 .debug_frame   0x00003654       0x28 C:/ST/STM32CubeIDE_1.15.0/STM32CubeIDE/plugins/com.st.stm32cube.ide.mcu.externaltools.gnu-tools-for-stm32.12.3.rel1.win32_1.0.100.202403111256/tools/bin/../lib/gcc/arm-none-eabi/12.3.1/../../../../arm-none-eabi/lib/thumb/v7e-m+fp/hard\libc_nano.a(libc_a-memcpy-stub.o)
 .debug_frame   0x0000367c       0x38 C:/ST/STM32CubeIDE_1.15.0/STM32CubeIDE/plugins/com.st.stm32cube.ide.mcu.externaltools.gnu-tools-for-stm32.12.3.rel1.win32_1.0.100.202403111256/tools/bin/../lib/gcc/arm-none-eabi/12.3.1/../../../../arm-none-eabi/lib/thumb/v7e-m+fp/hard\libc_nano.a(libc_a-freer.o)

.debug_line_str
                0x00000000       0x42
 .debug_line_str
                0x00000000       0x42 ./startup/startup_stm32l475xx.o
