../Core/Src/enable.c:142:5:fetchBleEvent	56	static
../Core/Src/enable.c:196:5:checkEventResp	4	static
../Core/Src/enable.c:210:6:sendCommand	40	static
../Core/Src/enable.c:258:6:setConnectable	16	static
../Core/Src/enable.c:239:6:catchBLE	8	static
../Core/Src/enable.c:476:5:BLE_command	24	static
../Core/Src/enable.c:501:6:addService	24	static
../Core/Src/enable.c:517:6:addCharacteristic	24	static
../Core/Src/enable.c:541:6:updateCharValue	32	static
../Core/Src/enable.c:41:6:ble_init	24	static
../Core/Src/enable.c:299:6:updateSignedMillesimal	48	static
../Core/Src/enable.c:393:6:updateSignedFloat	56	static
