../Core/Src/enable.c:390:5:fetchBleEvent	56	static
../Core/Src/enable.c:444:5:checkEventResp	4	static
../Core/Src/enable.c:458:6:sendCommand	40	static
../Core/Src/enable.c:506:6:setConnectable	16	static
../Core/Src/enable.c:487:6:catchBLE	8	static
../Core/Src/enable.c:724:5:BLE_command	24	static
../Core/Src/enable.c:749:6:addService	24	static
../Core/Src/enable.c:765:6:addCharacteristic	24	static
../Core/Src/enable.c:789:6:updateCharValue	32	static
../Core/Src/enable.c:152:6:ble_init	40	static
../Core/Src/enable.c:547:6:updateSignedMillesimal	48	static
../Core/Src/enable.c:641:6:updateSignedFloat	56	static
