Archive member included to satisfy reference by file (symbol)

c:/progra~2/gnuarm~1/102021~1.10/bin/../lib/gcc/arm-none-eabi/10.3.1/../../../../arm-none-eabi/lib/thumb/v7e-m+fp/hard\libc_nano.a(lib_a-exit.o)
                              c:/progra~2/gnuarm~1/102021~1.10/bin/../lib/gcc/arm-none-eabi/10.3.1/../../../../arm-none-eabi/lib/thumb/v7e-m+fp/hard/crt0.o (exit)
c:/progra~2/gnuarm~1/102021~1.10/bin/../lib/gcc/arm-none-eabi/10.3.1/../../../../arm-none-eabi/lib/thumb/v7e-m+fp/hard\libc_nano.a(lib_a-impure.o)
                              c:/progra~2/gnuarm~1/102021~1.10/bin/../lib/gcc/arm-none-eabi/10.3.1/../../../../arm-none-eabi/lib/thumb/v7e-m+fp/hard\libc_nano.a(lib_a-exit.o) (_global_impure_ptr)
c:/progra~2/gnuarm~1/102021~1.10/bin/../lib/gcc/arm-none-eabi/10.3.1/../../../../arm-none-eabi/lib/thumb/v7e-m+fp/hard\libc_nano.a(lib_a-init.o)
                              c:/progra~2/gnuarm~1/102021~1.10/bin/../lib/gcc/arm-none-eabi/10.3.1/../../../../arm-none-eabi/lib/thumb/v7e-m+fp/hard/crt0.o (__libc_init_array)
c:/progra~2/gnuarm~1/102021~1.10/bin/../lib/gcc/arm-none-eabi/10.3.1/../../../../arm-none-eabi/lib/thumb/v7e-m+fp/hard\libc_nano.a(lib_a-memset.o)
                              c:/progra~2/gnuarm~1/102021~1.10/bin/../lib/gcc/arm-none-eabi/10.3.1/../../../../arm-none-eabi/lib/thumb/v7e-m+fp/hard/crt0.o (memset)
c:/progra~2/gnuarm~1/102021~1.10/bin/../lib/gcc/arm-none-eabi/10.3.1/../../../../arm-none-eabi/lib/thumb/v7e-m+fp/hard\libc_nano.a(lib_a-nano-vfprintf_float.o)
                              (_printf_float)
c:/progra~2/gnuarm~1/102021~1.10/bin/../lib/gcc/arm-none-eabi/10.3.1/../../../../arm-none-eabi/lib/thumb/v7e-m+fp/hard\libc_nano.a(lib_a-nano-vfprintf_i.o)
                              c:/progra~2/gnuarm~1/102021~1.10/bin/../lib/gcc/arm-none-eabi/10.3.1/../../../../arm-none-eabi/lib/thumb/v7e-m+fp/hard\libc_nano.a(lib_a-nano-vfprintf_float.o) (_printf_common)
c:/progra~2/gnuarm~1/102021~1.10/bin/../lib/gcc/arm-none-eabi/10.3.1/../../../../arm-none-eabi/lib/thumb/v7e-m+fp/hard\libc_nano.a(lib_a-strlen.o)
                              c:/progra~2/gnuarm~1/102021~1.10/bin/../lib/gcc/arm-none-eabi/10.3.1/../../../../arm-none-eabi/lib/thumb/v7e-m+fp/hard\libc_nano.a(lib_a-nano-vfprintf_float.o) (strlen)
c:/progra~2/gnuarm~1/102021~1.10/bin/../lib/gcc/arm-none-eabi/10.3.1/../../../../arm-none-eabi/lib/thumb/v7e-m+fp/hard\libc_nano.a(lib_a-dtoa.o)
                              c:/progra~2/gnuarm~1/102021~1.10/bin/../lib/gcc/arm-none-eabi/10.3.1/../../../../arm-none-eabi/lib/thumb/v7e-m+fp/hard\libc_nano.a(lib_a-nano-vfprintf_float.o) (_dtoa_r)
c:/progra~2/gnuarm~1/102021~1.10/bin/../lib/gcc/arm-none-eabi/10.3.1/../../../../arm-none-eabi/lib/thumb/v7e-m+fp/hard\libc_nano.a(lib_a-localeconv.o)
                              c:/progra~2/gnuarm~1/102021~1.10/bin/../lib/gcc/arm-none-eabi/10.3.1/../../../../arm-none-eabi/lib/thumb/v7e-m+fp/hard\libc_nano.a(lib_a-nano-vfprintf_float.o) (_localeconv_r)
c:/progra~2/gnuarm~1/102021~1.10/bin/../lib/gcc/arm-none-eabi/10.3.1/../../../../arm-none-eabi/lib/thumb/v7e-m+fp/hard\libc_nano.a(lib_a-malloc.o)
                              c:/progra~2/gnuarm~1/102021~1.10/bin/../lib/gcc/arm-none-eabi/10.3.1/../../../../arm-none-eabi/lib/thumb/v7e-m+fp/hard\libc_nano.a(lib_a-dtoa.o) (malloc)
c:/progra~2/gnuarm~1/102021~1.10/bin/../lib/gcc/arm-none-eabi/10.3.1/../../../../arm-none-eabi/lib/thumb/v7e-m+fp/hard\libc_nano.a(lib_a-memchr.o)
                              c:/progra~2/gnuarm~1/102021~1.10/bin/../lib/gcc/arm-none-eabi/10.3.1/../../../../arm-none-eabi/lib/thumb/v7e-m+fp/hard\libc_nano.a(lib_a-nano-vfprintf_i.o) (memchr)
c:/progra~2/gnuarm~1/102021~1.10/bin/../lib/gcc/arm-none-eabi/10.3.1/../../../../arm-none-eabi/lib/thumb/v7e-m+fp/hard\libc_nano.a(lib_a-memcpy-stub.o)
                              c:/progra~2/gnuarm~1/102021~1.10/bin/../lib/gcc/arm-none-eabi/10.3.1/../../../../arm-none-eabi/lib/thumb/v7e-m+fp/hard\libc_nano.a(lib_a-dtoa.o) (memcpy)
c:/progra~2/gnuarm~1/102021~1.10/bin/../lib/gcc/arm-none-eabi/10.3.1/../../../../arm-none-eabi/lib/thumb/v7e-m+fp/hard\libc_nano.a(lib_a-mprec.o)
                              c:/progra~2/gnuarm~1/102021~1.10/bin/../lib/gcc/arm-none-eabi/10.3.1/../../../../arm-none-eabi/lib/thumb/v7e-m+fp/hard\libc_nano.a(lib_a-dtoa.o) (_Balloc)
c:/progra~2/gnuarm~1/102021~1.10/bin/../lib/gcc/arm-none-eabi/10.3.1/../../../../arm-none-eabi/lib/thumb/v7e-m+fp/hard\libc_nano.a(lib_a-nano-callocr.o)
                              c:/progra~2/gnuarm~1/102021~1.10/bin/../lib/gcc/arm-none-eabi/10.3.1/../../../../arm-none-eabi/lib/thumb/v7e-m+fp/hard\libc_nano.a(lib_a-mprec.o) (_calloc_r)
c:/progra~2/gnuarm~1/102021~1.10/bin/../lib/gcc/arm-none-eabi/10.3.1/../../../../arm-none-eabi/lib/thumb/v7e-m+fp/hard\libc_nano.a(lib_a-nano-freer.o)
                              c:/progra~2/gnuarm~1/102021~1.10/bin/../lib/gcc/arm-none-eabi/10.3.1/../../../../arm-none-eabi/lib/thumb/v7e-m+fp/hard\libc_nano.a(lib_a-malloc.o) (_free_r)
[...]
Memory Configuration

Name             Origin             Length             Attributes
RAM              0x20000000         0x00018000         xrw
RAM2             0x10000000         0x00008000         xrw
FLASH            0x08000000         0x00100000         xr
*default*        0x00000000         0xffffffff

Linker script and memory map

LOAD c:/progra~2/gnuarm~1/102021~1.10/bin/../lib/gcc/arm-none-eabi/10.3.1/thumb/v7e-m+fp/hard/crti.o
LOAD c:/progra~2/gnuarm~1/102021~1.10/bin/../lib/gcc/arm-none-eabi/10.3.1/thumb/v7e-m+fp/hard/crtbegin.o
LOAD c:/progra~2/gnuarm~1/102021~1.10/bin/../lib/gcc/arm-none-eabi/10.3.1/../../../../arm-none-eabi/lib/thumb/v7e-m+fp/hard/crt0.o
START GROUP
LOAD c:/progra~2/gnuarm~1/102021~1.10/bin/../lib/gcc/arm-none-eabi/10.3.1/../../../../arm-none-eabi/lib/thumb/v7e-m+fp/hard\libc_nano.a
LOAD c:/progra~2/gnuarm~1/102021~1.10/bin/../lib/gcc/arm-none-eabi/10.3.1/../../../../arm-none-eabi/lib/thumb/v7e-m+fp/hard\libm.a
END GROUP
LOAD CMakeFiles/final.dir/FOC/AS5600.c.obj
LOAD CMakeFiles/final.dir/FOC/foc.c.obj
LOAD CMakeFiles/final.dir/ST7789/fonts.c.obj
LOAD CMakeFiles/final.dir/ST7789/st7789.c.obj
LOAD CMakeFiles/final.dir/USB_media/keyboard.c.obj
LOAD CMakeFiles/final.dir/Core/Src/main.c.obj
LOAD CMakeFiles/final.dir/Core/Src/gpio.c.obj
LOAD CMakeFiles/final.dir/Core/Src/dfsdm.c.obj
LOAD CMakeFiles/final.dir/Core/Src/dma.c.obj
LOAD CMakeFiles/final.dir/Core/Src/i2c.c.obj
LOAD CMakeFiles/final.dir/Core/Src/quadspi.c.obj
LOAD CMakeFiles/final.dir/Core/Src/spi.c.obj
LOAD CMakeFiles/final.dir/Core/Src/tim.c.obj
LOAD CMakeFiles/final.dir/Core/Src/usart.c.obj
LOAD CMakeFiles/final.dir/Core/Src/stm32l4xx_it.c.obj
LOAD CMakeFiles/final.dir/Core/Src/stm32l4xx_hal_msp.c.obj
LOAD CMakeFiles/final.dir/USB_DEVICE/App/usb_device.c.obj
LOAD CMakeFiles/final.dir/USB_DEVICE/App/usbd_desc.c.obj
LOAD CMakeFiles/final.dir/USB_DEVICE/App/usbd_custom_hid_if.c.obj
LOAD CMakeFiles/final.dir/USB_DEVICE/Target/usbd_conf.c.obj
LOAD CMakeFiles/final.dir/Drivers/STM32L4xx_HAL_Driver/Src/stm32l4xx_hal_pcd.c.obj
LOAD CMakeFiles/final.dir/Drivers/STM32L4xx_HAL_Driver/Src/stm32l4xx_hal_pcd_ex.c.obj
LOAD CMakeFiles/final.dir/Drivers/STM32L4xx_HAL_Driver/Src/stm32l4xx_ll_usb.c.obj
LOAD CMakeFiles/final.dir/Drivers/STM32L4xx_HAL_Driver/Src/stm32l4xx_hal.c.obj
LOAD CMakeFiles/final.dir/Drivers/STM32L4xx_HAL_Driver/Src/stm32l4xx_hal_rcc.c.obj
LOAD CMakeFiles/final.dir/Drivers/STM32L4xx_HAL_Driver/Src/stm32l4xx_hal_rcc_ex.c.obj
LOAD CMakeFiles/final.dir/Drivers/STM32L4xx_HAL_Driver/Src/stm32l4xx_hal_flash.c.obj
LOAD CMakeFiles/final.dir/Drivers/STM32L4xx_HAL_Driver/Src/stm32l4xx_hal_flash_ex.c.obj
LOAD CMakeFiles/final.dir/Drivers/STM32L4xx_HAL_Driver/Src/stm32l4xx_hal_flash_ramfunc.c.obj
LOAD CMakeFiles/final.dir/Drivers/STM32L4xx_HAL_Driver/Src/stm32l4xx_hal_gpio.c.obj
LOAD CMakeFiles/final.dir/Drivers/STM32L4xx_HAL_Driver/Src/stm32l4xx_hal_i2c.c.obj
LOAD CMakeFiles/final.dir/Drivers/STM32L4xx_HAL_Driver/Src/stm32l4xx_hal_i2c_ex.c.obj
LOAD CMakeFiles/final.dir/Drivers/STM32L4xx_HAL_Driver/Src/stm32l4xx_hal_dma.c.obj
LOAD CMakeFiles/final.dir/Drivers/STM32L4xx_HAL_Driver/Src/stm32l4xx_hal_dma_ex.c.obj
LOAD CMakeFiles/final.dir/Drivers/STM32L4xx_HAL_Driver/Src/stm32l4xx_hal_pwr.c.obj
LOAD CMakeFiles/final.dir/Drivers/STM32L4xx_HAL_Driver/Src/stm32l4xx_hal_pwr_ex.c.obj
LOAD CMakeFiles/final.dir/Drivers/STM32L4xx_HAL_Driver/Src/stm32l4xx_hal_cortex.c.obj
LOAD CMakeFiles/final.dir/Drivers/STM32L4xx_HAL_Driver/Src/stm32l4xx_hal_exti.c.obj
LOAD CMakeFiles/final.dir/Drivers/STM32L4xx_HAL_Driver/Src/stm32l4xx_hal_dfsdm.c.obj
LOAD CMakeFiles/final.dir/Drivers/STM32L4xx_HAL_Driver/Src/stm32l4xx_hal_qspi.c.obj
LOAD CMakeFiles/final.dir/Drivers/STM32L4xx_HAL_Driver/Src/stm32l4xx_hal_spi.c.obj
LOAD CMakeFiles/final.dir/Drivers/STM32L4xx_HAL_Driver/Src/stm32l4xx_hal_spi_ex.c.obj
LOAD CMakeFiles/final.dir/Drivers/STM32L4xx_HAL_Driver/Src/stm32l4xx_hal_tim.c.obj
LOAD CMakeFiles/final.dir/Drivers/STM32L4xx_HAL_Driver/Src/stm32l4xx_hal_tim_ex.c.obj
LOAD CMakeFiles/final.dir/Drivers/STM32L4xx_HAL_Driver/Src/stm32l4xx_hal_uart.c.obj
LOAD CMakeFiles/final.dir/Drivers/STM32L4xx_HAL_Driver/Src/stm32l4xx_hal_uart_ex.c.obj
LOAD CMakeFiles/final.dir/Core/Src/system_stm32l4xx.c.obj
LOAD CMakeFiles/final.dir/Middlewares/ST/STM32_USB_Device_Library/Core/Src/usbd_core.c.obj
LOAD CMakeFiles/final.dir/Middlewares/ST/STM32_USB_Device_Library/Core/Src/usbd_ctlreq.c.obj
LOAD CMakeFiles/final.dir/Middlewares/ST/STM32_USB_Device_Library/Core/Src/usbd_ioreq.c.obj
LOAD CMakeFiles/final.dir/Middlewares/ST/STM32_USB_Device_Library/Class/CustomHID/Src/usbd_customhid.c.obj
LOAD CMakeFiles/final.dir/Core/Src/sysmem.c.obj
LOAD CMakeFiles/final.dir/Core/Src/syscalls.c.obj
LOAD CMakeFiles/final.dir/startup_stm32l475xx.s.obj
START GROUP
LOAD c:/progra~2/gnuarm~1/102021~1.10/bin/../lib/gcc/arm-none-eabi/10.3.1/thumb/v7e-m+fp/hard\libgcc.a
LOAD c:/progra~2/gnuarm~1/102021~1.10/bin/../lib/gcc/arm-none-eabi/10.3.1/../../../../arm-none-eabi/lib/thumb/v7e-m+fp/hard\libg_nano.a
LOAD c:/progra~2/gnuarm~1/102021~1.10/bin/../lib/gcc/arm-none-eabi/10.3.1/../../../../arm-none-eabi/lib/thumb/v7e-m+fp/hard\libc_nano.a
END GROUP
START GROUP
LOAD c:/progra~2/gnuarm~1/102021~1.10/bin/../lib/gcc/arm-none-eabi/10.3.1/thumb/v7e-m+fp/hard\libgcc.a
LOAD c:/progra~2/gnuarm~1/102021~1.10/bin/../lib/gcc/arm-none-eabi/10.3.1/../../../../arm-none-eabi/lib/thumb/v7e-m+fp/hard\libc_nano.a
END GROUP
LOAD c:/progra~2/gnuarm~1/102021~1.10/bin/../lib/gcc/arm-none-eabi/10.3.1/thumb/v7e-m+fp/hard/crtend.o
LOAD c:/progra~2/gnuarm~1/102021~1.10/bin/../lib/gcc/arm-none-eabi/10.3.1/thumb/v7e-m+fp/hard/crtn.o
                0x20018000                _estack = (ORIGIN (RAM) + LENGTH (RAM))
                0x00000200                _Min_Heap_Size = 0x200
                0x00000400                _Min_Stack_Size = 0x400

.isr_vector     0x08000000      0x188
                0x08000000                . = ALIGN (0x8)
 *(.isr_vector)
 .isr_vector    0x08000000      0x188 CMakeFiles/final.dir/startup_stm32l475xx.s.obj
                0x08000000                g_pfnVectors
                0x08000188                . = ALIGN (0x8)

.text           0x08000190    0x13070
                0x08000190                . = ALIGN (0x8)
 *(.text)
 .text          0x08000190       0x40 c:/progra~2/gnuarm~1/102021~1.10/bin/../lib/gcc/arm-none-eabi/10.3.1/thumb/v7e-m+fp/hard/crtbegin.o
 .text          0x080001d0       0x10 c:/progra~2/gnuarm~1/102021~1.10/bin/../lib/gcc/arm-none-eabi/10.3.1/../../../../arm-none-eabi/lib/thumb/v7e-m+fp/hard\libc_nano.a(lib_a-strlen.o)
                0x080001d0                strlen
 .text          0x080001e0       0xa0 c:/progra~2/gnuarm~1/102021~1.10/bin/../lib/gcc/arm-none-eabi/10.3.1/../../../../arm-none-eabi/lib/thumb/v7e-m+fp/hard\libc_nano.a(lib_a-memchr.o)
                0x080001e0                memchr
 .text          0x08000280      0x378 c:/progra~2/gnuarm~1/102021~1.10/bin/../lib/gcc/arm-none-eabi/10.3.1/thumb/v7e-m+fp/hard\libgcc.a(_arm_addsubdf3.o)
                0x08000280                __aeabi_drsub
                0x08000288                __aeabi_dsub
                0x08000288                __subdf3
                0x0800028c                __aeabi_dadd
                0x0800028c                __adddf3
                0x08000504                __floatunsidf
                0x08000504                __aeabi_ui2d
                0x08000524                __floatsidf
                0x08000524                __aeabi_i2d
                0x08000548                __aeabi_f2d
                0x08000548                __extendsfdf2
                0x0800058c                __floatundidf
                0x0800058c                __aeabi_ul2d
                0x0800059c                __floatdidf
                0x0800059c                __aeabi_l2d
 .text          0x080005f8      0x424 c:/progra~2/gnuarm~1/102021~1.10/bin/../lib/gcc/arm-none-eabi/10.3.1/thumb/v7e-m+fp/hard\libgcc.a(_arm_muldivdf3.o)
                0x080005f8                __aeabi_dmul
                0x080005f8                __muldf3
                0x0800084c                __divdf3
                0x0800084c                __aeabi_ddiv
 .text          0x08000a1c      0x110 c:/progra~2/gnuarm~1/102021~1.10/bin/../lib/gcc/arm-none-eabi/10.3.1/thumb/v7e-m+fp/hard\libgcc.a(_arm_cmpdf2.o)
                0x08000a1c                __gtdf2
                0x08000a1c                __gedf2
                0x08000a24                __ltdf2
                0x08000a24                __ledf2
                0x08000a2c                __nedf2
                0x08000a2c                __eqdf2
                0x08000a2c                __cmpdf2
                0x08000aa8                __aeabi_cdrcmple
                0x08000ab8                __aeabi_cdcmpeq
                0x08000ab8                __aeabi_cdcmple
                0x08000ac8                __aeabi_dcmpeq
                0x08000adc                __aeabi_dcmplt
                0x08000af0                __aeabi_dcmple
                0x08000b04                __aeabi_dcmpge
                0x08000b18                __aeabi_dcmpgt
 .text          0x08000b2c       0x2c c:/progra~2/gnuarm~1/102021~1.10/bin/../lib/gcc/arm-none-eabi/10.3.1/thumb/v7e-m+fp/hard\libgcc.a(_arm_unorddf2.o)
                0x08000b2c                __unorddf2
                0x08000b2c                __aeabi_dcmpun
 .text          0x08000b58       0x50 c:/progra~2/gnuarm~1/102021~1.10/bin/../lib/gcc/arm-none-eabi/10.3.1/thumb/v7e-m+fp/hard\libgcc.a(_arm_fixdfsi.o)
                0x08000b58                __aeabi_d2iz
                0x08000b58                __fixdfsi
 .text          0x08000ba8       0x40 c:/progra~2/gnuarm~1/102021~1.10/bin/../lib/gcc/arm-none-eabi/10.3.1/thumb/v7e-m+fp/hard\libgcc.a(_arm_fixunsdfsi.o)
                0x08000ba8                __aeabi_d2uiz
                0x08000ba8                __fixunsdfsi
 .text          0x08000be8       0xa0 c:/progra~2/gnuarm~1/102021~1.10/bin/../lib/gcc/arm-none-eabi/10.3.1/thumb/v7e-m+fp/hard\libgcc.a(_arm_truncdfsf2.o)
                0x08000be8                __truncdfsf2
                0x08000be8                __aeabi_d2f
 .text          0x08000c88       0x30 c:/progra~2/gnuarm~1/102021~1.10/bin/../lib/gcc/arm-none-eabi/10.3.1/thumb/v7e-m+fp/hard\libgcc.a(_aeabi_uldivmod.o)
                0x08000c88                __aeabi_uldivmod
 .text          0x08000cb8      0x2d0 c:/progra~2/gnuarm~1/102021~1.10/bin/../lib/gcc/arm-none-eabi/10.3.1/thumb/v7e-m+fp/hard\libgcc.a(_udivmoddi4.o)
                0x08000cb8                __udivmoddi4
 .text          0x08000f88        0x4 c:/progra~2/gnuarm~1/102021~1.10/bin/../lib/gcc/arm-none-eabi/10.3.1/thumb/v7e-m+fp/hard\libgcc.a(_dvmd_tls.o)
                0x08000f88                __aeabi_idiv0
                0x08000f88                __aeabi_ldiv0
 *(.text*)
 .text.__libc_init_array
                0x08000f8c       0x48 c:/progra~2/gnuarm~1/102021~1.10/bin/../lib/gcc/arm-none-eabi/10.3.1/../../../../arm-none-eabi/lib/thumb/v7e-m+fp/hard\libc_nano.a(lib_a-init.o)
                0x08000f8c                __libc_init_array
 .text.memset   0x08000fd4       0x10 c:/progra~2/gnuarm~1/102021~1.10/bin/../lib/gcc/arm-none-eabi/10.3.1/../../../../arm-none-eabi/lib/thumb/v7e-m+fp/hard\libc_nano.a(lib_a-memset.o)
                0x08000fd4                memset
 .text.__cvt    0x08000fe4       0xc4 c:/progra~2/gnuarm~1/102021~1.10/bin/../lib/gcc/arm-none-eabi/10.3.1/../../../../arm-none-eabi/lib/thumb/v7e-m+fp/hard\libc_nano.a(lib_a-nano-vfprintf_float.o)
                0x08000fe4                __cvt
 .text.__exponent
                0x080010a8       0x7c c:/progra~2/gnuarm~1/102021~1.10/bin/../lib/gcc/arm-none-eabi/10.3.1/../../../../arm-none-eabi/lib/thumb/v7e-m+fp/hard\libc_nano.a(lib_a-nano-vfprintf_float.o)
                0x080010a8                __exponent
 .text._printf_float
                0x08001124      0x46c c:/progra~2/gnuarm~1/102021~1.10/bin/../lib/gcc/arm-none-eabi/10.3.1/../../../../arm-none-eabi/lib/thumb/v7e-m+fp/hard\libc_nano.a(lib_a-nano-vfprintf_float.o)
                0x08001124                _printf_float
 .text._printf_common
                0x08001590       0xda c:/progra~2/gnuarm~1/102021~1.10/bin/../lib/gcc/arm-none-eabi/10.3.1/../../../../arm-none-eabi/lib/thumb/v7e-m+fp/hard\libc_nano.a(lib_a-nano-vfprintf_i.o)
                0x08001590                _printf_common
 *fill*         0x0800166a        0x2 
 .text._printf_i
                0x0800166c      0x24c c:/progra~2/gnuarm~1/102021~1.10/bin/../lib/gcc/arm-none-eabi/10.3.1/../../../../arm-none-eabi/lib/thumb/v7e-m+fp/hard\libc_nano.a(lib_a-nano-vfprintf_i.o)
                0x0800166c                _printf_i
 .text.quorem   0x080018b8      0x116 c:/progra~2/gnuarm~1/102021~1.10/bin/../lib/gcc/arm-none-eabi/10.3.1/../../../../arm-none-eabi/lib/thumb/v7e-m+fp/hard\libc_nano.a(lib_a-dtoa.o)
 *fill*         0x080019ce        0x2 
 .text._dtoa_r  0x080019d0      0xbdc c:/progra~2/gnuarm~1/102021~1.10/bin/../lib/gcc/arm-none-eabi/10.3.1/../../../../arm-none-eabi/lib/thumb/v7e-m+fp/hard\libc_nano.a(lib_a-dtoa.o)
                0x080019d0                _dtoa_r
 .text._localeconv_r
                0x080025ac        0x8 c:/progra~2/gnuarm~1/102021~1.10/bin/../lib/gcc/arm-none-eabi/10.3.1/../../../../arm-none-eabi/lib/thumb/v7e-m+fp/hard\libc_nano.a(lib_a-localeconv.o)
                0x080025ac                _localeconv_r
 .text.malloc   0x080025b4       0x10 c:/progra~2/gnuarm~1/102021~1.10/bin/../lib/gcc/arm-none-eabi/10.3.1/../../../../arm-none-eabi/lib/thumb/v7e-m+fp/hard\libc_nano.a(lib_a-malloc.o)
                0x080025b4                malloc
 .text.memcpy   0x080025c4       0x1c c:/progra~2/gnuarm~1/102021~1.10/bin/../lib/gcc/arm-none-eabi/10.3.1/../../../../arm-none-eabi/lib/thumb/v7e-m+fp/hard\libc_nano.a(lib_a-memcpy-stub.o)
                0x080025c4                memcpy
 .text._Balloc  0x080025e0       0x80 c:/progra~2/gnuarm~1/102021~1.10/bin/../lib/gcc/arm-none-eabi/10.3.1/../../../../arm-none-eabi/lib/thumb/v7e-m+fp/hard\libc_nano.a(lib_a-mprec.o)
                0x080025e0                _Balloc
 .text._Bfree   0x08002660       0x44 c:/progra~2/gnuarm~1/102021~1.10/bin/../lib/gcc/arm-none-eabi/10.3.1/../../../../arm-none-eabi/lib/thumb/v7e-m+fp/hard\libc_nano.a(lib_a-mprec.o)
                0x08002660                _Bfree
 .text.__multadd
                0x080026a4       0x8c c:/progra~2/gnuarm~1/102021~1.10/bin/../lib/gcc/arm-none-eabi/10.3.1/../../../../arm-none-eabi/lib/thumb/v7e-m+fp/hard\libc_nano.a(lib_a-mprec.o)
                0x080026a4                __multadd
 .text.__hi0bits
                0x08002730       0x40 c:/progra~2/gnuarm~1/102021~1.10/bin/../lib/gcc/arm-none-eabi/10.3.1/../../../../arm-none-eabi/lib/thumb/v7e-m+fp/hard\libc_nano.a(lib_a-mprec.o)
                0x08002730                __hi0bits
 .text.__lo0bits
                0x08002770       0x5e c:/progra~2/gnuarm~1/102021~1.10/bin/../lib/gcc/arm-none-eabi/10.3.1/../../../../arm-none-eabi/lib/thumb/v7e-m+fp/hard\libc_nano.a(lib_a-mprec.o)
                0x08002770                __lo0bits
 *fill*         0x080027ce        0x2 
 .text.__i2b    0x080027d0       0x2c c:/progra~2/gnuarm~1/102021~1.10/bin/../lib/gcc/arm-none-eabi/10.3.1/../../../../arm-none-eabi/lib/thumb/v7e-m+fp/hard\libc_nano.a(lib_a-mprec.o)
                0x080027d0                __i2b
 .text.__multiply
                0x080027fc      0x154 c:/progra~2/gnuarm~1/102021~1.10/bin/../lib/gcc/arm-none-eabi/10.3.1/../../../../arm-none-eabi/lib/thumb/v7e-m+fp/hard\libc_nano.a(lib_a-mprec.o)
                0x080027fc                __multiply
 .text.__pow5mult
                0x08002950       0xb4 c:/progra~2/gnuarm~1/102021~1.10/bin/../lib/gcc/arm-none-eabi/10.3.1/../../../../arm-none-eabi/lib/thumb/v7e-m+fp/hard\libc_nano.a(lib_a-mprec.o)
                0x08002950                __pow5mult
 .text.__lshift
                0x08002a04       0xe0 c:/progra~2/gnuarm~1/102021~1.10/bin/../lib/gcc/arm-none-eabi/10.3.1/../../../../arm-none-eabi/lib/thumb/v7e-m+fp/hard\libc_nano.a(lib_a-mprec.o)
                0x08002a04                __lshift
 .text.__mcmp   0x08002ae4       0x38 c:/progra~2/gnuarm~1/102021~1.10/bin/../lib/gcc/arm-none-eabi/10.3.1/../../../../arm-none-eabi/lib/thumb/v7e-m+fp/hard\libc_nano.a(lib_a-mprec.o)
                0x08002ae4                __mcmp
 .text.__mdiff  0x08002b1c      0x114 c:/progra~2/gnuarm~1/102021~1.10/bin/../lib/gcc/arm-none-eabi/10.3.1/../../../../arm-none-eabi/lib/thumb/v7e-m+fp/hard\libc_nano.a(lib_a-mprec.o)
                0x08002b1c                __mdiff
 .text.__d2b    0x08002c30       0xb8 c:/progra~2/gnuarm~1/102021~1.10/bin/../lib/gcc/arm-none-eabi/10.3.1/../../../../arm-none-eabi/lib/thumb/v7e-m+fp/hard\libc_nano.a(lib_a-mprec.o)
                0x08002c30                __d2b
 .text._calloc_r
                0x08002ce8       0x2c c:/progra~2/gnuarm~1/102021~1.10/bin/../lib/gcc/arm-none-eabi/10.3.1/../../../../arm-none-eabi/lib/thumb/v7e-m+fp/hard\libc_nano.a(lib_a-nano-callocr.o)
                0x08002ce8                _calloc_r
 .text._free_r  0x08002d14       0x98 c:/progra~2/gnuarm~1/102021~1.10/bin/../lib/gcc/arm-none-eabi/10.3.1/../../../../arm-none-eabi/lib/thumb/v7e-m+fp/hard\libc_nano.a(lib_a-nano-freer.o)
                0x08002d14                _free_r
 .text.sbrk_aligned
                0x08002dac       0x40 c:/progra~2/gnuarm~1/102021~1.10/bin/../lib/gcc/arm-none-eabi/10.3.1/../../../../arm-none-eabi/lib/thumb/v7e-m+fp/hard\libc_nano.a(lib_a-nano-mallocr.o)
 .text._malloc_r
                0x08002dec       0xe8 c:/progra~2/gnuarm~1/102021~1.10/bin/../lib/gcc/arm-none-eabi/10.3.1/../../../../arm-none-eabi/lib/thumb/v7e-m+fp/hard\libc_nano.a(lib_a-nano-mallocr.o)
                0x08002dec                _malloc_r
 .text._sbrk_r  0x08002ed4       0x20 c:/progra~2/gnuarm~1/102021~1.10/bin/../lib/gcc/arm-none-eabi/10.3.1/../../../../arm-none-eabi/lib/thumb/v7e-m+fp/hard\libc_nano.a(lib_a-sbrkr.o)
                0x08002ed4                _sbrk_r
 .text.__assert_func
                0x08002ef4       0x3c c:/progra~2/gnuarm~1/102021~1.10/bin/../lib/gcc/arm-none-eabi/10.3.1/../../../../arm-none-eabi/lib/thumb/v7e-m+fp/hard\libc_nano.a(lib_a-assert.o)
                0x08002ef4                __assert_func
 .text.fprintf  0x08002f30       0x24 c:/progra~2/gnuarm~1/102021~1.10/bin/../lib/gcc/arm-none-eabi/10.3.1/../../../../arm-none-eabi/lib/thumb/v7e-m+fp/hard\libc_nano.a(lib_a-fprintf.o)
                0x08002f30                fiprintf
                0x08002f30                fprintf
 .text.__ascii_mbtowc
                0x08002f54       0x24 c:/progra~2/gnuarm~1/102021~1.10/bin/../lib/gcc/arm-none-eabi/10.3.1/../../../../arm-none-eabi/lib/thumb/v7e-m+fp/hard\libc_nano.a(lib_a-mbtowc_r.o)
                0x08002f54                __ascii_mbtowc
 .text.__malloc_lock
                0x08002f78        0xc c:/progra~2/gnuarm~1/102021~1.10/bin/../lib/gcc/arm-none-eabi/10.3.1/../../../../arm-none-eabi/lib/thumb/v7e-m+fp/hard\libc_nano.a(lib_a-mlock.o)
                0x08002f78                __malloc_lock
 .text.__malloc_unlock
                0x08002f84        0xc c:/progra~2/gnuarm~1/102021~1.10/bin/../lib/gcc/arm-none-eabi/10.3.1/../../../../arm-none-eabi/lib/thumb/v7e-m+fp/hard\libc_nano.a(lib_a-mlock.o)
                0x08002f84                __malloc_unlock
 .text.__sfputc_r
                0x08002f90       0x2e c:/progra~2/gnuarm~1/102021~1.10/bin/../lib/gcc/arm-none-eabi/10.3.1/../../../../arm-none-eabi/lib/thumb/v7e-m+fp/hard\libc_nano.a(lib_a-nano-vfprintf.o)
 .text.__sfputs_r
                0x08002fbe       0x24 c:/progra~2/gnuarm~1/102021~1.10/bin/../lib/gcc/arm-none-eabi/10.3.1/../../../../arm-none-eabi/lib/thumb/v7e-m+fp/hard\libc_nano.a(lib_a-nano-vfprintf.o)
                0x08002fbe                __sfputs_r
 *fill*         0x08002fe2        0x2 
 .text._vfprintf_r
                0x08002fe4      0x260 c:/progra~2/gnuarm~1/102021~1.10/bin/../lib/gcc/arm-none-eabi/10.3.1/../../../../arm-none-eabi/lib/thumb/v7e-m+fp/hard\libc_nano.a(lib_a-nano-vfprintf.o)
                0x08002fe4                _vfprintf_r
                0x08002fe4                _vfiprintf_r
 .text.__swbuf_r
                0x08003244       0xa4 c:/progra~2/gnuarm~1/102021~1.10/bin/../lib/gcc/arm-none-eabi/10.3.1/../../../../arm-none-eabi/lib/thumb/v7e-m+fp/hard\libc_nano.a(lib_a-wbuf.o)
                0x08003244                __swbuf_r
 .text.__ascii_wctomb
                0x080032e8       0x1a c:/progra~2/gnuarm~1/102021~1.10/bin/../lib/gcc/arm-none-eabi/10.3.1/../../../../arm-none-eabi/lib/thumb/v7e-m+fp/hard\libc_nano.a(lib_a-wctomb_r.o)
                0x080032e8                __ascii_wctomb
 *fill*         0x08003302        0x2 
 .text.__swsetup_r
                0x08003304       0xdc c:/progra~2/gnuarm~1/102021~1.10/bin/../lib/gcc/arm-none-eabi/10.3.1/../../../../arm-none-eabi/lib/thumb/v7e-m+fp/hard\libc_nano.a(lib_a-wsetup.o)
                0x08003304                __swsetup_r
 .text.abort    0x080033e0        0xe c:/progra~2/gnuarm~1/102021~1.10/bin/../lib/gcc/arm-none-eabi/10.3.1/../../../../arm-none-eabi/lib/thumb/v7e-m+fp/hard\libc_nano.a(lib_a-abort.o)
                0x080033e0                abort
 *fill*         0x080033ee        0x2 
 .text.__sflush_r
                0x080033f0      0x10c c:/progra~2/gnuarm~1/102021~1.10/bin/../lib/gcc/arm-none-eabi/10.3.1/../../../../arm-none-eabi/lib/thumb/v7e-m+fp/hard\libc_nano.a(lib_a-fflush.o)
                0x080033f0                __sflush_r
 .text._fflush_r
                0x080034fc       0x78 c:/progra~2/gnuarm~1/102021~1.10/bin/../lib/gcc/arm-none-eabi/10.3.1/../../../../arm-none-eabi/lib/thumb/v7e-m+fp/hard\libc_nano.a(lib_a-fflush.o)
                0x080034fc                _fflush_r
 .text.std      0x08003574       0x48 c:/progra~2/gnuarm~1/102021~1.10/bin/../lib/gcc/arm-none-eabi/10.3.1/../../../../arm-none-eabi/lib/thumb/v7e-m+fp/hard\libc_nano.a(lib_a-findfp.o)
 .text._cleanup_r
                0x080035bc        0xc c:/progra~2/gnuarm~1/102021~1.10/bin/../lib/gcc/arm-none-eabi/10.3.1/../../../../arm-none-eabi/lib/thumb/v7e-m+fp/hard\libc_nano.a(lib_a-findfp.o)
                0x080035bc                _cleanup_r
 .text.__sfmoreglue
                0x080035c8       0x2c c:/progra~2/gnuarm~1/102021~1.10/bin/../lib/gcc/arm-none-eabi/10.3.1/../../../../arm-none-eabi/lib/thumb/v7e-m+fp/hard\libc_nano.a(lib_a-findfp.o)
                0x080035c8                __sfmoreglue
 .text.__sfp_lock_acquire
                0x080035f4        0xc c:/progra~2/gnuarm~1/102021~1.10/bin/../lib/gcc/arm-none-eabi/10.3.1/../../../../arm-none-eabi/lib/thumb/v7e-m+fp/hard\libc_nano.a(lib_a-findfp.o)
                0x080035f4                __sfp_lock_acquire
 .text.__sfp_lock_release
                0x08003600        0xc c:/progra~2/gnuarm~1/102021~1.10/bin/../lib/gcc/arm-none-eabi/10.3.1/../../../../arm-none-eabi/lib/thumb/v7e-m+fp/hard\libc_nano.a(lib_a-findfp.o)
                0x08003600                __sfp_lock_release
 .text.__sinit_lock_acquire
                0x0800360c        0xc c:/progra~2/gnuarm~1/102021~1.10/bin/../lib/gcc/arm-none-eabi/10.3.1/../../../../arm-none-eabi/lib/thumb/v7e-m+fp/hard\libc_nano.a(lib_a-findfp.o)
                0x0800360c                __sinit_lock_acquire
 .text.__sinit_lock_release
                0x08003618        0xc c:/progra~2/gnuarm~1/102021~1.10/bin/../lib/gcc/arm-none-eabi/10.3.1/../../../../arm-none-eabi/lib/thumb/v7e-m+fp/hard\libc_nano.a(lib_a-findfp.o)
                0x08003618                __sinit_lock_release
 .text.__sinit  0x08003624       0x70 c:/progra~2/gnuarm~1/102021~1.10/bin/../lib/gcc/arm-none-eabi/10.3.1/../../../../arm-none-eabi/lib/thumb/v7e-m+fp/hard\libc_nano.a(lib_a-findfp.o)
                0x08003624                __sinit
 .text.__sfp    0x08003694       0x8c c:/progra~2/gnuarm~1/102021~1.10/bin/../lib/gcc/arm-none-eabi/10.3.1/../../../../arm-none-eabi/lib/thumb/v7e-m+fp/hard\libc_nano.a(lib_a-findfp.o)
                0x08003694                __sfp
 .text._fwalk_reent
                0x08003720       0x3e c:/progra~2/gnuarm~1/102021~1.10/bin/../lib/gcc/arm-none-eabi/10.3.1/../../../../arm-none-eabi/lib/thumb/v7e-m+fp/hard\libc_nano.a(lib_a-fwalk.o)
                0x08003720                _fwalk_reent
 .text.__retarget_lock_init_recursive
                0x0800375e        0x2 c:/progra~2/gnuarm~1/102021~1.10/bin/../lib/gcc/arm-none-eabi/10.3.1/../../../../arm-none-eabi/lib/thumb/v7e-m+fp/hard\libc_nano.a(lib_a-lock.o)
                0x0800375e                __retarget_lock_init_recursive
 .text.__retarget_lock_acquire_recursive
                0x08003760        0x2 c:/progra~2/gnuarm~1/102021~1.10/bin/../lib/gcc/arm-none-eabi/10.3.1/../../../../arm-none-eabi/lib/thumb/v7e-m+fp/hard\libc_nano.a(lib_a-lock.o)
                0x08003760                __retarget_lock_acquire_recursive
 .text.__retarget_lock_release_recursive
                0x08003762        0x2 c:/progra~2/gnuarm~1/102021~1.10/bin/../lib/gcc/arm-none-eabi/10.3.1/../../../../arm-none-eabi/lib/thumb/v7e-m+fp/hard\libc_nano.a(lib_a-lock.o)
                0x08003762                __retarget_lock_release_recursive
 .text.__swhatbuf_r
                0x08003764       0x4a c:/progra~2/gnuarm~1/102021~1.10/bin/../lib/gcc/arm-none-eabi/10.3.1/../../../../arm-none-eabi/lib/thumb/v7e-m+fp/hard\libc_nano.a(lib_a-makebuf.o)
                0x08003764                __swhatbuf_r
 *fill*         0x080037ae        0x2 
 .text.__smakebuf_r
                0x080037b0       0x80 c:/progra~2/gnuarm~1/102021~1.10/bin/../lib/gcc/arm-none-eabi/10.3.1/../../../../arm-none-eabi/lib/thumb/v7e-m+fp/hard\libc_nano.a(lib_a-makebuf.o)
                0x080037b0                __smakebuf_r
 .text.memmove  0x08003830       0x34 c:/progra~2/gnuarm~1/102021~1.10/bin/../lib/gcc/arm-none-eabi/10.3.1/../../../../arm-none-eabi/lib/thumb/v7e-m+fp/hard\libc_nano.a(lib_a-memmove.o)
                0x08003830                memmove
 .text._realloc_r
                0x08003864       0x5e c:/progra~2/gnuarm~1/102021~1.10/bin/../lib/gcc/arm-none-eabi/10.3.1/../../../../arm-none-eabi/lib/thumb/v7e-m+fp/hard\libc_nano.a(lib_a-nano-reallocr.o)
                0x08003864                _realloc_r
 .text._raise_r
                0x080038c2       0x50 c:/progra~2/gnuarm~1/102021~1.10/bin/../lib/gcc/arm-none-eabi/10.3.1/../../../../arm-none-eabi/lib/thumb/v7e-m+fp/hard\libc_nano.a(lib_a-signal.o)
                0x080038c2                _raise_r
 *fill*         0x08003912        0x2 
 .text.raise    0x08003914       0x10 c:/progra~2/gnuarm~1/102021~1.10/bin/../lib/gcc/arm-none-eabi/10.3.1/../../../../arm-none-eabi/lib/thumb/v7e-m+fp/hard\libc_nano.a(lib_a-signal.o)
                0x08003914                raise
 .text._kill_r  0x08003924       0x24 c:/progra~2/gnuarm~1/102021~1.10/bin/../lib/gcc/arm-none-eabi/10.3.1/../../../../arm-none-eabi/lib/thumb/v7e-m+fp/hard\libc_nano.a(lib_a-signalr.o)
                0x08003924                _kill_r
 .text._getpid_r
                0x08003948        0x4 c:/progra~2/gnuarm~1/102021~1.10/bin/../lib/gcc/arm-none-eabi/10.3.1/../../../../arm-none-eabi/lib/thumb/v7e-m+fp/hard\libc_nano.a(lib_a-signalr.o)
                0x08003948                _getpid_r
 .text.__sread  0x0800394c       0x22 c:/progra~2/gnuarm~1/102021~1.10/bin/../lib/gcc/arm-none-eabi/10.3.1/../../../../arm-none-eabi/lib/thumb/v7e-m+fp/hard\libc_nano.a(lib_a-stdio.o)
                0x0800394c                __sread
 .text.__swrite
                0x0800396e       0x38 c:/progra~2/gnuarm~1/102021~1.10/bin/../lib/gcc/arm-none-eabi/10.3.1/../../../../arm-none-eabi/lib/thumb/v7e-m+fp/hard\libc_nano.a(lib_a-stdio.o)
                0x0800396e                __swrite
 .text.__sseek  0x080039a6       0x24 c:/progra~2/gnuarm~1/102021~1.10/bin/../lib/gcc/arm-none-eabi/10.3.1/../../../../arm-none-eabi/lib/thumb/v7e-m+fp/hard\libc_nano.a(lib_a-stdio.o)
                0x080039a6                __sseek
 .text.__sclose
                0x080039ca        0x8 c:/progra~2/gnuarm~1/102021~1.10/bin/../lib/gcc/arm-none-eabi/10.3.1/../../../../arm-none-eabi/lib/thumb/v7e-m+fp/hard\libc_nano.a(lib_a-stdio.o)
                0x080039ca                __sclose
 *fill*         0x080039d2        0x2 
 .text._write_r
                0x080039d4       0x24 c:/progra~2/gnuarm~1/102021~1.10/bin/../lib/gcc/arm-none-eabi/10.3.1/../../../../arm-none-eabi/lib/thumb/v7e-m+fp/hard\libc_nano.a(lib_a-writer.o)
                0x080039d4                _write_r
 .text._close_r
                0x080039f8       0x20 c:/progra~2/gnuarm~1/102021~1.10/bin/../lib/gcc/arm-none-eabi/10.3.1/../../../../arm-none-eabi/lib/thumb/v7e-m+fp/hard\libc_nano.a(lib_a-closer.o)
                0x080039f8                _close_r
 .text._fstat_r
                0x08003a18       0x24 c:/progra~2/gnuarm~1/102021~1.10/bin/../lib/gcc/arm-none-eabi/10.3.1/../../../../arm-none-eabi/lib/thumb/v7e-m+fp/hard\libc_nano.a(lib_a-fstatr.o)
                0x08003a18                _fstat_r
 .text._isatty_r
                0x08003a3c       0x20 c:/progra~2/gnuarm~1/102021~1.10/bin/../lib/gcc/arm-none-eabi/10.3.1/../../../../arm-none-eabi/lib/thumb/v7e-m+fp/hard\libc_nano.a(lib_a-isattyr.o)
                0x08003a3c                _isatty_r
 .text._lseek_r
                0x08003a5c       0x24 c:/progra~2/gnuarm~1/102021~1.10/bin/../lib/gcc/arm-none-eabi/10.3.1/../../../../arm-none-eabi/lib/thumb/v7e-m+fp/hard\libc_nano.a(lib_a-lseekr.o)
                0x08003a5c                _lseek_r
 .text._malloc_usable_size_r
                0x08003a80       0x10 c:/progra~2/gnuarm~1/102021~1.10/bin/../lib/gcc/arm-none-eabi/10.3.1/../../../../arm-none-eabi/lib/thumb/v7e-m+fp/hard\libc_nano.a(lib_a-nano-msizer.o)
                0x08003a80                _malloc_usable_size_r
 .text._read_r  0x08003a90       0x24 c:/progra~2/gnuarm~1/102021~1.10/bin/../lib/gcc/arm-none-eabi/10.3.1/../../../../arm-none-eabi/lib/thumb/v7e-m+fp/hard\libc_nano.a(lib_a-readr.o)
                0x08003a90                _read_r
 .text.bsp_as5600Init
                0x08003ab4       0x24 CMakeFiles/final.dir/FOC/AS5600.c.obj
                0x08003ab4                bsp_as5600Init
 .text.i2cWrite
                0x08003ad8       0x3c CMakeFiles/final.dir/FOC/AS5600.c.obj
 .text.i2cRead  0x08003b14       0x44 CMakeFiles/final.dir/FOC/AS5600.c.obj
 .text.bsp_as5600GetRawAngle
                0x08003b58       0x40 CMakeFiles/final.dir/FOC/AS5600.c.obj
                0x08003b58                bsp_as5600GetRawAngle
 .text.bsp_as5600GetWrappedRawAngle
                0x08003b98       0xb0 CMakeFiles/final.dir/FOC/AS5600.c.obj
                0x08003b98                bsp_as5600GetWrappedRawAngle
 .text.bsp_as5600GetAngle
                0x08003c48       0x38 CMakeFiles/final.dir/FOC/AS5600.c.obj
                0x08003c48                bsp_as5600GetAngle
 .text.bsp_as5600GetWrappedAngle
                0x08003c80       0x38 CMakeFiles/final.dir/FOC/AS5600.c.obj
                0x08003c80                bsp_as5600GetWrappedAngle
 .text._normalizeAngle
                0x08003cb8       0x6c CMakeFiles/final.dir/FOC/foc.c.obj
                0x08003cb8                _normalizeAngle
 .text._electricalAngle
                0x08003d24       0x58 CMakeFiles/final.dir/FOC/foc.c.obj
                0x08003d24                _electricalAngle
 .text.setPwm   0x08003d7c      0x1b8 CMakeFiles/final.dir/FOC/foc.c.obj
                0x08003d7c                setPwm
 *fill*         0x08003f34        0x4 
 .text.setPhaseVoltage
                0x08003f38      0x208 CMakeFiles/final.dir/FOC/foc.c.obj
                0x08003f38                setPhaseVoltage
 .text.AlignSensor
                0x08004140       0x84 CMakeFiles/final.dir/FOC/foc.c.obj
                0x08004140                AlignSensor
 .text.ClosedLoopPosition
                0x080041c4      0x1b8 CMakeFiles/final.dir/FOC/foc.c.obj
                0x080041c4                ClosedLoopPosition
 .text.ST7789_WriteCommand
                0x0800437c       0x4c CMakeFiles/final.dir/ST7789/st7789.c.obj
 .text.ST7789_WriteData
                0x080043c8       0xa0 CMakeFiles/final.dir/ST7789/st7789.c.obj
 .text.ST7789_WriteSmallData
                0x08004468       0x4c CMakeFiles/final.dir/ST7789/st7789.c.obj
 .text.ST7789_SetRotation
                0x080044b4       0x58 CMakeFiles/final.dir/ST7789/st7789.c.obj
                0x080044b4                ST7789_SetRotation
 .text.ST7789_SetAddressWindow
                0x0800450c       0xb8 CMakeFiles/final.dir/ST7789/st7789.c.obj
 .text.ST7789_Init
                0x080045c4      0x14c CMakeFiles/final.dir/ST7789/st7789.c.obj
                0x080045c4                ST7789_Init
 .text.ST7789_Fill_Color
                0x08004710       0x64 CMakeFiles/final.dir/ST7789/st7789.c.obj
                0x08004710                ST7789_Fill_Color
 .text.ST7789_DrawPixel
                0x08004774       0x68 CMakeFiles/final.dir/ST7789/st7789.c.obj
                0x08004774                ST7789_DrawPixel
 .text.ST7789_DrawLine
                0x080047dc      0x118 CMakeFiles/final.dir/ST7789/st7789.c.obj
                0x080047dc                ST7789_DrawLine
 .text.ST7789_DrawRectangle
                0x080048f4       0x86 CMakeFiles/final.dir/ST7789/st7789.c.obj
                0x080048f4                ST7789_DrawRectangle
 .text.ST7789_DrawCircle
                0x0800497a      0x1ca CMakeFiles/final.dir/ST7789/st7789.c.obj
                0x0800497a                ST7789_DrawCircle
 .text.ST7789_DrawImage
                0x08004b44       0x9c CMakeFiles/final.dir/ST7789/st7789.c.obj
                0x08004b44                ST7789_DrawImage
 .text.ST7789_WriteChar
                0x08004be0      0x100 CMakeFiles/final.dir/ST7789/st7789.c.obj
                0x08004be0                ST7789_WriteChar
 .text.ST7789_WriteString
                0x08004ce0       0xa4 CMakeFiles/final.dir/ST7789/st7789.c.obj
                0x08004ce0                ST7789_WriteString
 .text.ST7789_DrawFilledRectangle
                0x08004d84       0xb0 CMakeFiles/final.dir/ST7789/st7789.c.obj
                0x08004d84                ST7789_DrawFilledRectangle
 .text.ST7789_DrawTriangle
                0x08004e34       0x74 CMakeFiles/final.dir/ST7789/st7789.c.obj
                0x08004e34                ST7789_DrawTriangle
 .text.ST7789_DrawFilledTriangle
                0x08004ea8      0x19a CMakeFiles/final.dir/ST7789/st7789.c.obj
                0x08004ea8                ST7789_DrawFilledTriangle
 .text.ST7789_DrawFilledCircle
                0x08005042      0x1cc CMakeFiles/final.dir/ST7789/st7789.c.obj
                0x08005042                ST7789_DrawFilledCircle
 *fill*         0x0800520e        0x2 
 .text.ST7789_Test
                0x08005210      0x350 CMakeFiles/final.dir/ST7789/st7789.c.obj
                0x08005210                ST7789_Test
 .text.volume_control
                0x08005560       0xa4 CMakeFiles/final.dir/USB_media/keyboard.c.obj
                0x08005560                volume_control
 .text.main     0x08005604      0x2c8 CMakeFiles/final.dir/Core/Src/main.c.obj
                0x08005604                main
 .text.SystemClock_Config
                0x080058cc       0xc4 CMakeFiles/final.dir/Core/Src/main.c.obj
                0x080058cc                SystemClock_Config
 .text.HAL_TIM_PeriodElapsedCallback
                0x08005990       0x24 CMakeFiles/final.dir/Core/Src/main.c.obj
                0x08005990                HAL_TIM_PeriodElapsedCallback
 .text.HAL_GPIO_EXTI_Callback
                0x080059b4       0x2c CMakeFiles/final.dir/Core/Src/main.c.obj
                0x080059b4                HAL_GPIO_EXTI_Callback
 .text.Error_Handler
                0x080059e0        0xa CMakeFiles/final.dir/Core/Src/main.c.obj
                0x080059e0                Error_Handler
 *fill*         0x080059ea        0x2 
 .text.MX_GPIO_Init
                0x080059ec      0x2e4 CMakeFiles/final.dir/Core/Src/gpio.c.obj
                0x080059ec                MX_GPIO_Init
 .text.MX_DFSDM1_Init
                0x08005cd0       0x70 CMakeFiles/final.dir/Core/Src/dfsdm.c.obj
                0x08005cd0                MX_DFSDM1_Init
 .text.HAL_DFSDM_ChannelMspInit
                0x08005d40       0xc8 CMakeFiles/final.dir/Core/Src/dfsdm.c.obj
                0x08005d40                HAL_DFSDM_ChannelMspInit
 .text.MX_DMA_Init
                0x08005e08       0x4c CMakeFiles/final.dir/Core/Src/dma.c.obj
                0x08005e08                MX_DMA_Init
 .text.MX_I2C1_Init
                0x08005e54       0x80 CMakeFiles/final.dir/Core/Src/i2c.c.obj
                0x08005e54                MX_I2C1_Init
 .text.MX_I2C2_Init
                0x08005ed4       0x7c CMakeFiles/final.dir/Core/Src/i2c.c.obj
                0x08005ed4                MX_I2C2_Init
 .text.HAL_I2C_MspInit
                0x08005f50      0x144 CMakeFiles/final.dir/Core/Src/i2c.c.obj
                0x08005f50                HAL_I2C_MspInit
 .text.MX_QUADSPI_Init
                0x08006094       0x4c CMakeFiles/final.dir/Core/Src/quadspi.c.obj
                0x08006094                MX_QUADSPI_Init
 .text.HAL_QSPI_MspInit
                0x080060e0       0x88 CMakeFiles/final.dir/Core/Src/quadspi.c.obj
                0x080060e0                HAL_QSPI_MspInit
 .text.MX_SPI1_Init
                0x08006168       0x7c CMakeFiles/final.dir/Core/Src/spi.c.obj
                0x08006168                MX_SPI1_Init
 .text.MX_SPI3_Init
                0x080061e4       0x7c CMakeFiles/final.dir/Core/Src/spi.c.obj
                0x080061e4                MX_SPI3_Init
 .text.HAL_SPI_MspInit
                0x08006260      0x144 CMakeFiles/final.dir/Core/Src/spi.c.obj
                0x08006260                HAL_SPI_MspInit
 .text.MX_TIM3_Init
                0x080063a4      0x11c CMakeFiles/final.dir/Core/Src/tim.c.obj
                0x080063a4                MX_TIM3_Init
 .text.MX_TIM6_Init
                0x080064c0       0x70 CMakeFiles/final.dir/Core/Src/tim.c.obj
                0x080064c0                MX_TIM6_Init
 .text.HAL_TIM_Base_MspInit
                0x08006530       0x74 CMakeFiles/final.dir/Core/Src/tim.c.obj
                0x08006530                HAL_TIM_Base_MspInit
 .text.HAL_TIM_MspPostInit
                0x080065a4       0x70 CMakeFiles/final.dir/Core/Src/tim.c.obj
                0x080065a4                HAL_TIM_MspPostInit
 .text.MX_USART1_UART_Init
                0x08006614       0x60 CMakeFiles/final.dir/Core/Src/usart.c.obj
                0x08006614                MX_USART1_UART_Init
 .text.MX_USART3_UART_Init
                0x08006674       0x60 CMakeFiles/final.dir/Core/Src/usart.c.obj
                0x08006674                MX_USART3_UART_Init
 .text.HAL_UART_MspInit
                0x080066d4      0x1a0 CMakeFiles/final.dir/Core/Src/usart.c.obj
                0x080066d4                HAL_UART_MspInit
 .text.NMI_Handler
                0x08006874        0x6 CMakeFiles/final.dir/Core/Src/stm32l4xx_it.c.obj
                0x08006874                NMI_Handler
 .text.HardFault_Handler
                0x0800687a        0x6 CMakeFiles/final.dir/Core/Src/stm32l4xx_it.c.obj
                0x0800687a                HardFault_Handler
 .text.MemManage_Handler
                0x08006880        0x6 CMakeFiles/final.dir/Core/Src/stm32l4xx_it.c.obj
                0x08006880                MemManage_Handler
 .text.BusFault_Handler
                0x08006886        0x6 CMakeFiles/final.dir/Core/Src/stm32l4xx_it.c.obj
                0x08006886                BusFault_Handler
 .text.UsageFault_Handler
                0x0800688c        0x6 CMakeFiles/final.dir/Core/Src/stm32l4xx_it.c.obj
                0x0800688c                UsageFault_Handler
 .text.SVC_Handler
                0x08006892        0xe CMakeFiles/final.dir/Core/Src/stm32l4xx_it.c.obj
                0x08006892                SVC_Handler
 .text.DebugMon_Handler
                0x080068a0        0xe CMakeFiles/final.dir/Core/Src/stm32l4xx_it.c.obj
                0x080068a0                DebugMon_Handler
 .text.PendSV_Handler
                0x080068ae        0xe CMakeFiles/final.dir/Core/Src/stm32l4xx_it.c.obj
                0x080068ae                PendSV_Handler
 .text.SysTick_Handler
                0x080068bc        0xc CMakeFiles/final.dir/Core/Src/stm32l4xx_it.c.obj
                0x080068bc                SysTick_Handler
 .text.DMA1_Channel3_IRQHandler
                0x080068c8       0x14 CMakeFiles/final.dir/Core/Src/stm32l4xx_it.c.obj
                0x080068c8                DMA1_Channel3_IRQHandler
 .text.DMA1_Channel4_IRQHandler
                0x080068dc       0x14 CMakeFiles/final.dir/Core/Src/stm32l4xx_it.c.obj
                0x080068dc                DMA1_Channel4_IRQHandler
 .text.EXTI9_5_IRQHandler
                0x080068f0       0x22 CMakeFiles/final.dir/Core/Src/stm32l4xx_it.c.obj
                0x080068f0                EXTI9_5_IRQHandler
 .text.EXTI15_10_IRQHandler
                0x08006912       0x30 CMakeFiles/final.dir/Core/Src/stm32l4xx_it.c.obj
                0x08006912                EXTI15_10_IRQHandler
 *fill*         0x08006942        0x2 
 .text.TIM6_DAC_IRQHandler
                0x08006944       0x14 CMakeFiles/final.dir/Core/Src/stm32l4xx_it.c.obj
                0x08006944                TIM6_DAC_IRQHandler
 .text.OTG_FS_IRQHandler
                0x08006958       0x14 CMakeFiles/final.dir/Core/Src/stm32l4xx_it.c.obj
                0x08006958                OTG_FS_IRQHandler
 .text.HAL_MspInit
                0x0800696c       0x48 CMakeFiles/final.dir/Core/Src/stm32l4xx_hal_msp.c.obj
                0x0800696c                HAL_MspInit
 .text.MX_USB_DEVICE_Init
                0x080069b4       0x60 CMakeFiles/final.dir/USB_DEVICE/App/usb_device.c.obj
                0x080069b4                MX_USB_DEVICE_Init
 .text.USBD_FS_DeviceDescriptor
                0x08006a14       0x24 CMakeFiles/final.dir/USB_DEVICE/App/usbd_desc.c.obj
                0x08006a14                USBD_FS_DeviceDescriptor
 .text.USBD_FS_LangIDStrDescriptor
                0x08006a38       0x24 CMakeFiles/final.dir/USB_DEVICE/App/usbd_desc.c.obj
                0x08006a38                USBD_FS_LangIDStrDescriptor
 .text.USBD_FS_ProductStrDescriptor
                0x08006a5c       0x3c CMakeFiles/final.dir/USB_DEVICE/App/usbd_desc.c.obj
                0x08006a5c                USBD_FS_ProductStrDescriptor
 .text.USBD_FS_ManufacturerStrDescriptor
                0x08006a98       0x28 CMakeFiles/final.dir/USB_DEVICE/App/usbd_desc.c.obj
                0x08006a98                USBD_FS_ManufacturerStrDescriptor
 .text.USBD_FS_SerialStrDescriptor
                0x08006ac0       0x24 CMakeFiles/final.dir/USB_DEVICE/App/usbd_desc.c.obj
                0x08006ac0                USBD_FS_SerialStrDescriptor
 .text.USBD_FS_ConfigStrDescriptor
                0x08006ae4       0x3c CMakeFiles/final.dir/USB_DEVICE/App/usbd_desc.c.obj
                0x08006ae4                USBD_FS_ConfigStrDescriptor
 .text.USBD_FS_InterfaceStrDescriptor
                0x08006b20       0x3c CMakeFiles/final.dir/USB_DEVICE/App/usbd_desc.c.obj
                0x08006b20                USBD_FS_InterfaceStrDescriptor
 .text.USBD_FS_USR_BOSDescriptor
                0x08006b5c       0x24 CMakeFiles/final.dir/USB_DEVICE/App/usbd_desc.c.obj
                0x08006b5c                USBD_FS_USR_BOSDescriptor
 .text.Get_SerialNum
                0x08006b80       0x58 CMakeFiles/final.dir/USB_DEVICE/App/usbd_desc.c.obj
 .text.IntToUnicode
                0x08006bd8       0x7e CMakeFiles/final.dir/USB_DEVICE/App/usbd_desc.c.obj
 .text.CUSTOM_HID_Init_FS
                0x08006c56       0x10 CMakeFiles/final.dir/USB_DEVICE/App/usbd_custom_hid_if.c.obj
 .text.CUSTOM_HID_DeInit_FS
                0x08006c66       0x10 CMakeFiles/final.dir/USB_DEVICE/App/usbd_custom_hid_if.c.obj
 *fill*         0x08006c76        0x2 
 .text.CUSTOM_HID_OutEvent_FS
                0x08006c78       0x24 CMakeFiles/final.dir/USB_DEVICE/App/usbd_custom_hid_if.c.obj
 .text.HAL_PCD_MspInit
                0x08006c9c      0x148 CMakeFiles/final.dir/USB_DEVICE/Target/usbd_conf.c.obj
                0x08006c9c                HAL_PCD_MspInit
 .text.HAL_PCD_SetupStageCallback
                0x08006de4       0x24 CMakeFiles/final.dir/USB_DEVICE/Target/usbd_conf.c.obj
                0x08006de4                HAL_PCD_SetupStageCallback
 .text.HAL_PCD_DataOutStageCallback
                0x08006e08       0x36 CMakeFiles/final.dir/USB_DEVICE/Target/usbd_conf.c.obj
                0x08006e08                HAL_PCD_DataOutStageCallback
 .text.HAL_PCD_DataInStageCallback
                0x08006e3e       0x34 CMakeFiles/final.dir/USB_DEVICE/Target/usbd_conf.c.obj
                0x08006e3e                HAL_PCD_DataInStageCallback
 .text.HAL_PCD_SOFCallback
                0x08006e72       0x1c CMakeFiles/final.dir/USB_DEVICE/Target/usbd_conf.c.obj
                0x08006e72                HAL_PCD_SOFCallback
 .text.HAL_PCD_ResetCallback
                0x08006e8e       0x3c CMakeFiles/final.dir/USB_DEVICE/Target/usbd_conf.c.obj
                0x08006e8e                HAL_PCD_ResetCallback
 *fill*         0x08006eca        0x2 
 .text.HAL_PCD_SuspendCallback
                0x08006ecc       0x4c CMakeFiles/final.dir/USB_DEVICE/Target/usbd_conf.c.obj
                0x08006ecc                HAL_PCD_SuspendCallback
 .text.HAL_PCD_ResumeCallback
                0x08006f18       0x50 CMakeFiles/final.dir/USB_DEVICE/Target/usbd_conf.c.obj
                0x08006f18                HAL_PCD_ResumeCallback
 .text.HAL_PCD_ISOOUTIncompleteCallback
                0x08006f68       0x24 CMakeFiles/final.dir/USB_DEVICE/Target/usbd_conf.c.obj
                0x08006f68                HAL_PCD_ISOOUTIncompleteCallback
 .text.HAL_PCD_ISOINIncompleteCallback
                0x08006f8c       0x24 CMakeFiles/final.dir/USB_DEVICE/Target/usbd_conf.c.obj
                0x08006f8c                HAL_PCD_ISOINIncompleteCallback
 .text.HAL_PCD_ConnectCallback
                0x08006fb0       0x1c CMakeFiles/final.dir/USB_DEVICE/Target/usbd_conf.c.obj
                0x08006fb0                HAL_PCD_ConnectCallback
 .text.HAL_PCD_DisconnectCallback
                0x08006fcc       0x1c CMakeFiles/final.dir/USB_DEVICE/Target/usbd_conf.c.obj
                0x08006fcc                HAL_PCD_DisconnectCallback
 .text.USBD_LL_Init
                0x08006fe8       0x98 CMakeFiles/final.dir/USB_DEVICE/Target/usbd_conf.c.obj
                0x08006fe8                USBD_LL_Init
 .text.USBD_LL_Start
                0x08007080       0x64 CMakeFiles/final.dir/USB_DEVICE/Target/usbd_conf.c.obj
                0x08007080                USBD_LL_Start
 .text.USBD_LL_OpenEP
                0x080070e4       0x7c CMakeFiles/final.dir/USB_DEVICE/Target/usbd_conf.c.obj
                0x080070e4                USBD_LL_OpenEP
 .text.USBD_LL_CloseEP
                0x08007160       0x6c CMakeFiles/final.dir/USB_DEVICE/Target/usbd_conf.c.obj
                0x08007160                USBD_LL_CloseEP
 .text.USBD_LL_StallEP
                0x080071cc       0x6c CMakeFiles/final.dir/USB_DEVICE/Target/usbd_conf.c.obj
                0x080071cc                USBD_LL_StallEP
 .text.USBD_LL_ClearStallEP
                0x08007238       0x6c CMakeFiles/final.dir/USB_DEVICE/Target/usbd_conf.c.obj
                0x08007238                USBD_LL_ClearStallEP
 .text.USBD_LL_IsStallEP
                0x080072a4       0x58 CMakeFiles/final.dir/USB_DEVICE/Target/usbd_conf.c.obj
                0x080072a4                USBD_LL_IsStallEP
 .text.USBD_LL_SetUSBAddress
                0x080072fc       0x6c CMakeFiles/final.dir/USB_DEVICE/Target/usbd_conf.c.obj
                0x080072fc                USBD_LL_SetUSBAddress
 .text.USBD_LL_Transmit
                0x08007368       0x70 CMakeFiles/final.dir/USB_DEVICE/Target/usbd_conf.c.obj
                0x08007368                USBD_LL_Transmit
 .text.USBD_LL_PrepareReceive
                0x080073d8       0x70 CMakeFiles/final.dir/USB_DEVICE/Target/usbd_conf.c.obj
                0x080073d8                USBD_LL_PrepareReceive
 .text.HAL_PCDEx_LPM_Callback
                0x08007448       0x9c CMakeFiles/final.dir/USB_DEVICE/Target/usbd_conf.c.obj
                0x08007448                HAL_PCDEx_LPM_Callback
 .text.USBD_static_malloc
                0x080074e4       0x1c CMakeFiles/final.dir/USB_DEVICE/Target/usbd_conf.c.obj
                0x080074e4                USBD_static_malloc
 .text.USBD_static_free
                0x08007500       0x14 CMakeFiles/final.dir/USB_DEVICE/Target/usbd_conf.c.obj
                0x08007500                USBD_static_free
 .text.SystemClockConfig_Resume
                0x08007514        0xc CMakeFiles/final.dir/USB_DEVICE/Target/usbd_conf.c.obj
 .text.HAL_PCD_Init
                0x08007520      0x248 CMakeFiles/final.dir/Drivers/STM32L4xx_HAL_Driver/Src/stm32l4xx_hal_pcd.c.obj
                0x08007520                HAL_PCD_Init
 .text.HAL_PCD_Start
                0x08007768       0x5e CMakeFiles/final.dir/Drivers/STM32L4xx_HAL_Driver/Src/stm32l4xx_hal_pcd.c.obj
                0x08007768                HAL_PCD_Start
 .text.HAL_PCD_IRQHandler
                0x080077c6      0x926 CMakeFiles/final.dir/Drivers/STM32L4xx_HAL_Driver/Src/stm32l4xx_hal_pcd.c.obj
                0x080077c6                HAL_PCD_IRQHandler
 .text.HAL_PCD_SetAddress
                0x080080ec       0x4a CMakeFiles/final.dir/Drivers/STM32L4xx_HAL_Driver/Src/stm32l4xx_hal_pcd.c.obj
                0x080080ec                HAL_PCD_SetAddress
 .text.HAL_PCD_EP_Open
                0x08008136       0xd0 CMakeFiles/final.dir/Drivers/STM32L4xx_HAL_Driver/Src/stm32l4xx_hal_pcd.c.obj
                0x08008136                HAL_PCD_EP_Open
 .text.HAL_PCD_EP_Close
                0x08008206       0x94 CMakeFiles/final.dir/Drivers/STM32L4xx_HAL_Driver/Src/stm32l4xx_hal_pcd.c.obj
                0x08008206                HAL_PCD_EP_Close
 .text.HAL_PCD_EP_Receive
                0x0800829a       0x64 CMakeFiles/final.dir/Drivers/STM32L4xx_HAL_Driver/Src/stm32l4xx_hal_pcd.c.obj
                0x0800829a                HAL_PCD_EP_Receive
 .text.HAL_PCD_EP_Transmit
                0x080082fe       0x62 CMakeFiles/final.dir/Drivers/STM32L4xx_HAL_Driver/Src/stm32l4xx_hal_pcd.c.obj
                0x080082fe                HAL_PCD_EP_Transmit
 .text.HAL_PCD_EP_SetStall
                0x08008360       0xc4 CMakeFiles/final.dir/Drivers/STM32L4xx_HAL_Driver/Src/stm32l4xx_hal_pcd.c.obj
                0x08008360                HAL_PCD_EP_SetStall
 .text.HAL_PCD_EP_ClrStall
                0x08008424       0xac CMakeFiles/final.dir/Drivers/STM32L4xx_HAL_Driver/Src/stm32l4xx_hal_pcd.c.obj
                0x08008424                HAL_PCD_EP_ClrStall
 .text.HAL_PCD_EP_Abort
                0x080084d0       0x62 CMakeFiles/final.dir/Drivers/STM32L4xx_HAL_Driver/Src/stm32l4xx_hal_pcd.c.obj
                0x080084d0                HAL_PCD_EP_Abort
 .text.PCD_WriteEmptyTxFifo
                0x08008532      0x110 CMakeFiles/final.dir/Drivers/STM32L4xx_HAL_Driver/Src/stm32l4xx_hal_pcd.c.obj
 *fill*         0x08008642        0x2 
 .text.PCD_EP_OutXfrComplete_int
                0x08008644       0x9c CMakeFiles/final.dir/Drivers/STM32L4xx_HAL_Driver/Src/stm32l4xx_hal_pcd.c.obj
 .text.PCD_EP_OutSetupPacket_int
                0x080086e0       0x68 CMakeFiles/final.dir/Drivers/STM32L4xx_HAL_Driver/Src/stm32l4xx_hal_pcd.c.obj
 .text.HAL_PCDEx_SetTxFiFo
                0x08008748       0x8e CMakeFiles/final.dir/Drivers/STM32L4xx_HAL_Driver/Src/stm32l4xx_hal_pcd_ex.c.obj
                0x08008748                HAL_PCDEx_SetTxFiFo
 .text.HAL_PCDEx_SetRxFiFo
                0x080087d6       0x22 CMakeFiles/final.dir/Drivers/STM32L4xx_HAL_Driver/Src/stm32l4xx_hal_pcd_ex.c.obj
                0x080087d6                HAL_PCDEx_SetRxFiFo
 .text.HAL_PCDEx_ActivateLPM
                0x080087f8       0x48 CMakeFiles/final.dir/Drivers/STM32L4xx_HAL_Driver/Src/stm32l4xx_hal_pcd_ex.c.obj
                0x080087f8                HAL_PCDEx_ActivateLPM
 .text.USB_CoreInit
                0x08008840       0x58 CMakeFiles/final.dir/Drivers/STM32L4xx_HAL_Driver/Src/stm32l4xx_ll_usb.c.obj
                0x08008840                USB_CoreInit
 .text.USB_SetTurnaroundTime
                0x08008898      0x138 CMakeFiles/final.dir/Drivers/STM32L4xx_HAL_Driver/Src/stm32l4xx_ll_usb.c.obj
                0x08008898                USB_SetTurnaroundTime
 .text.USB_EnableGlobalInt
                0x080089d0       0x22 CMakeFiles/final.dir/Drivers/STM32L4xx_HAL_Driver/Src/stm32l4xx_ll_usb.c.obj
                0x080089d0                USB_EnableGlobalInt
 .text.USB_DisableGlobalInt
                0x080089f2       0x22 CMakeFiles/final.dir/Drivers/STM32L4xx_HAL_Driver/Src/stm32l4xx_ll_usb.c.obj
                0x080089f2                USB_DisableGlobalInt
 .text.USB_SetCurrentMode
                0x08008a14       0x98 CMakeFiles/final.dir/Drivers/STM32L4xx_HAL_Driver/Src/stm32l4xx_ll_usb.c.obj
                0x08008a14                USB_SetCurrentMode
 .text.USB_DevInit
                0x08008aac      0x284 CMakeFiles/final.dir/Drivers/STM32L4xx_HAL_Driver/Src/stm32l4xx_ll_usb.c.obj
                0x08008aac                USB_DevInit
 .text.USB_FlushTxFifo
                0x08008d30       0x68 CMakeFiles/final.dir/Drivers/STM32L4xx_HAL_Driver/Src/stm32l4xx_ll_usb.c.obj
                0x08008d30                USB_FlushTxFifo
 .text.USB_FlushRxFifo
                0x08008d98       0x60 CMakeFiles/final.dir/Drivers/STM32L4xx_HAL_Driver/Src/stm32l4xx_ll_usb.c.obj
                0x08008d98                USB_FlushRxFifo
 .text.USB_SetDevSpeed
                0x08008df8       0x32 CMakeFiles/final.dir/Drivers/STM32L4xx_HAL_Driver/Src/stm32l4xx_ll_usb.c.obj
                0x08008df8                USB_SetDevSpeed
 .text.USB_GetDevSpeed
                0x08008e2a       0x3e CMakeFiles/final.dir/Drivers/STM32L4xx_HAL_Driver/Src/stm32l4xx_ll_usb.c.obj
                0x08008e2a                USB_GetDevSpeed
 .text.USB_ActivateEndpoint
                0x08008e68      0x10e CMakeFiles/final.dir/Drivers/STM32L4xx_HAL_Driver/Src/stm32l4xx_ll_usb.c.obj
                0x08008e68                USB_ActivateEndpoint
 *fill*         0x08008f76        0x2 
 .text.USB_DeactivateEndpoint
                0x08008f78      0x1b8 CMakeFiles/final.dir/Drivers/STM32L4xx_HAL_Driver/Src/stm32l4xx_ll_usb.c.obj
                0x08008f78                USB_DeactivateEndpoint
 .text.USB_EPStartXfer
                0x08009130      0x464 CMakeFiles/final.dir/Drivers/STM32L4xx_HAL_Driver/Src/stm32l4xx_ll_usb.c.obj
                0x08009130                USB_EPStartXfer
 .text.USB_EPStopXfer
                0x08009594      0x154 CMakeFiles/final.dir/Drivers/STM32L4xx_HAL_Driver/Src/stm32l4xx_ll_usb.c.obj
                0x08009594                USB_EPStopXfer
 .text.USB_WritePacket
                0x080096e8       0x74 CMakeFiles/final.dir/Drivers/STM32L4xx_HAL_Driver/Src/stm32l4xx_ll_usb.c.obj
                0x080096e8                USB_WritePacket
 .text.USB_ReadPacket
                0x0800975c       0xb0 CMakeFiles/final.dir/Drivers/STM32L4xx_HAL_Driver/Src/stm32l4xx_ll_usb.c.obj
                0x0800975c                USB_ReadPacket
 .text.USB_EPSetStall
                0x0800980c       0xdc CMakeFiles/final.dir/Drivers/STM32L4xx_HAL_Driver/Src/stm32l4xx_ll_usb.c.obj
                0x0800980c                USB_EPSetStall
 .text.USB_EPClearStall
                0x080098e8       0xcc CMakeFiles/final.dir/Drivers/STM32L4xx_HAL_Driver/Src/stm32l4xx_ll_usb.c.obj
                0x080098e8                USB_EPClearStall
 .text.USB_SetDevAddress
                0x080099b4       0x4c CMakeFiles/final.dir/Drivers/STM32L4xx_HAL_Driver/Src/stm32l4xx_ll_usb.c.obj
                0x080099b4                USB_SetDevAddress
 .text.USB_DevConnect
                0x08009a00       0x42 CMakeFiles/final.dir/Drivers/STM32L4xx_HAL_Driver/Src/stm32l4xx_ll_usb.c.obj
                0x08009a00                USB_DevConnect
 .text.USB_DevDisconnect
                0x08009a42       0x42 CMakeFiles/final.dir/Drivers/STM32L4xx_HAL_Driver/Src/stm32l4xx_ll_usb.c.obj
                0x08009a42                USB_DevDisconnect
 .text.USB_ReadInterrupts
                0x08009a84       0x26 CMakeFiles/final.dir/Drivers/STM32L4xx_HAL_Driver/Src/stm32l4xx_ll_usb.c.obj
                0x08009a84                USB_ReadInterrupts
 .text.USB_ReadDevAllOutEpInterrupt
                0x08009aaa       0x34 CMakeFiles/final.dir/Drivers/STM32L4xx_HAL_Driver/Src/stm32l4xx_ll_usb.c.obj
                0x08009aaa                USB_ReadDevAllOutEpInterrupt
 .text.USB_ReadDevAllInEpInterrupt
                0x08009ade       0x34 CMakeFiles/final.dir/Drivers/STM32L4xx_HAL_Driver/Src/stm32l4xx_ll_usb.c.obj
                0x08009ade                USB_ReadDevAllInEpInterrupt
 .text.USB_ReadDevOutEPInterrupt
                0x08009b12       0x3c CMakeFiles/final.dir/Drivers/STM32L4xx_HAL_Driver/Src/stm32l4xx_ll_usb.c.obj
                0x08009b12                USB_ReadDevOutEPInterrupt
 .text.USB_ReadDevInEPInterrupt
                0x08009b4e       0x5c CMakeFiles/final.dir/Drivers/STM32L4xx_HAL_Driver/Src/stm32l4xx_ll_usb.c.obj
                0x08009b4e                USB_ReadDevInEPInterrupt
 .text.USB_GetMode
                0x08009baa       0x1c CMakeFiles/final.dir/Drivers/STM32L4xx_HAL_Driver/Src/stm32l4xx_ll_usb.c.obj
                0x08009baa                USB_GetMode
 .text.USB_ActivateSetup
                0x08009bc6       0x46 CMakeFiles/final.dir/Drivers/STM32L4xx_HAL_Driver/Src/stm32l4xx_ll_usb.c.obj
                0x08009bc6                USB_ActivateSetup
 .text.USB_EP0_OutStart
                0x08009c0c       0x90 CMakeFiles/final.dir/Drivers/STM32L4xx_HAL_Driver/Src/stm32l4xx_ll_usb.c.obj
                0x08009c0c                USB_EP0_OutStart
 .text.USB_CoreReset
                0x08009c9c       0x68 CMakeFiles/final.dir/Drivers/STM32L4xx_HAL_Driver/Src/stm32l4xx_ll_usb.c.obj
 .text.HAL_Init
                0x08009d04       0x30 CMakeFiles/final.dir/Drivers/STM32L4xx_HAL_Driver/Src/stm32l4xx_hal.c.obj
                0x08009d04                HAL_Init
 .text.HAL_InitTick
                0x08009d34       0x78 CMakeFiles/final.dir/Drivers/STM32L4xx_HAL_Driver/Src/stm32l4xx_hal.c.obj
                0x08009d34                HAL_InitTick
 .text.HAL_IncTick
                0x08009dac       0x28 CMakeFiles/final.dir/Drivers/STM32L4xx_HAL_Driver/Src/stm32l4xx_hal.c.obj
                0x08009dac                HAL_IncTick
 .text.HAL_GetTick
                0x08009dd4       0x18 CMakeFiles/final.dir/Drivers/STM32L4xx_HAL_Driver/Src/stm32l4xx_hal.c.obj
                0x08009dd4                HAL_GetTick
 .text.HAL_Delay
                0x08009dec       0x48 CMakeFiles/final.dir/Drivers/STM32L4xx_HAL_Driver/Src/stm32l4xx_hal.c.obj
                0x08009dec                HAL_Delay
 .text.HAL_RCC_OscConfig
                0x08009e34      0x7b8 CMakeFiles/final.dir/Drivers/STM32L4xx_HAL_Driver/Src/stm32l4xx_hal_rcc.c.obj
                0x08009e34                HAL_RCC_OscConfig
 .text.HAL_RCC_ClockConfig
                0x0800a5ec      0x200 CMakeFiles/final.dir/Drivers/STM32L4xx_HAL_Driver/Src/stm32l4xx_hal_rcc.c.obj
                0x0800a5ec                HAL_RCC_ClockConfig
 .text.HAL_RCC_GetSysClockFreq
                0x0800a7ec      0x118 CMakeFiles/final.dir/Drivers/STM32L4xx_HAL_Driver/Src/stm32l4xx_hal_rcc.c.obj
                0x0800a7ec                HAL_RCC_GetSysClockFreq
 .text.HAL_RCC_GetHCLKFreq
                0x0800a904       0x18 CMakeFiles/final.dir/Drivers/STM32L4xx_HAL_Driver/Src/stm32l4xx_hal_rcc.c.obj
                0x0800a904                HAL_RCC_GetHCLKFreq
 .text.HAL_RCC_GetPCLK1Freq
                0x0800a91c       0x2c CMakeFiles/final.dir/Drivers/STM32L4xx_HAL_Driver/Src/stm32l4xx_hal_rcc.c.obj
                0x0800a91c                HAL_RCC_GetPCLK1Freq
 .text.HAL_RCC_GetPCLK2Freq
                0x0800a948       0x2c CMakeFiles/final.dir/Drivers/STM32L4xx_HAL_Driver/Src/stm32l4xx_hal_rcc.c.obj
                0x0800a948                HAL_RCC_GetPCLK2Freq
 .text.RCC_SetFlashLatencyFromMSIRange
                0x0800a974       0xc0 CMakeFiles/final.dir/Drivers/STM32L4xx_HAL_Driver/Src/stm32l4xx_hal_rcc.c.obj
 .text.HAL_RCCEx_PeriphCLKConfig
                0x0800aa34      0x5d4 CMakeFiles/final.dir/Drivers/STM32L4xx_HAL_Driver/Src/stm32l4xx_hal_rcc_ex.c.obj
                0x0800aa34                HAL_RCCEx_PeriphCLKConfig
 .text.HAL_RCCEx_EnableMSIPLLMode
                0x0800b008       0x20 CMakeFiles/final.dir/Drivers/STM32L4xx_HAL_Driver/Src/stm32l4xx_hal_rcc_ex.c.obj
                0x0800b008                HAL_RCCEx_EnableMSIPLLMode
 .text.RCCEx_PLLSAI1_Config
                0x0800b028      0x1e8 CMakeFiles/final.dir/Drivers/STM32L4xx_HAL_Driver/Src/stm32l4xx_hal_rcc_ex.c.obj
 .text.RCCEx_PLLSAI2_Config
                0x0800b210      0x1bc CMakeFiles/final.dir/Drivers/STM32L4xx_HAL_Driver/Src/stm32l4xx_hal_rcc_ex.c.obj
 .text.HAL_GPIO_Init
                0x0800b3cc      0x354 CMakeFiles/final.dir/Drivers/STM32L4xx_HAL_Driver/Src/stm32l4xx_hal_gpio.c.obj
                0x0800b3cc                HAL_GPIO_Init
 .text.HAL_GPIO_WritePin
                0x0800b720       0x30 CMakeFiles/final.dir/Drivers/STM32L4xx_HAL_Driver/Src/stm32l4xx_hal_gpio.c.obj
                0x0800b720                HAL_GPIO_WritePin
 .text.HAL_GPIO_TogglePin
                0x0800b750       0x34 CMakeFiles/final.dir/Drivers/STM32L4xx_HAL_Driver/Src/stm32l4xx_hal_gpio.c.obj
                0x0800b750                HAL_GPIO_TogglePin
 .text.HAL_GPIO_EXTI_IRQHandler
                0x0800b784       0x30 CMakeFiles/final.dir/Drivers/STM32L4xx_HAL_Driver/Src/stm32l4xx_hal_gpio.c.obj
                0x0800b784                HAL_GPIO_EXTI_IRQHandler
 .text.HAL_I2C_Init
                0x0800b7b4      0x136 CMakeFiles/final.dir/Drivers/STM32L4xx_HAL_Driver/Src/stm32l4xx_hal_i2c.c.obj
                0x0800b7b4                HAL_I2C_Init
 *fill*         0x0800b8ea        0x2 
 .text.HAL_I2C_Master_Transmit
                0x0800b8ec      0x230 CMakeFiles/final.dir/Drivers/STM32L4xx_HAL_Driver/Src/stm32l4xx_hal_i2c.c.obj
                0x0800b8ec                HAL_I2C_Master_Transmit
 .text.HAL_I2C_Master_Receive
                0x0800bb1c      0x1ec CMakeFiles/final.dir/Drivers/STM32L4xx_HAL_Driver/Src/stm32l4xx_hal_i2c.c.obj
                0x0800bb1c                HAL_I2C_Master_Receive
 .text.I2C_Flush_TXDR
                0x0800bd08       0x48 CMakeFiles/final.dir/Drivers/STM32L4xx_HAL_Driver/Src/stm32l4xx_hal_i2c.c.obj
 .text.I2C_WaitOnFlagUntilTimeout
                0x0800bd50       0x9e CMakeFiles/final.dir/Drivers/STM32L4xx_HAL_Driver/Src/stm32l4xx_hal_i2c.c.obj
 .text.I2C_WaitOnTXISFlagUntilTimeout
                0x0800bdee       0x8e CMakeFiles/final.dir/Drivers/STM32L4xx_HAL_Driver/Src/stm32l4xx_hal_i2c.c.obj
 .text.I2C_WaitOnSTOPFlagUntilTimeout
                0x0800be7c       0x86 CMakeFiles/final.dir/Drivers/STM32L4xx_HAL_Driver/Src/stm32l4xx_hal_i2c.c.obj
 *fill*         0x0800bf02        0x2 
 .text.I2C_WaitOnRXNEFlagUntilTimeout
                0x0800bf04      0x104 CMakeFiles/final.dir/Drivers/STM32L4xx_HAL_Driver/Src/stm32l4xx_hal_i2c.c.obj
 .text.I2C_IsErrorOccurred
                0x0800c008      0x1c0 CMakeFiles/final.dir/Drivers/STM32L4xx_HAL_Driver/Src/stm32l4xx_hal_i2c.c.obj
 .text.I2C_TransferConfig
                0x0800c1c8       0x64 CMakeFiles/final.dir/Drivers/STM32L4xx_HAL_Driver/Src/stm32l4xx_hal_i2c.c.obj
 .text.HAL_I2CEx_ConfigAnalogFilter
                0x0800c22c       0x96 CMakeFiles/final.dir/Drivers/STM32L4xx_HAL_Driver/Src/stm32l4xx_hal_i2c_ex.c.obj
                0x0800c22c                HAL_I2CEx_ConfigAnalogFilter
 .text.HAL_I2CEx_ConfigDigitalFilter
                0x0800c2c2       0x98 CMakeFiles/final.dir/Drivers/STM32L4xx_HAL_Driver/Src/stm32l4xx_hal_i2c_ex.c.obj
                0x0800c2c2                HAL_I2CEx_ConfigDigitalFilter
 *fill*         0x0800c35a        0x2 
 .text.HAL_DMA_Init
                0x0800c35c      0x170 CMakeFiles/final.dir/Drivers/STM32L4xx_HAL_Driver/Src/stm32l4xx_hal_dma.c.obj
                0x0800c35c                HAL_DMA_Init
 .text.HAL_DMA_Start_IT
                0x0800c4cc       0xc0 CMakeFiles/final.dir/Drivers/STM32L4xx_HAL_Driver/Src/stm32l4xx_hal_dma.c.obj
                0x0800c4cc                HAL_DMA_Start_IT
 .text.HAL_DMA_IRQHandler
                0x0800c58c      0x15e CMakeFiles/final.dir/Drivers/STM32L4xx_HAL_Driver/Src/stm32l4xx_hal_dma.c.obj
                0x0800c58c                HAL_DMA_IRQHandler
 .text.DMA_SetConfig
                0x0800c6ea       0x60 CMakeFiles/final.dir/Drivers/STM32L4xx_HAL_Driver/Src/stm32l4xx_hal_dma.c.obj
 *fill*         0x0800c74a        0x2 
 .text.HAL_PWR_EnableBkUpAccess
                0x0800c74c       0x20 CMakeFiles/final.dir/Drivers/STM32L4xx_HAL_Driver/Src/stm32l4xx_hal_pwr.c.obj
                0x0800c74c                HAL_PWR_EnableBkUpAccess
 .text.HAL_PWREx_GetVoltageRange
                0x0800c76c       0x1c CMakeFiles/final.dir/Drivers/STM32L4xx_HAL_Driver/Src/stm32l4xx_hal_pwr_ex.c.obj
                0x0800c76c                HAL_PWREx_GetVoltageRange
 .text.HAL_PWREx_ControlVoltageScaling
                0x0800c788       0xac CMakeFiles/final.dir/Drivers/STM32L4xx_HAL_Driver/Src/stm32l4xx_hal_pwr_ex.c.obj
                0x0800c788                HAL_PWREx_ControlVoltageScaling
 .text.HAL_PWREx_EnableVddUSB
                0x0800c834       0x20 CMakeFiles/final.dir/Drivers/STM32L4xx_HAL_Driver/Src/stm32l4xx_hal_pwr_ex.c.obj
                0x0800c834                HAL_PWREx_EnableVddUSB
 .text.__NVIC_SetPriorityGrouping
                0x0800c854       0x48 CMakeFiles/final.dir/Drivers/STM32L4xx_HAL_Driver/Src/stm32l4xx_hal_cortex.c.obj
 .text.__NVIC_GetPriorityGrouping
                0x0800c89c       0x1c CMakeFiles/final.dir/Drivers/STM32L4xx_HAL_Driver/Src/stm32l4xx_hal_cortex.c.obj
 .text.__NVIC_EnableIRQ
                0x0800c8b8       0x3c CMakeFiles/final.dir/Drivers/STM32L4xx_HAL_Driver/Src/stm32l4xx_hal_cortex.c.obj
 .text.__NVIC_SetPriority
                0x0800c8f4       0x54 CMakeFiles/final.dir/Drivers/STM32L4xx_HAL_Driver/Src/stm32l4xx_hal_cortex.c.obj
 .text.NVIC_EncodePriority
                0x0800c948       0x66 CMakeFiles/final.dir/Drivers/STM32L4xx_HAL_Driver/Src/stm32l4xx_hal_cortex.c.obj
 *fill*         0x0800c9ae        0x2 
 .text.SysTick_Config
                0x0800c9b0       0x44 CMakeFiles/final.dir/Drivers/STM32L4xx_HAL_Driver/Src/stm32l4xx_hal_cortex.c.obj
 .text.HAL_NVIC_SetPriorityGrouping
                0x0800c9f4       0x16 CMakeFiles/final.dir/Drivers/STM32L4xx_HAL_Driver/Src/stm32l4xx_hal_cortex.c.obj
                0x0800c9f4                HAL_NVIC_SetPriorityGrouping
 .text.HAL_NVIC_SetPriority
                0x0800ca0a       0x38 CMakeFiles/final.dir/Drivers/STM32L4xx_HAL_Driver/Src/stm32l4xx_hal_cortex.c.obj
                0x0800ca0a                HAL_NVIC_SetPriority
 .text.HAL_NVIC_EnableIRQ
                0x0800ca42       0x1c CMakeFiles/final.dir/Drivers/STM32L4xx_HAL_Driver/Src/stm32l4xx_hal_cortex.c.obj
                0x0800ca42                HAL_NVIC_EnableIRQ
 .text.HAL_SYSTICK_Config
                0x0800ca5e       0x18 CMakeFiles/final.dir/Drivers/STM32L4xx_HAL_Driver/Src/stm32l4xx_hal_cortex.c.obj
                0x0800ca5e                HAL_SYSTICK_Config
 *fill*         0x0800ca76        0x2 
 .text.HAL_DFSDM_ChannelInit
                0x0800ca78      0x180 CMakeFiles/final.dir/Drivers/STM32L4xx_HAL_Driver/Src/stm32l4xx_hal_dfsdm.c.obj
                0x0800ca78                HAL_DFSDM_ChannelInit
 .text.DFSDM_GetChannelFromInstance
                0x0800cbf8       0x98 CMakeFiles/final.dir/Drivers/STM32L4xx_HAL_Driver/Src/stm32l4xx_hal_dfsdm.c.obj
 .text.HAL_QSPI_Init
                0x0800cc90       0xec CMakeFiles/final.dir/Drivers/STM32L4xx_HAL_Driver/Src/stm32l4xx_hal_qspi.c.obj
                0x0800cc90                HAL_QSPI_Init
 .text.HAL_QSPI_SetTimeout
                0x0800cd7c       0x1c CMakeFiles/final.dir/Drivers/STM32L4xx_HAL_Driver/Src/stm32l4xx_hal_qspi.c.obj
                0x0800cd7c                HAL_QSPI_SetTimeout
 .text.QSPI_WaitFlagStateUntilTimeout
                0x0800cd98       0x6e CMakeFiles/final.dir/Drivers/STM32L4xx_HAL_Driver/Src/stm32l4xx_hal_qspi.c.obj
 .text.HAL_SPI_Init
                0x0800ce06      0x146 CMakeFiles/final.dir/Drivers/STM32L4xx_HAL_Driver/Src/stm32l4xx_hal_spi.c.obj
                0x0800ce06                HAL_SPI_Init
 .text.HAL_SPI_Transmit
                0x0800cf4c      0x2ea CMakeFiles/final.dir/Drivers/STM32L4xx_HAL_Driver/Src/stm32l4xx_hal_spi.c.obj
                0x0800cf4c                HAL_SPI_Transmit
 *fill*         0x0800d236        0x2 
 .text.HAL_SPI_Transmit_DMA
                0x0800d238      0x1e0 CMakeFiles/final.dir/Drivers/STM32L4xx_HAL_Driver/Src/stm32l4xx_hal_spi.c.obj
                0x0800d238                HAL_SPI_Transmit_DMA
 .text.HAL_SPI_TxCpltCallback
                0x0800d418       0x14 CMakeFiles/final.dir/Drivers/STM32L4xx_HAL_Driver/Src/stm32l4xx_hal_spi.c.obj
                0x0800d418                HAL_SPI_TxCpltCallback
 .text.HAL_SPI_TxHalfCpltCallback
                0x0800d42c       0x14 CMakeFiles/final.dir/Drivers/STM32L4xx_HAL_Driver/Src/stm32l4xx_hal_spi.c.obj
                0x0800d42c                HAL_SPI_TxHalfCpltCallback
 .text.HAL_SPI_ErrorCallback
                0x0800d440       0x14 CMakeFiles/final.dir/Drivers/STM32L4xx_HAL_Driver/Src/stm32l4xx_hal_spi.c.obj
                0x0800d440                HAL_SPI_ErrorCallback
 .text.SPI_DMATransmitCplt
                0x0800d454       0xa6 CMakeFiles/final.dir/Drivers/STM32L4xx_HAL_Driver/Src/stm32l4xx_hal_spi.c.obj
 .text.SPI_DMAHalfTransmitCplt
                0x0800d4fa       0x1c CMakeFiles/final.dir/Drivers/STM32L4xx_HAL_Driver/Src/stm32l4xx_hal_spi.c.obj
 .text.SPI_DMAError
                0x0800d516       0x40 CMakeFiles/final.dir/Drivers/STM32L4xx_HAL_Driver/Src/stm32l4xx_hal_spi.c.obj
 *fill*         0x0800d556        0x2 
 .text.SPI_WaitFlagStateUntilTimeout
                0x0800d558      0x110 CMakeFiles/final.dir/Drivers/STM32L4xx_HAL_Driver/Src/stm32l4xx_hal_spi.c.obj
 .text.SPI_WaitFifoStateUntilTimeout
                0x0800d668      0x12c CMakeFiles/final.dir/Drivers/STM32L4xx_HAL_Driver/Src/stm32l4xx_hal_spi.c.obj
 .text.SPI_EndRxTxTransaction
                0x0800d794       0x8c CMakeFiles/final.dir/Drivers/STM32L4xx_HAL_Driver/Src/stm32l4xx_hal_spi.c.obj
 .text.HAL_TIM_Base_Init
                0x0800d820       0xae CMakeFiles/final.dir/Drivers/STM32L4xx_HAL_Driver/Src/stm32l4xx_hal_tim.c.obj
                0x0800d820                HAL_TIM_Base_Init
 *fill*         0x0800d8ce        0x2 
 .text.HAL_TIM_Base_Start_IT
                0x0800d8d0       0xe0 CMakeFiles/final.dir/Drivers/STM32L4xx_HAL_Driver/Src/stm32l4xx_hal_tim.c.obj
                0x0800d8d0                HAL_TIM_Base_Start_IT
 .text.HAL_TIM_PWM_Init
                0x0800d9b0       0xae CMakeFiles/final.dir/Drivers/STM32L4xx_HAL_Driver/Src/stm32l4xx_hal_tim.c.obj
                0x0800d9b0                HAL_TIM_PWM_Init
 .text.HAL_TIM_PWM_MspInit
                0x0800da5e       0x14 CMakeFiles/final.dir/Drivers/STM32L4xx_HAL_Driver/Src/stm32l4xx_hal_tim.c.obj
                0x0800da5e                HAL_TIM_PWM_MspInit
 *fill*         0x0800da72        0x2 
 .text.HAL_TIM_PWM_Start
                0x0800da74      0x20c CMakeFiles/final.dir/Drivers/STM32L4xx_HAL_Driver/Src/stm32l4xx_hal_tim.c.obj
                0x0800da74                HAL_TIM_PWM_Start
 .text.HAL_TIM_IRQHandler
                0x0800dc80      0x204 CMakeFiles/final.dir/Drivers/STM32L4xx_HAL_Driver/Src/stm32l4xx_hal_tim.c.obj
                0x0800dc80                HAL_TIM_IRQHandler
 .text.HAL_TIM_PWM_ConfigChannel
                0x0800de84      0x228 CMakeFiles/final.dir/Drivers/STM32L4xx_HAL_Driver/Src/stm32l4xx_hal_tim.c.obj
                0x0800de84                HAL_TIM_PWM_ConfigChannel
 .text.HAL_TIM_ConfigClockSource
                0x0800e0ac      0x192 CMakeFiles/final.dir/Drivers/STM32L4xx_HAL_Driver/Src/stm32l4xx_hal_tim.c.obj
                0x0800e0ac                HAL_TIM_ConfigClockSource
 .text.HAL_TIM_OC_DelayElapsedCallback
                0x0800e23e       0x14 CMakeFiles/final.dir/Drivers/STM32L4xx_HAL_Driver/Src/stm32l4xx_hal_tim.c.obj
                0x0800e23e                HAL_TIM_OC_DelayElapsedCallback
 .text.HAL_TIM_IC_CaptureCallback
                0x0800e252       0x14 CMakeFiles/final.dir/Drivers/STM32L4xx_HAL_Driver/Src/stm32l4xx_hal_tim.c.obj
                0x0800e252                HAL_TIM_IC_CaptureCallback
 .text.HAL_TIM_PWM_PulseFinishedCallback
                0x0800e266       0x14 CMakeFiles/final.dir/Drivers/STM32L4xx_HAL_Driver/Src/stm32l4xx_hal_tim.c.obj
                0x0800e266                HAL_TIM_PWM_PulseFinishedCallback
 .text.HAL_TIM_TriggerCallback
                0x0800e27a       0x14 CMakeFiles/final.dir/Drivers/STM32L4xx_HAL_Driver/Src/stm32l4xx_hal_tim.c.obj
                0x0800e27a                HAL_TIM_TriggerCallback
 *fill*         0x0800e28e        0x2 
 .text.TIM_Base_SetConfig
                0x0800e290      0x134 CMakeFiles/final.dir/Drivers/STM32L4xx_HAL_Driver/Src/stm32l4xx_hal_tim.c.obj
                0x0800e290                TIM_Base_SetConfig
 .text.TIM_OC1_SetConfig
                0x0800e3c4      0x120 CMakeFiles/final.dir/Drivers/STM32L4xx_HAL_Driver/Src/stm32l4xx_hal_tim.c.obj
 .text.TIM_OC2_SetConfig
                0x0800e4e4      0x114 CMakeFiles/final.dir/Drivers/STM32L4xx_HAL_Driver/Src/stm32l4xx_hal_tim.c.obj
                0x0800e4e4                TIM_OC2_SetConfig
 .text.TIM_OC3_SetConfig
                0x0800e5f8      0x110 CMakeFiles/final.dir/Drivers/STM32L4xx_HAL_Driver/Src/stm32l4xx_hal_tim.c.obj
 .text.TIM_OC4_SetConfig
                0x0800e708       0xd4 CMakeFiles/final.dir/Drivers/STM32L4xx_HAL_Driver/Src/stm32l4xx_hal_tim.c.obj
 .text.TIM_OC5_SetConfig
                0x0800e7dc       0xc8 CMakeFiles/final.dir/Drivers/STM32L4xx_HAL_Driver/Src/stm32l4xx_hal_tim.c.obj
 .text.TIM_OC6_SetConfig
                0x0800e8a4       0xcc CMakeFiles/final.dir/Drivers/STM32L4xx_HAL_Driver/Src/stm32l4xx_hal_tim.c.obj
 .text.TIM_TI1_ConfigInputStage
                0x0800e970       0x5e CMakeFiles/final.dir/Drivers/STM32L4xx_HAL_Driver/Src/stm32l4xx_hal_tim.c.obj
 .text.TIM_TI2_ConfigInputStage
                0x0800e9ce       0x60 CMakeFiles/final.dir/Drivers/STM32L4xx_HAL_Driver/Src/stm32l4xx_hal_tim.c.obj
 .text.TIM_ITRx_SetConfig
                0x0800ea2e       0x36 CMakeFiles/final.dir/Drivers/STM32L4xx_HAL_Driver/Src/stm32l4xx_hal_tim.c.obj
 .text.TIM_ETR_SetConfig
                0x0800ea64       0x40 CMakeFiles/final.dir/Drivers/STM32L4xx_HAL_Driver/Src/stm32l4xx_hal_tim.c.obj
                0x0800ea64                TIM_ETR_SetConfig
 .text.TIM_CCxChannelCmd
                0x0800eaa4       0x4a CMakeFiles/final.dir/Drivers/STM32L4xx_HAL_Driver/Src/stm32l4xx_hal_tim.c.obj
                0x0800eaa4                TIM_CCxChannelCmd
 *fill*         0x0800eaee        0x2 
 .text.HAL_TIMEx_MasterConfigSynchronization
                0x0800eaf0      0x110 CMakeFiles/final.dir/Drivers/STM32L4xx_HAL_Driver/Src/stm32l4xx_hal_tim_ex.c.obj
                0x0800eaf0                HAL_TIMEx_MasterConfigSynchronization
 .text.HAL_TIMEx_CommutCallback
                0x0800ec00       0x14 CMakeFiles/final.dir/Drivers/STM32L4xx_HAL_Driver/Src/stm32l4xx_hal_tim_ex.c.obj
                0x0800ec00                HAL_TIMEx_CommutCallback
 .text.HAL_TIMEx_BreakCallback
                0x0800ec14       0x14 CMakeFiles/final.dir/Drivers/STM32L4xx_HAL_Driver/Src/stm32l4xx_hal_tim_ex.c.obj
                0x0800ec14                HAL_TIMEx_BreakCallback
 .text.HAL_TIMEx_Break2Callback
                0x0800ec28       0x14 CMakeFiles/final.dir/Drivers/STM32L4xx_HAL_Driver/Src/stm32l4xx_hal_tim_ex.c.obj
                0x0800ec28                HAL_TIMEx_Break2Callback
 .text.HAL_UART_Init
                0x0800ec3c       0x9c CMakeFiles/final.dir/Drivers/STM32L4xx_HAL_Driver/Src/stm32l4xx_hal_uart.c.obj
                0x0800ec3c                HAL_UART_Init
 .text.HAL_UART_Transmit
                0x0800ecd8      0x114 CMakeFiles/final.dir/Drivers/STM32L4xx_HAL_Driver/Src/stm32l4xx_hal_uart.c.obj
                0x0800ecd8                HAL_UART_Transmit
 .text.UART_SetConfig
                0x0800edec      0x570 CMakeFiles/final.dir/Drivers/STM32L4xx_HAL_Driver/Src/stm32l4xx_hal_uart.c.obj
                0x0800edec                UART_SetConfig
 .text.UART_AdvFeatureConfig
                0x0800f35c      0x144 CMakeFiles/final.dir/Drivers/STM32L4xx_HAL_Driver/Src/stm32l4xx_hal_uart.c.obj
                0x0800f35c                UART_AdvFeatureConfig
 .text.UART_CheckIdleState
                0x0800f4a0      0x150 CMakeFiles/final.dir/Drivers/STM32L4xx_HAL_Driver/Src/stm32l4xx_hal_uart.c.obj
                0x0800f4a0                UART_CheckIdleState
 .text.UART_WaitOnFlagUntilTimeout
                0x0800f5f0       0xce CMakeFiles/final.dir/Drivers/STM32L4xx_HAL_Driver/Src/stm32l4xx_hal_uart.c.obj
                0x0800f5f0                UART_WaitOnFlagUntilTimeout
 .text.UART_EndRxTransfer
                0x0800f6be       0xc8 CMakeFiles/final.dir/Drivers/STM32L4xx_HAL_Driver/Src/stm32l4xx_hal_uart.c.obj
 *fill*         0x0800f786        0x2 
 .text.SystemInit
                0x0800f788       0x24 CMakeFiles/final.dir/Core/Src/system_stm32l4xx.c.obj
                0x0800f788                SystemInit
 .text.USBD_Init
                0x0800f7ac       0x60 CMakeFiles/final.dir/Middlewares/ST/STM32_USB_Device_Library/Core/Src/usbd_core.c.obj
                0x0800f7ac                USBD_Init
 .text.USBD_RegisterClass
                0x0800f80c       0x6c CMakeFiles/final.dir/Middlewares/ST/STM32_USB_Device_Library/Core/Src/usbd_core.c.obj
                0x0800f80c                USBD_RegisterClass
 .text.USBD_Start
                0x0800f878       0x18 CMakeFiles/final.dir/Middlewares/ST/STM32_USB_Device_Library/Core/Src/usbd_core.c.obj
                0x0800f878                USBD_Start
 .text.USBD_RunTestMode
                0x0800f890       0x16 CMakeFiles/final.dir/Middlewares/ST/STM32_USB_Device_Library/Core/Src/usbd_core.c.obj
                0x0800f890                USBD_RunTestMode
 .text.USBD_SetClassConfig
                0x0800f8a6       0x38 CMakeFiles/final.dir/Middlewares/ST/STM32_USB_Device_Library/Core/Src/usbd_core.c.obj
                0x0800f8a6                USBD_SetClassConfig
 .text.USBD_ClrClassConfig
                0x0800f8de       0x34 CMakeFiles/final.dir/Middlewares/ST/STM32_USB_Device_Library/Core/Src/usbd_core.c.obj
                0x0800f8de                USBD_ClrClassConfig
 .text.USBD_LL_SetupStage
                0x0800f912       0xaa CMakeFiles/final.dir/Middlewares/ST/STM32_USB_Device_Library/Core/Src/usbd_core.c.obj
                0x0800f912                USBD_LL_SetupStage
 .text.USBD_LL_DataOutStage
                0x0800f9bc      0x166 CMakeFiles/final.dir/Middlewares/ST/STM32_USB_Device_Library/Core/Src/usbd_core.c.obj
                0x0800f9bc                USBD_LL_DataOutStage
 .text.USBD_LL_DataInStage
                0x0800fb22      0x164 CMakeFiles/final.dir/Middlewares/ST/STM32_USB_Device_Library/Core/Src/usbd_core.c.obj
                0x0800fb22                USBD_LL_DataInStage
 .text.USBD_LL_Reset
                0x0800fc86       0xa4 CMakeFiles/final.dir/Middlewares/ST/STM32_USB_Device_Library/Core/Src/usbd_core.c.obj
                0x0800fc86                USBD_LL_Reset
 .text.USBD_LL_SetSpeed
                0x0800fd2a       0x20 CMakeFiles/final.dir/Middlewares/ST/STM32_USB_Device_Library/Core/Src/usbd_core.c.obj
                0x0800fd2a                USBD_LL_SetSpeed
 .text.USBD_LL_Suspend
                0x0800fd4a       0x38 CMakeFiles/final.dir/Middlewares/ST/STM32_USB_Device_Library/Core/Src/usbd_core.c.obj
                0x0800fd4a                USBD_LL_Suspend
 .text.USBD_LL_Resume
                0x0800fd82       0x30 CMakeFiles/final.dir/Middlewares/ST/STM32_USB_Device_Library/Core/Src/usbd_core.c.obj
                0x0800fd82                USBD_LL_Resume
 .text.USBD_LL_SOF
                0x0800fdb2       0x40 CMakeFiles/final.dir/Middlewares/ST/STM32_USB_Device_Library/Core/Src/usbd_core.c.obj
                0x0800fdb2                USBD_LL_SOF
 .text.USBD_LL_IsoINIncomplete
                0x0800fdf2       0x64 CMakeFiles/final.dir/Middlewares/ST/STM32_USB_Device_Library/Core/Src/usbd_core.c.obj
                0x0800fdf2                USBD_LL_IsoINIncomplete
 .text.USBD_LL_IsoOUTIncomplete
                0x0800fe56       0x64 CMakeFiles/final.dir/Middlewares/ST/STM32_USB_Device_Library/Core/Src/usbd_core.c.obj
                0x0800fe56                USBD_LL_IsoOUTIncomplete
 .text.USBD_LL_DevConnected
                0x0800feba       0x16 CMakeFiles/final.dir/Middlewares/ST/STM32_USB_Device_Library/Core/Src/usbd_core.c.obj
                0x0800feba                USBD_LL_DevConnected
 .text.USBD_LL_DevDisconnected
                0x0800fed0       0x46 CMakeFiles/final.dir/Middlewares/ST/STM32_USB_Device_Library/Core/Src/usbd_core.c.obj
                0x0800fed0                USBD_LL_DevDisconnected
 .text.USBD_CoreFindIF
                0x0800ff16       0x1a CMakeFiles/final.dir/Middlewares/ST/STM32_USB_Device_Library/Core/Src/usbd_core.c.obj
                0x0800ff16                USBD_CoreFindIF
 .text.USBD_CoreFindEP
                0x0800ff30       0x1a CMakeFiles/final.dir/Middlewares/ST/STM32_USB_Device_Library/Core/Src/usbd_core.c.obj
                0x0800ff30                USBD_CoreFindEP
 .text.USBD_GetEpDesc
                0x0800ff4a       0x74 CMakeFiles/final.dir/Middlewares/ST/STM32_USB_Device_Library/Core/Src/usbd_core.c.obj
                0x0800ff4a                USBD_GetEpDesc
 .text.USBD_GetNextDesc
                0x0800ffbe       0x3a CMakeFiles/final.dir/Middlewares/ST/STM32_USB_Device_Library/Core/Src/usbd_core.c.obj
                0x0800ffbe                USBD_GetNextDesc
 .text.SWAPBYTE
                0x0800fff8       0x3c CMakeFiles/final.dir/Middlewares/ST/STM32_USB_Device_Library/Core/Src/usbd_ctlreq.c.obj
 .text.USBD_StdDevReq
                0x08010034       0xe4 CMakeFiles/final.dir/Middlewares/ST/STM32_USB_Device_Library/Core/Src/usbd_ctlreq.c.obj
                0x08010034                USBD_StdDevReq
 .text.USBD_StdItfReq
                0x08010118       0xd8 CMakeFiles/final.dir/Middlewares/ST/STM32_USB_Device_Library/Core/Src/usbd_ctlreq.c.obj
                0x08010118                USBD_StdItfReq
 .text.USBD_StdEPReq
                0x080101f0      0x33a CMakeFiles/final.dir/Middlewares/ST/STM32_USB_Device_Library/Core/Src/usbd_ctlreq.c.obj
                0x080101f0                USBD_StdEPReq
 *fill*         0x0801052a        0x2 
 .text.USBD_GetDescriptor
                0x0801052c      0x328 CMakeFiles/final.dir/Middlewares/ST/STM32_USB_Device_Library/Core/Src/usbd_ctlreq.c.obj
 .text.USBD_SetAddress
                0x08010854       0x88 CMakeFiles/final.dir/Middlewares/ST/STM32_USB_Device_Library/Core/Src/usbd_ctlreq.c.obj
 .text.USBD_SetConfig
                0x080108dc      0x154 CMakeFiles/final.dir/Middlewares/ST/STM32_USB_Device_Library/Core/Src/usbd_ctlreq.c.obj
 .text.USBD_GetConfig
                0x08010a30       0x6c CMakeFiles/final.dir/Middlewares/ST/STM32_USB_Device_Library/Core/Src/usbd_ctlreq.c.obj
 .text.USBD_GetStatus
                0x08010a9c       0x68 CMakeFiles/final.dir/Middlewares/ST/STM32_USB_Device_Library/Core/Src/usbd_ctlreq.c.obj
 .text.USBD_SetFeature
                0x08010b04       0x52 CMakeFiles/final.dir/Middlewares/ST/STM32_USB_Device_Library/Core/Src/usbd_ctlreq.c.obj
 .text.USBD_ClrFeature
                0x08010b56       0x44 CMakeFiles/final.dir/Middlewares/ST/STM32_USB_Device_Library/Core/Src/usbd_ctlreq.c.obj
 .text.USBD_ParseSetupRequest
                0x08010b9a       0x74 CMakeFiles/final.dir/Middlewares/ST/STM32_USB_Device_Library/Core/Src/usbd_ctlreq.c.obj
                0x08010b9a                USBD_ParseSetupRequest
 .text.USBD_CtlError
                0x08010c0e       0x22 CMakeFiles/final.dir/Middlewares/ST/STM32_USB_Device_Library/Core/Src/usbd_ctlreq.c.obj
                0x08010c0e                USBD_CtlError
 .text.USBD_GetString
                0x08010c30       0x8c CMakeFiles/final.dir/Middlewares/ST/STM32_USB_Device_Library/Core/Src/usbd_ctlreq.c.obj
                0x08010c30                USBD_GetString
 .text.USBD_GetLen
                0x08010cbc       0x34 CMakeFiles/final.dir/Middlewares/ST/STM32_USB_Device_Library/Core/Src/usbd_ctlreq.c.obj
 .text.USBD_CtlSendData
                0x08010cf0       0x36 CMakeFiles/final.dir/Middlewares/ST/STM32_USB_Device_Library/Core/Src/usbd_ioreq.c.obj
                0x08010cf0                USBD_CtlSendData
 .text.USBD_CtlContinueSendData
                0x08010d26       0x22 CMakeFiles/final.dir/Middlewares/ST/STM32_USB_Device_Library/Core/Src/usbd_ioreq.c.obj
                0x08010d26                USBD_CtlContinueSendData
 .text.USBD_CtlPrepareRx
                0x08010d48       0x3a CMakeFiles/final.dir/Middlewares/ST/STM32_USB_Device_Library/Core/Src/usbd_ioreq.c.obj
                0x08010d48                USBD_CtlPrepareRx
 .text.USBD_CtlContinueRx
                0x08010d82       0x22 CMakeFiles/final.dir/Middlewares/ST/STM32_USB_Device_Library/Core/Src/usbd_ioreq.c.obj
                0x08010d82                USBD_CtlContinueRx
 .text.USBD_CtlSendStatus
                0x08010da4       0x26 CMakeFiles/final.dir/Middlewares/ST/STM32_USB_Device_Library/Core/Src/usbd_ioreq.c.obj
                0x08010da4                USBD_CtlSendStatus
 .text.USBD_CtlReceiveStatus
                0x08010dca       0x26 CMakeFiles/final.dir/Middlewares/ST/STM32_USB_Device_Library/Core/Src/usbd_ioreq.c.obj
                0x08010dca                USBD_CtlReceiveStatus
 .text.USBD_CUSTOM_HID_Init
                0x08010df0      0x154 CMakeFiles/final.dir/Middlewares/ST/STM32_USB_Device_Library/Class/CustomHID/Src/usbd_customhid.c.obj
 .text.USBD_CUSTOM_HID_DeInit
                0x08010f44       0xf4 CMakeFiles/final.dir/Middlewares/ST/STM32_USB_Device_Library/Class/CustomHID/Src/usbd_customhid.c.obj
 .text.USBD_CUSTOM_HID_Setup
                0x08011038      0x234 CMakeFiles/final.dir/Middlewares/ST/STM32_USB_Device_Library/Class/CustomHID/Src/usbd_customhid.c.obj
 .text.USBD_CUSTOM_HID_SendReport
                0x0801126c       0x64 CMakeFiles/final.dir/Middlewares/ST/STM32_USB_Device_Library/Class/CustomHID/Src/usbd_customhid.c.obj
                0x0801126c                USBD_CUSTOM_HID_SendReport
 .text.USBD_CUSTOM_HID_GetFSCfgDesc
                0x080112d0       0x64 CMakeFiles/final.dir/Middlewares/ST/STM32_USB_Device_Library/Class/CustomHID/Src/usbd_customhid.c.obj
 .text.USBD_CUSTOM_HID_GetHSCfgDesc
                0x08011334       0x64 CMakeFiles/final.dir/Middlewares/ST/STM32_USB_Device_Library/Class/CustomHID/Src/usbd_customhid.c.obj
 .text.USBD_CUSTOM_HID_GetOtherSpeedCfgDesc
                0x08011398       0x64 CMakeFiles/final.dir/Middlewares/ST/STM32_USB_Device_Library/Class/CustomHID/Src/usbd_customhid.c.obj
 .text.USBD_CUSTOM_HID_DataIn
                0x080113fc       0x2c CMakeFiles/final.dir/Middlewares/ST/STM32_USB_Device_Library/Class/CustomHID/Src/usbd_customhid.c.obj
 .text.USBD_CUSTOM_HID_DataOut
                0x08011428       0x5a CMakeFiles/final.dir/Middlewares/ST/STM32_USB_Device_Library/Class/CustomHID/Src/usbd_customhid.c.obj
 *fill*         0x08011482        0x2 
 .text.USBD_CUSTOM_HID_ReceivePacket
                0x08011484       0x4c CMakeFiles/final.dir/Middlewares/ST/STM32_USB_Device_Library/Class/CustomHID/Src/usbd_customhid.c.obj
                0x08011484                USBD_CUSTOM_HID_ReceivePacket
 .text.USBD_CUSTOM_HID_EP0_RxReady
                0x080114d0       0x58 CMakeFiles/final.dir/Middlewares/ST/STM32_USB_Device_Library/Class/CustomHID/Src/usbd_customhid.c.obj
 .text.USBD_CUSTOM_HID_GetDeviceQualifierDesc
                0x08011528       0x20 CMakeFiles/final.dir/Middlewares/ST/STM32_USB_Device_Library/Class/CustomHID/Src/usbd_customhid.c.obj
 .text.USBD_CUSTOM_HID_RegisterInterface
                0x08011548       0x34 CMakeFiles/final.dir/Middlewares/ST/STM32_USB_Device_Library/Class/CustomHID/Src/usbd_customhid.c.obj
                0x08011548                USBD_CUSTOM_HID_RegisterInterface
 .text._sbrk    0x0801157c       0x6c CMakeFiles/final.dir/Core/Src/sysmem.c.obj
                0x0801157c                _sbrk
 .text._getpid  0x080115e8       0x10 CMakeFiles/final.dir/Core/Src/syscalls.c.obj
                0x080115e8                _getpid
 .text._kill    0x080115f8       0x20 CMakeFiles/final.dir/Core/Src/syscalls.c.obj
                0x080115f8                _kill
 .text._exit    0x08011618       0x14 CMakeFiles/final.dir/Core/Src/syscalls.c.obj
                0x08011618                _exit
 .text._read    0x0801162c       0x3a CMakeFiles/final.dir/Core/Src/syscalls.c.obj
                0x0801162c                _read
 .text._write   0x08011666       0x38 CMakeFiles/final.dir/Core/Src/syscalls.c.obj
                0x08011666                _write
 .text._close   0x0801169e       0x18 CMakeFiles/final.dir/Core/Src/syscalls.c.obj
                0x0801169e                _close
 .text._fstat   0x080116b6       0x20 CMakeFiles/final.dir/Core/Src/syscalls.c.obj
                0x080116b6                _fstat
 .text._isatty  0x080116d6       0x16 CMakeFiles/final.dir/Core/Src/syscalls.c.obj
                0x080116d6                _isatty
 .text._lseek   0x080116ec       0x1a CMakeFiles/final.dir/Core/Src/syscalls.c.obj
                0x080116ec                _lseek
 *fill*         0x08011706        0x2 
 .text.Reset_Handler
                0x08011708       0x50 CMakeFiles/final.dir/startup_stm32l475xx.s.obj
                0x08011708                Reset_Handler
 .text.Default_Handler
                0x08011758        0x2 CMakeFiles/final.dir/startup_stm32l475xx.s.obj
                0x08011758                RTC_Alarm_IRQHandler
                0x08011758                EXTI2_IRQHandler
                0x08011758                TIM8_TRG_COM_IRQHandler
                0x08011758                TIM8_CC_IRQHandler
                0x08011758                TIM1_CC_IRQHandler
                0x08011758                TSC_IRQHandler
                0x08011758                TAMP_STAMP_IRQHandler
                0x08011758                EXTI3_IRQHandler
                0x08011758                LPTIM2_IRQHandler
                0x08011758                DFSDM1_FLT1_IRQHandler
                0x08011758                I2C3_ER_IRQHandler
                0x08011758                DFSDM1_FLT2_IRQHandler
                0x08011758                EXTI0_IRQHandler
                0x08011758                I2C2_EV_IRQHandler
                0x08011758                CAN1_RX0_IRQHandler
                0x08011758                FPU_IRQHandler
                0x08011758                TIM1_UP_TIM16_IRQHandler
                0x08011758                ADC1_2_IRQHandler
                0x08011758                SPI1_IRQHandler
                0x08011758                TIM8_UP_IRQHandler
                0x08011758                DMA2_Channel2_IRQHandler
                0x08011758                SAI2_IRQHandler
                0x08011758                DFSDM1_FLT3_IRQHandler
                0x08011758                USART3_IRQHandler
                0x08011758                DMA1_Channel7_IRQHandler
                0x08011758                CAN1_RX1_IRQHandler
                0x08011758                UART5_IRQHandler
                0x08011758                ADC3_IRQHandler
                0x08011758                TIM4_IRQHandler
                0x08011758                DMA2_Channel1_IRQHandler
                0x08011758                QUADSPI_IRQHandler
                0x08011758                I2C1_EV_IRQHandler
                0x08011758                DMA1_Channel6_IRQHandler
                0x08011758                UART4_IRQHandler
                0x08011758                DMA2_Channel4_IRQHandler
                0x08011758                TIM3_IRQHandler
                0x08011758                RCC_IRQHandler
                0x08011758                DMA1_Channel1_IRQHandler
                0x08011758                Default_Handler
                0x08011758                DMA2_Channel7_IRQHandler
                0x08011758                TIM7_IRQHandler
                0x08011758                SDMMC1_IRQHandler
                0x08011758                TIM5_IRQHandler
                0x08011758                I2C3_EV_IRQHandler
                0x08011758                RTC_WKUP_IRQHandler
                0x08011758                PVD_PVM_IRQHandler
                0x08011758                SPI2_IRQHandler
                0x08011758                CAN1_TX_IRQHandler
                0x08011758                DMA2_Channel5_IRQHandler
                0x08011758                DMA1_Channel5_IRQHandler
                0x08011758                EXTI4_IRQHandler
                0x08011758                RNG_IRQHandler
                0x08011758                TIM1_TRG_COM_TIM17_IRQHandler
                0x08011758                COMP_IRQHandler
                0x08011758                WWDG_IRQHandler
                0x08011758                LPUART1_IRQHandler
                0x08011758                DMA2_Channel6_IRQHandler
                0x08011758                TIM2_IRQHandler
                0x08011758                EXTI1_IRQHandler
                0x08011758                USART2_IRQHandler
                0x08011758                DFSDM1_FLT0_IRQHandler
                0x08011758                I2C2_ER_IRQHandler
                0x08011758                DMA1_Channel2_IRQHandler
                0x08011758                TIM8_BRK_IRQHandler
                0x08011758                CAN1_SCE_IRQHandler
                0x08011758                FLASH_IRQHandler
                0x08011758                USART1_IRQHandler
                0x08011758                SPI3_IRQHandler