Archive member included to satisfy reference by file (symbol)

c:/progra~2/gnuarm~1/102021~1.10/bin/../lib/gcc/arm-none-eabi/10.3.1/../../../../arm-none-eabi/lib/thumb/v7e-m+fp/hard\libc_nano.a(lib_a-exit.o)
                              c:/progra~2/gnuarm~1/102021~1.10/bin/../lib/gcc/arm-none-eabi/10.3.1/../../../../arm-none-eabi/lib/thumb/v7e-m+fp/hard/crt0.o (exit)
c:/progra~2/gnuarm~1/102021~1.10/bin/../lib/gcc/arm-none-eabi/10.3.1/../../../../arm-none-eabi/lib/thumb/v7e-m+fp/hard\libc_nano.a(lib_a-impure.o)
                              c:/progra~2/gnuarm~1/102021~1.10/bin/../lib/gcc/arm-none-eabi/10.3.1/../../../../arm-none-eabi/lib/thumb/v7e-m+fp/hard\libc_nano.a(lib_a-exit.o) (_global_impure_ptr)
c:/progra~2/gnuarm~1/102021~1.10/bin/../lib/gcc/arm-none-eabi/10.3.1/../../../../arm-none-eabi/lib/thumb/v7e-m+fp/hard\libc_nano.a(lib_a-init.o)
                              c:/progra~2/gnuarm~1/102021~1.10/bin/../lib/gcc/arm-none-eabi/10.3.1/../../../../arm-none-eabi/lib/thumb/v7e-m+fp/hard/crt0.o (__libc_init_array)
c:/progra~2/gnuarm~1/102021~1.10/bin/../lib/gcc/arm-none-eabi/10.3.1/../../../../arm-none-eabi/lib/thumb/v7e-m+fp/hard\libc_nano.a(lib_a-memset.o)
                              c:/progra~2/gnuarm~1/102021~1.10/bin/../lib/gcc/arm-none-eabi/10.3.1/../../../../arm-none-eabi/lib/thumb/v7e-m+fp/hard/crt0.o (memset)
c:/progra~2/gnuarm~1/102021~1.10/bin/../lib/gcc/arm-none-eabi/10.3.1/thumb/v7e-m+fp/hard\libgcc.a(_aeabi_uldivmod.o)
                              CMakeFiles/st7789_test.dir/Drivers/STM32L4xx_HAL_Driver/Src/stm32l4xx_hal_uart.c.obj (__aeabi_uldivmod)
c:/progra~2/gnuarm~1/102021~1.10/bin/../lib/gcc/arm-none-eabi/10.3.1/thumb/v7e-m+fp/hard\libgcc.a(_udivmoddi4.o)
                              c:/progra~2/gnuarm~1/102021~1.10/bin/../lib/gcc/arm-none-eabi/10.3.1/thumb/v7e-m+fp/hard\libgcc.a(_aeabi_uldivmod.o) (__udivmoddi4)
c:/progra~2/gnuarm~1/102021~1.10/bin/../lib/gcc/arm-none-eabi/10.3.1/thumb/v7e-m+fp/hard\libgcc.a(_dvmd_tls.o)
                              c:/progra~2/gnuarm~1/102021~1.10/bin/../lib/gcc/arm-none-eabi/10.3.1/thumb/v7e-m+fp/hard\libgcc.a(_aeabi_uldivmod.o) (__aeabi_ldiv0)
c:/progra~2/gnuarm~1/102021~1.10/bin/../lib/gcc/arm-none-eabi/10.3.1/../../../../arm-none-eabi/lib/thumb/v7e-m+fp/hard\libg_nano.a(lib_a-errno.o)
                              CMakeFiles/st7789_test.dir/Core/Src/sysmem.c.obj (__errno)

Discarded input sections

 .text          0x00000000        0x0 c:/progra~2/gnuarm~1/102021~1.10/bin/../lib/gcc/arm-none-eabi/10.3.1/thumb/v7e-m+fp/hard/crti.o
 .data          0x00000000        0x0 c:/progra~2/gnuarm~1/102021~1.10/bin/../lib/gcc/arm-none-eabi/10.3.1/thumb/v7e-m+fp/hard/crti.o
 .bss           0x00000000        0x0 c:/progra~2/gnuarm~1/102021~1.10/bin/../lib/gcc/arm-none-eabi/10.3.1/thumb/v7e-m+fp/hard/crti.o
 .data          0x00000000        0x4 c:/progra~2/gnuarm~1/102021~1.10/bin/../lib/gcc/arm-none-eabi/10.3.1/thumb/v7e-m+fp/hard/crtbegin.o
 .rodata        0x00000000       0x24 c:/progra~2/gnuarm~1/102021~1.10/bin/../lib/gcc/arm-none-eabi/10.3.1/thumb/v7e-m+fp/hard/crtbegin.o
 .text          0x00000000       0x7c c:/progra~2/gnuarm~1/102021~1.10/bin/../lib/gcc/arm-none-eabi/10.3.1/../../../../arm-none-eabi/lib/thumb/v7e-m+fp/hard/crt0.o
 .data          0x00000000        0x0 c:/progra~2/gnuarm~1/102021~1.10/bin/../lib/gcc/arm-none-eabi/10.3.1/../../../../arm-none-eabi/lib/thumb/v7e-m+fp/hard/crt0.o
 .bss           0x00000000        0x0 c:/progra~2/gnuarm~1/102021~1.10/bin/../lib/gcc/arm-none-eabi/10.3.1/../../../../arm-none-eabi/lib/thumb/v7e-m+fp/hard/crt0.o
 .ARM.extab     0x00000000        0x0 c:/progra~2/gnuarm~1/102021~1.10/bin/../lib/gcc/arm-none-eabi/10.3.1/../../../../arm-none-eabi/lib/thumb/v7e-m+fp/hard/crt0.o
 .ARM.exidx     0x00000000       0x10 c:/progra~2/gnuarm~1/102021~1.10/bin/../lib/gcc/arm-none-eabi/10.3.1/../../../../arm-none-eabi/lib/thumb/v7e-m+fp/hard/crt0.o
 .ARM.attributes
                0x00000000       0x1c c:/progra~2/gnuarm~1/102021~1.10/bin/../lib/gcc/arm-none-eabi/10.3.1/../../../../arm-none-eabi/lib/thumb/v7e-m+fp/hard/crt0.o
 .text          0x00000000        0x0 c:/progra~2/gnuarm~1/102021~1.10/bin/../lib/gcc/arm-none-eabi/10.3.1/../../../../arm-none-eabi/lib/thumb/v7e-m+fp/hard\libc_nano.a(lib_a-exit.o)
 .data          0x00000000        0x0 c:/progra~2/gnuarm~1/102021~1.10/bin/../lib/gcc/arm-none-eabi/10.3.1/../../../../arm-none-eabi/lib/thumb/v7e-m+fp/hard\libc_nano.a(lib_a-exit.o)
 .bss           0x00000000        0x0 c:/progra~2/gnuarm~1/102021~1.10/bin/../lib/gcc/arm-none-eabi/10.3.1/../../../../arm-none-eabi/lib/thumb/v7e-m+fp/hard\libc_nano.a(lib_a-exit.o)
 .text.exit     0x00000000       0x28 c:/progra~2/gnuarm~1/102021~1.10/bin/../lib/gcc/arm-none-eabi/10.3.1/../../../../arm-none-eabi/lib/thumb/v7e-m+fp/hard\libc_nano.a(lib_a-exit.o)
[...]
Memory Configuration

Name             Origin             Length             Attributes
RAM              0x20000000         0x00018000         xrw
RAM2             0x10000000         0x00008000         xrw
FLASH            0x08000000         0x00100000         xr
*default*        0x00000000         0xffffffff

Linker script and memory map

LOAD c:/progra~2/gnuarm~1/102021~1.10/bin/../lib/gcc/arm-none-eabi/10.3.1/thumb/v7e-m+fp/hard/crti.o
LOAD c:/progra~2/gnuarm~1/102021~1.10/bin/../lib/gcc/arm-none-eabi/10.3.1/thumb/v7e-m+fp/hard/crtbegin.o
LOAD c:/progra~2/gnuarm~1/102021~1.10/bin/../lib/gcc/arm-none-eabi/10.3.1/../../../../arm-none-eabi/lib/thumb/v7e-m+fp/hard/crt0.o
START GROUP
LOAD c:/progra~2/gnuarm~1/102021~1.10/bin/../lib/gcc/arm-none-eabi/10.3.1/../../../../arm-none-eabi/lib/thumb/v7e-m+fp/hard\libc_nano.a
LOAD c:/progra~2/gnuarm~1/102021~1.10/bin/../lib/gcc/arm-none-eabi/10.3.1/../../../../arm-none-eabi/lib/thumb/v7e-m+fp/hard\libm.a
END GROUP
LOAD CMakeFiles/st7789_test.dir/ST7789/fonts.c.obj
LOAD CMakeFiles/st7789_test.dir/ST7789/st7789.c.obj
LOAD CMakeFiles/st7789_test.dir/Core/Src/main.c.obj
LOAD CMakeFiles/st7789_test.dir/Core/Src/gpio.c.obj
LOAD CMakeFiles/st7789_test.dir/Core/Src/dfsdm.c.obj
LOAD CMakeFiles/st7789_test.dir/Core/Src/dma.c.obj
LOAD CMakeFiles/st7789_test.dir/Core/Src/i2c.c.obj
LOAD CMakeFiles/st7789_test.dir/Core/Src/quadspi.c.obj
LOAD CMakeFiles/st7789_test.dir/Core/Src/spi.c.obj
LOAD CMakeFiles/st7789_test.dir/Core/Src/usart.c.obj
LOAD CMakeFiles/st7789_test.dir/Core/Src/usb_otg.c.obj
LOAD CMakeFiles/st7789_test.dir/Core/Src/stm32l4xx_it.c.obj
LOAD CMakeFiles/st7789_test.dir/Core/Src/stm32l4xx_hal_msp.c.obj
LOAD CMakeFiles/st7789_test.dir/Drivers/STM32L4xx_HAL_Driver/Src/stm32l4xx_hal_dfsdm.c.obj
LOAD CMakeFiles/st7789_test.dir/Drivers/STM32L4xx_HAL_Driver/Src/stm32l4xx_hal.c.obj
LOAD CMakeFiles/st7789_test.dir/Drivers/STM32L4xx_HAL_Driver/Src/stm32l4xx_hal_rcc.c.obj
LOAD CMakeFiles/st7789_test.dir/Drivers/STM32L4xx_HAL_Driver/Src/stm32l4xx_hal_rcc_ex.c.obj
LOAD CMakeFiles/st7789_test.dir/Drivers/STM32L4xx_HAL_Driver/Src/stm32l4xx_hal_flash.c.obj
LOAD CMakeFiles/st7789_test.dir/Drivers/STM32L4xx_HAL_Driver/Src/stm32l4xx_hal_flash_ex.c.obj
LOAD CMakeFiles/st7789_test.dir/Drivers/STM32L4xx_HAL_Driver/Src/stm32l4xx_hal_flash_ramfunc.c.obj
LOAD CMakeFiles/st7789_test.dir/Drivers/STM32L4xx_HAL_Driver/Src/stm32l4xx_hal_gpio.c.obj
LOAD CMakeFiles/st7789_test.dir/Drivers/STM32L4xx_HAL_Driver/Src/stm32l4xx_hal_i2c.c.obj
LOAD CMakeFiles/st7789_test.dir/Drivers/STM32L4xx_HAL_Driver/Src/stm32l4xx_hal_i2c_ex.c.obj
LOAD CMakeFiles/st7789_test.dir/Drivers/STM32L4xx_HAL_Driver/Src/stm32l4xx_hal_dma.c.obj
LOAD CMakeFiles/st7789_test.dir/Drivers/STM32L4xx_HAL_Driver/Src/stm32l4xx_hal_dma_ex.c.obj
LOAD CMakeFiles/st7789_test.dir/Drivers/STM32L4xx_HAL_Driver/Src/stm32l4xx_hal_pwr.c.obj
LOAD CMakeFiles/st7789_test.dir/Drivers/STM32L4xx_HAL_Driver/Src/stm32l4xx_hal_pwr_ex.c.obj
LOAD CMakeFiles/st7789_test.dir/Drivers/STM32L4xx_HAL_Driver/Src/stm32l4xx_hal_cortex.c.obj
LOAD CMakeFiles/st7789_test.dir/Drivers/STM32L4xx_HAL_Driver/Src/stm32l4xx_hal_exti.c.obj
LOAD CMakeFiles/st7789_test.dir/Drivers/STM32L4xx_HAL_Driver/Src/stm32l4xx_hal_qspi.c.obj
LOAD CMakeFiles/st7789_test.dir/Drivers/STM32L4xx_HAL_Driver/Src/stm32l4xx_hal_spi.c.obj
LOAD CMakeFiles/st7789_test.dir/Drivers/STM32L4xx_HAL_Driver/Src/stm32l4xx_hal_spi_ex.c.obj
LOAD CMakeFiles/st7789_test.dir/Drivers/STM32L4xx_HAL_Driver/Src/stm32l4xx_hal_tim.c.obj
LOAD CMakeFiles/st7789_test.dir/Drivers/STM32L4xx_HAL_Driver/Src/stm32l4xx_hal_tim_ex.c.obj
LOAD CMakeFiles/st7789_test.dir/Drivers/STM32L4xx_HAL_Driver/Src/stm32l4xx_hal_uart.c.obj
LOAD CMakeFiles/st7789_test.dir/Drivers/STM32L4xx_HAL_Driver/Src/stm32l4xx_hal_uart_ex.c.obj
LOAD CMakeFiles/st7789_test.dir/Drivers/STM32L4xx_HAL_Driver/Src/stm32l4xx_hal_pcd.c.obj
LOAD CMakeFiles/st7789_test.dir/Drivers/STM32L4xx_HAL_Driver/Src/stm32l4xx_hal_pcd_ex.c.obj
LOAD CMakeFiles/st7789_test.dir/Drivers/STM32L4xx_HAL_Driver/Src/stm32l4xx_ll_usb.c.obj
LOAD CMakeFiles/st7789_test.dir/Core/Src/system_stm32l4xx.c.obj
LOAD CMakeFiles/st7789_test.dir/Core/Src/sysmem.c.obj
LOAD CMakeFiles/st7789_test.dir/Core/Src/syscalls.c.obj
LOAD CMakeFiles/st7789_test.dir/startup_stm32l475xx.s.obj
START GROUP
LOAD c:/progra~2/gnuarm~1/102021~1.10/bin/../lib/gcc/arm-none-eabi/10.3.1/thumb/v7e-m+fp/hard\libgcc.a
LOAD c:/progra~2/gnuarm~1/102021~1.10/bin/../lib/gcc/arm-none-eabi/10.3.1/../../../../arm-none-eabi/lib/thumb/v7e-m+fp/hard\libg_nano.a
LOAD c:/progra~2/gnuarm~1/102021~1.10/bin/../lib/gcc/arm-none-eabi/10.3.1/../../../../arm-none-eabi/lib/thumb/v7e-m+fp/hard\libc_nano.a
END GROUP
START GROUP
LOAD c:/progra~2/gnuarm~1/102021~1.10/bin/../lib/gcc/arm-none-eabi/10.3.1/thumb/v7e-m+fp/hard\libgcc.a
LOAD c:/progra~2/gnuarm~1/102021~1.10/bin/../lib/gcc/arm-none-eabi/10.3.1/../../../../arm-none-eabi/lib/thumb/v7e-m+fp/hard\libc_nano.a
END GROUP
LOAD c:/progra~2/gnuarm~1/102021~1.10/bin/../lib/gcc/arm-none-eabi/10.3.1/thumb/v7e-m+fp/hard/crtend.o
LOAD c:/progra~2/gnuarm~1/102021~1.10/bin/../lib/gcc/arm-none-eabi/10.3.1/thumb/v7e-m+fp/hard/crtn.o
                0x20018000                _estack = (ORIGIN (RAM) + LENGTH (RAM))
                0x00000200                _Min_Heap_Size = 0x200
                0x00000400                _Min_Stack_Size = 0x400

.isr_vector     0x08000000      0x188
                0x08000000                . = ALIGN (0x8)
 *(.isr_vector)
 .isr_vector    0x08000000      0x188 CMakeFiles/st7789_test.dir/startup_stm32l475xx.s.obj
                0x08000000                g_pfnVectors
                0x08000188                . = ALIGN (0x8)

.text           0x08000188     0x6890
                0x08000188                . = ALIGN (0x8)
 *(.text)
 .text          0x08000188       0x40 c:/progra~2/gnuarm~1/102021~1.10/bin/../lib/gcc/arm-none-eabi/10.3.1/thumb/v7e-m+fp/hard/crtbegin.o
 .text          0x080001c8       0x30 c:/progra~2/gnuarm~1/102021~1.10/bin/../lib/gcc/arm-none-eabi/10.3.1/thumb/v7e-m+fp/hard\libgcc.a(_aeabi_uldivmod.o)
                0x080001c8                __aeabi_uldivmod
 .text          0x080001f8      0x2d0 c:/progra~2/gnuarm~1/102021~1.10/bin/../lib/gcc/arm-none-eabi/10.3.1/thumb/v7e-m+fp/hard\libgcc.a(_udivmoddi4.o)
                0x080001f8                __udivmoddi4
 .text          0x080004c8        0x4 c:/progra~2/gnuarm~1/102021~1.10/bin/../lib/gcc/arm-none-eabi/10.3.1/thumb/v7e-m+fp/hard\libgcc.a(_dvmd_tls.o)
                0x080004c8                __aeabi_idiv0
                0x080004c8                __aeabi_ldiv0
 *(.text*)
 .text.__libc_init_array
                0x080004cc       0x48 c:/progra~2/gnuarm~1/102021~1.10/bin/../lib/gcc/arm-none-eabi/10.3.1/../../../../arm-none-eabi/lib/thumb/v7e-m+fp/hard\libc_nano.a(lib_a-init.o)
                0x080004cc                __libc_init_array
 .text.memset   0x08000514       0x10 c:/progra~2/gnuarm~1/102021~1.10/bin/../lib/gcc/arm-none-eabi/10.3.1/../../../../arm-none-eabi/lib/thumb/v7e-m+fp/hard\libc_nano.a(lib_a-memset.o)
                0x08000514                memset
 .text.ST7789_WriteCommand
                0x08000524       0x4c CMakeFiles/st7789_test.dir/ST7789/st7789.c.obj
 .text.ST7789_WriteData
                0x08000570       0xa0 CMakeFiles/st7789_test.dir/ST7789/st7789.c.obj
 .text.ST7789_WriteSmallData
                0x08000610       0x4c CMakeFiles/st7789_test.dir/ST7789/st7789.c.obj
 .text.ST7789_SetRotation
                0x0800065c       0x58 CMakeFiles/st7789_test.dir/ST7789/st7789.c.obj
                0x0800065c                ST7789_SetRotation
 .text.ST7789_SetAddressWindow
                0x080006b4       0xb8 CMakeFiles/st7789_test.dir/ST7789/st7789.c.obj
 .text.ST7789_Init
                0x0800076c      0x14c CMakeFiles/st7789_test.dir/ST7789/st7789.c.obj
                0x0800076c                ST7789_Init
 .text.ST7789_Fill_Color
                0x080008b8       0x64 CMakeFiles/st7789_test.dir/ST7789/st7789.c.obj
                0x080008b8                ST7789_Fill_Color
 .text.ST7789_DrawPixel
                0x0800091c       0x68 CMakeFiles/st7789_test.dir/ST7789/st7789.c.obj
                0x0800091c                ST7789_DrawPixel
 .text.ST7789_DrawLine
                0x08000984      0x118 CMakeFiles/st7789_test.dir/ST7789/st7789.c.obj
                0x08000984                ST7789_DrawLine
 .text.ST7789_DrawRectangle
                0x08000a9c       0x86 CMakeFiles/st7789_test.dir/ST7789/st7789.c.obj
                0x08000a9c                ST7789_DrawRectangle
 .text.ST7789_DrawCircle
                0x08000b22      0x1ca CMakeFiles/st7789_test.dir/ST7789/st7789.c.obj
                0x08000b22                ST7789_DrawCircle
 .text.ST7789_DrawImage
                0x08000cec       0x9c CMakeFiles/st7789_test.dir/ST7789/st7789.c.obj
                0x08000cec                ST7789_DrawImage
 .text.ST7789_WriteChar
                0x08000d88      0x100 CMakeFiles/st7789_test.dir/ST7789/st7789.c.obj
                0x08000d88                ST7789_WriteChar
 .text.ST7789_WriteString
                0x08000e88       0xa4 CMakeFiles/st7789_test.dir/ST7789/st7789.c.obj
                0x08000e88                ST7789_WriteString
 .text.ST7789_DrawFilledRectangle
                0x08000f2c       0xb0 CMakeFiles/st7789_test.dir/ST7789/st7789.c.obj
                0x08000f2c                ST7789_DrawFilledRectangle
 .text.ST7789_DrawTriangle
                0x08000fdc       0x74 CMakeFiles/st7789_test.dir/ST7789/st7789.c.obj
                0x08000fdc                ST7789_DrawTriangle
 .text.ST7789_DrawFilledTriangle
                0x08001050      0x19a CMakeFiles/st7789_test.dir/ST7789/st7789.c.obj
                0x08001050                ST7789_DrawFilledTriangle
 .text.ST7789_DrawFilledCircle
                0x080011ea      0x1cc CMakeFiles/st7789_test.dir/ST7789/st7789.c.obj
                0x080011ea                ST7789_DrawFilledCircle
 *fill*         0x080013b6        0x2 
 .text.ST7789_Test
                0x080013b8      0x350 CMakeFiles/st7789_test.dir/ST7789/st7789.c.obj
                0x080013b8                ST7789_Test
 .text.main     0x08001708       0x3e CMakeFiles/st7789_test.dir/Core/Src/main.c.obj
                0x08001708                main
 *fill*         0x08001746        0x2 
 .text.SystemClock_Config
                0x08001748       0xc4 CMakeFiles/st7789_test.dir/Core/Src/main.c.obj
                0x08001748                SystemClock_Config
 .text.Error_Handler
                0x0800180c        0xa CMakeFiles/st7789_test.dir/Core/Src/main.c.obj
                0x0800180c                Error_Handler
 *fill*         0x08001816        0x2 
 .text.MX_GPIO_Init
                0x08001818      0x33c CMakeFiles/st7789_test.dir/Core/Src/gpio.c.obj
                0x08001818                MX_GPIO_Init
 .text.MX_DFSDM1_Init
                0x08001b54       0x70 CMakeFiles/st7789_test.dir/Core/Src/dfsdm.c.obj
                0x08001b54                MX_DFSDM1_Init
 .text.HAL_DFSDM_ChannelMspInit
                0x08001bc4       0xc8 CMakeFiles/st7789_test.dir/Core/Src/dfsdm.c.obj
                0x08001bc4                HAL_DFSDM_ChannelMspInit
 .text.MX_DMA_Init
                0x08001c8c       0x3c CMakeFiles/st7789_test.dir/Core/Src/dma.c.obj
                0x08001c8c                MX_DMA_Init
 .text.MX_I2C2_Init
                0x08001cc8       0x7c CMakeFiles/st7789_test.dir/Core/Src/i2c.c.obj
                0x08001cc8                MX_I2C2_Init
 .text.HAL_I2C_MspInit
                0x08001d44       0xbc CMakeFiles/st7789_test.dir/Core/Src/i2c.c.obj
                0x08001d44                HAL_I2C_MspInit
 .text.MX_QUADSPI_Init
                0x08001e00       0x4c CMakeFiles/st7789_test.dir/Core/Src/quadspi.c.obj
                0x08001e00                MX_QUADSPI_Init
 .text.HAL_QSPI_MspInit
                0x08001e4c       0x88 CMakeFiles/st7789_test.dir/Core/Src/quadspi.c.obj
                0x08001e4c                HAL_QSPI_MspInit
 .text.MX_SPI1_Init
                0x08001ed4       0x7c CMakeFiles/st7789_test.dir/Core/Src/spi.c.obj
                0x08001ed4                MX_SPI1_Init
 .text.MX_SPI3_Init
                0x08001f50       0x7c CMakeFiles/st7789_test.dir/Core/Src/spi.c.obj
                0x08001f50                MX_SPI3_Init
 .text.HAL_SPI_MspInit
                0x08001fcc      0x144 CMakeFiles/st7789_test.dir/Core/Src/spi.c.obj
                0x08001fcc                HAL_SPI_MspInit
 .text.MX_USART1_UART_Init
                0x08002110       0x60 CMakeFiles/st7789_test.dir/Core/Src/usart.c.obj
                0x08002110                MX_USART1_UART_Init
 .text.MX_USART3_UART_Init
                0x08002170       0x60 CMakeFiles/st7789_test.dir/Core/Src/usart.c.obj
                0x08002170                MX_USART3_UART_Init
 .text.HAL_UART_MspInit
                0x080021d0      0x148 CMakeFiles/st7789_test.dir/Core/Src/usart.c.obj
                0x080021d0                HAL_UART_MspInit
 .text.MX_USB_OTG_FS_PCD_Init
                0x08002318       0x5c CMakeFiles/st7789_test.dir/Core/Src/usb_otg.c.obj
                0x08002318                MX_USB_OTG_FS_PCD_Init
 .text.HAL_PCD_MspInit
                0x08002374      0x138 CMakeFiles/st7789_test.dir/Core/Src/usb_otg.c.obj
                0x08002374                HAL_PCD_MspInit
 .text.NMI_Handler
                0x080024ac        0x6 CMakeFiles/st7789_test.dir/Core/Src/stm32l4xx_it.c.obj
                0x080024ac                NMI_Handler
 .text.HardFault_Handler
                0x080024b2        0x6 CMakeFiles/st7789_test.dir/Core/Src/stm32l4xx_it.c.obj
                0x080024b2                HardFault_Handler
 .text.MemManage_Handler
                0x080024b8        0x6 CMakeFiles/st7789_test.dir/Core/Src/stm32l4xx_it.c.obj
                0x080024b8                MemManage_Handler
 .text.BusFault_Handler
                0x080024be        0x6 CMakeFiles/st7789_test.dir/Core/Src/stm32l4xx_it.c.obj
                0x080024be                BusFault_Handler
 .text.UsageFault_Handler
                0x080024c4        0x6 CMakeFiles/st7789_test.dir/Core/Src/stm32l4xx_it.c.obj
                0x080024c4                UsageFault_Handler
 .text.SVC_Handler
                0x080024ca        0xe CMakeFiles/st7789_test.dir/Core/Src/stm32l4xx_it.c.obj
                0x080024ca                SVC_Handler
 .text.DebugMon_Handler
                0x080024d8        0xe CMakeFiles/st7789_test.dir/Core/Src/stm32l4xx_it.c.obj
                0x080024d8                DebugMon_Handler
 .text.PendSV_Handler
                0x080024e6        0xe CMakeFiles/st7789_test.dir/Core/Src/stm32l4xx_it.c.obj
                0x080024e6                PendSV_Handler
 .text.SysTick_Handler
                0x080024f4        0xc CMakeFiles/st7789_test.dir/Core/Src/stm32l4xx_it.c.obj
                0x080024f4                SysTick_Handler
 .text.DMA1_Channel3_IRQHandler
                0x08002500       0x14 CMakeFiles/st7789_test.dir/Core/Src/stm32l4xx_it.c.obj
                0x08002500                DMA1_Channel3_IRQHandler
 .text.EXTI9_5_IRQHandler
                0x08002514       0x22 CMakeFiles/st7789_test.dir/Core/Src/stm32l4xx_it.c.obj
                0x08002514                EXTI9_5_IRQHandler
 .text.EXTI15_10_IRQHandler
                0x08002536       0x30 CMakeFiles/st7789_test.dir/Core/Src/stm32l4xx_it.c.obj
                0x08002536                EXTI15_10_IRQHandler
 *fill*         0x08002566        0x2 
 .text.HAL_MspInit
                0x08002568       0x48 CMakeFiles/st7789_test.dir/Core/Src/stm32l4xx_hal_msp.c.obj
                0x08002568                HAL_MspInit
 .text.HAL_DFSDM_ChannelInit
                0x080025b0      0x180 CMakeFiles/st7789_test.dir/Drivers/STM32L4xx_HAL_Driver/Src/stm32l4xx_hal_dfsdm.c.obj
                0x080025b0                HAL_DFSDM_ChannelInit
 .text.DFSDM_GetChannelFromInstance
                0x08002730       0x98 CMakeFiles/st7789_test.dir/Drivers/STM32L4xx_HAL_Driver/Src/stm32l4xx_hal_dfsdm.c.obj
 .text.HAL_Init
                0x080027c8       0x30 CMakeFiles/st7789_test.dir/Drivers/STM32L4xx_HAL_Driver/Src/stm32l4xx_hal.c.obj
                0x080027c8                HAL_Init
 .text.HAL_InitTick
                0x080027f8       0x78 CMakeFiles/st7789_test.dir/Drivers/STM32L4xx_HAL_Driver/Src/stm32l4xx_hal.c.obj
                0x080027f8                HAL_InitTick
 .text.HAL_IncTick
                0x08002870       0x28 CMakeFiles/st7789_test.dir/Drivers/STM32L4xx_HAL_Driver/Src/stm32l4xx_hal.c.obj
                0x08002870                HAL_IncTick
 .text.HAL_GetTick
                0x08002898       0x18 CMakeFiles/st7789_test.dir/Drivers/STM32L4xx_HAL_Driver/Src/stm32l4xx_hal.c.obj
                0x08002898                HAL_GetTick
 .text.HAL_Delay
                0x080028b0       0x48 CMakeFiles/st7789_test.dir/Drivers/STM32L4xx_HAL_Driver/Src/stm32l4xx_hal.c.obj
                0x080028b0                HAL_Delay
 .text.HAL_RCC_OscConfig
                0x080028f8      0x7b8 CMakeFiles/st7789_test.dir/Drivers/STM32L4xx_HAL_Driver/Src/stm32l4xx_hal_rcc.c.obj
                0x080028f8                HAL_RCC_OscConfig
 .text.HAL_RCC_ClockConfig
                0x080030b0      0x200 CMakeFiles/st7789_test.dir/Drivers/STM32L4xx_HAL_Driver/Src/stm32l4xx_hal_rcc.c.obj
                0x080030b0                HAL_RCC_ClockConfig
 .text.HAL_RCC_GetSysClockFreq
                0x080032b0      0x118 CMakeFiles/st7789_test.dir/Drivers/STM32L4xx_HAL_Driver/Src/stm32l4xx_hal_rcc.c.obj
                0x080032b0                HAL_RCC_GetSysClockFreq
 .text.HAL_RCC_GetHCLKFreq
                0x080033c8       0x18 CMakeFiles/st7789_test.dir/Drivers/STM32L4xx_HAL_Driver/Src/stm32l4xx_hal_rcc.c.obj
                0x080033c8                HAL_RCC_GetHCLKFreq
 .text.HAL_RCC_GetPCLK1Freq
                0x080033e0       0x2c CMakeFiles/st7789_test.dir/Drivers/STM32L4xx_HAL_Driver/Src/stm32l4xx_hal_rcc.c.obj
                0x080033e0                HAL_RCC_GetPCLK1Freq
 .text.HAL_RCC_GetPCLK2Freq
                0x0800340c       0x2c CMakeFiles/st7789_test.dir/Drivers/STM32L4xx_HAL_Driver/Src/stm32l4xx_hal_rcc.c.obj
                0x0800340c                HAL_RCC_GetPCLK2Freq
 .text.RCC_SetFlashLatencyFromMSIRange
                0x08003438       0xc0 CMakeFiles/st7789_test.dir/Drivers/STM32L4xx_HAL_Driver/Src/stm32l4xx_hal_rcc.c.obj
 .text.HAL_RCCEx_PeriphCLKConfig
                0x080034f8      0x5d4 CMakeFiles/st7789_test.dir/Drivers/STM32L4xx_HAL_Driver/Src/stm32l4xx_hal_rcc_ex.c.obj
                0x080034f8                HAL_RCCEx_PeriphCLKConfig
 .text.HAL_RCCEx_EnableMSIPLLMode
                0x08003acc       0x20 CMakeFiles/st7789_test.dir/Drivers/STM32L4xx_HAL_Driver/Src/stm32l4xx_hal_rcc_ex.c.obj
                0x08003acc                HAL_RCCEx_EnableMSIPLLMode
 .text.RCCEx_PLLSAI1_Config
                0x08003aec      0x1e8 CMakeFiles/st7789_test.dir/Drivers/STM32L4xx_HAL_Driver/Src/stm32l4xx_hal_rcc_ex.c.obj
 .text.RCCEx_PLLSAI2_Config
                0x08003cd4      0x1bc CMakeFiles/st7789_test.dir/Drivers/STM32L4xx_HAL_Driver/Src/stm32l4xx_hal_rcc_ex.c.obj
 .text.HAL_GPIO_Init
                0x08003e90      0x354 CMakeFiles/st7789_test.dir/Drivers/STM32L4xx_HAL_Driver/Src/stm32l4xx_hal_gpio.c.obj
                0x08003e90                HAL_GPIO_Init
 .text.HAL_GPIO_WritePin
                0x080041e4       0x30 CMakeFiles/st7789_test.dir/Drivers/STM32L4xx_HAL_Driver/Src/stm32l4xx_hal_gpio.c.obj
                0x080041e4                HAL_GPIO_WritePin
 .text.HAL_GPIO_EXTI_IRQHandler
                0x08004214       0x30 CMakeFiles/st7789_test.dir/Drivers/STM32L4xx_HAL_Driver/Src/stm32l4xx_hal_gpio.c.obj
                0x08004214                HAL_GPIO_EXTI_IRQHandler
 .text.HAL_GPIO_EXTI_Callback
                0x08004244       0x16 CMakeFiles/st7789_test.dir/Drivers/STM32L4xx_HAL_Driver/Src/stm32l4xx_hal_gpio.c.obj
                0x08004244                HAL_GPIO_EXTI_Callback
 .text.HAL_I2C_Init
                0x0800425a      0x136 CMakeFiles/st7789_test.dir/Drivers/STM32L4xx_HAL_Driver/Src/stm32l4xx_hal_i2c.c.obj
                0x0800425a                HAL_I2C_Init
 .text.HAL_I2CEx_ConfigAnalogFilter
                0x08004390       0x96 CMakeFiles/st7789_test.dir/Drivers/STM32L4xx_HAL_Driver/Src/stm32l4xx_hal_i2c_ex.c.obj
                0x08004390                HAL_I2CEx_ConfigAnalogFilter
 .text.HAL_I2CEx_ConfigDigitalFilter
                0x08004426       0x98 CMakeFiles/st7789_test.dir/Drivers/STM32L4xx_HAL_Driver/Src/stm32l4xx_hal_i2c_ex.c.obj
                0x08004426                HAL_I2CEx_ConfigDigitalFilter
 *fill*         0x080044be        0x2 
 .text.HAL_DMA_Init
                0x080044c0      0x170 CMakeFiles/st7789_test.dir/Drivers/STM32L4xx_HAL_Driver/Src/stm32l4xx_hal_dma.c.obj
                0x080044c0                HAL_DMA_Init
 .text.HAL_DMA_Start_IT
                0x08004630       0xc0 CMakeFiles/st7789_test.dir/Drivers/STM32L4xx_HAL_Driver/Src/stm32l4xx_hal_dma.c.obj
                0x08004630                HAL_DMA_Start_IT
 .text.HAL_DMA_IRQHandler
                0x080046f0      0x15e CMakeFiles/st7789_test.dir/Drivers/STM32L4xx_HAL_Driver/Src/stm32l4xx_hal_dma.c.obj
                0x080046f0                HAL_DMA_IRQHandler
 .text.DMA_SetConfig
                0x0800484e       0x60 CMakeFiles/st7789_test.dir/Drivers/STM32L4xx_HAL_Driver/Src/stm32l4xx_hal_dma.c.obj
 *fill*         0x080048ae        0x2 
 .text.HAL_PWR_EnableBkUpAccess
                0x080048b0       0x20 CMakeFiles/st7789_test.dir/Drivers/STM32L4xx_HAL_Driver/Src/stm32l4xx_hal_pwr.c.obj
                0x080048b0                HAL_PWR_EnableBkUpAccess
 .text.HAL_PWREx_GetVoltageRange
                0x080048d0       0x1c CMakeFiles/st7789_test.dir/Drivers/STM32L4xx_HAL_Driver/Src/stm32l4xx_hal_pwr_ex.c.obj
                0x080048d0                HAL_PWREx_GetVoltageRange
 .text.HAL_PWREx_ControlVoltageScaling
                0x080048ec       0xac CMakeFiles/st7789_test.dir/Drivers/STM32L4xx_HAL_Driver/Src/stm32l4xx_hal_pwr_ex.c.obj
                0x080048ec                HAL_PWREx_ControlVoltageScaling
 .text.HAL_PWREx_EnableVddUSB
                0x08004998       0x20 CMakeFiles/st7789_test.dir/Drivers/STM32L4xx_HAL_Driver/Src/stm32l4xx_hal_pwr_ex.c.obj
                0x08004998                HAL_PWREx_EnableVddUSB
 .text.__NVIC_SetPriorityGrouping
                0x080049b8       0x48 CMakeFiles/st7789_test.dir/Drivers/STM32L4xx_HAL_Driver/Src/stm32l4xx_hal_cortex.c.obj
 .text.__NVIC_GetPriorityGrouping
                0x08004a00       0x1c CMakeFiles/st7789_test.dir/Drivers/STM32L4xx_HAL_Driver/Src/stm32l4xx_hal_cortex.c.obj
 .text.__NVIC_EnableIRQ
                0x08004a1c       0x3c CMakeFiles/st7789_test.dir/Drivers/STM32L4xx_HAL_Driver/Src/stm32l4xx_hal_cortex.c.obj
 .text.__NVIC_SetPriority
                0x08004a58       0x54 CMakeFiles/st7789_test.dir/Drivers/STM32L4xx_HAL_Driver/Src/stm32l4xx_hal_cortex.c.obj
 .text.NVIC_EncodePriority
                0x08004aac       0x66 CMakeFiles/st7789_test.dir/Drivers/STM32L4xx_HAL_Driver/Src/stm32l4xx_hal_cortex.c.obj
 *fill*         0x08004b12        0x2 
 .text.SysTick_Config
                0x08004b14       0x44 CMakeFiles/st7789_test.dir/Drivers/STM32L4xx_HAL_Driver/Src/stm32l4xx_hal_cortex.c.obj
 .text.HAL_NVIC_SetPriorityGrouping
                0x08004b58       0x16 CMakeFiles/st7789_test.dir/Drivers/STM32L4xx_HAL_Driver/Src/stm32l4xx_hal_cortex.c.obj
                0x08004b58                HAL_NVIC_SetPriorityGrouping
 .text.HAL_NVIC_SetPriority
                0x08004b6e       0x38 CMakeFiles/st7789_test.dir/Drivers/STM32L4xx_HAL_Driver/Src/stm32l4xx_hal_cortex.c.obj
                0x08004b6e                HAL_NVIC_SetPriority
 .text.HAL_NVIC_EnableIRQ
                0x08004ba6       0x1c CMakeFiles/st7789_test.dir/Drivers/STM32L4xx_HAL_Driver/Src/stm32l4xx_hal_cortex.c.obj
                0x08004ba6                HAL_NVIC_EnableIRQ
 .text.HAL_SYSTICK_Config
                0x08004bc2       0x18 CMakeFiles/st7789_test.dir/Drivers/STM32L4xx_HAL_Driver/Src/stm32l4xx_hal_cortex.c.obj
                0x08004bc2                HAL_SYSTICK_Config
 *fill*         0x08004bda        0x2 
 .text.HAL_QSPI_Init
                0x08004bdc       0xec CMakeFiles/st7789_test.dir/Drivers/STM32L4xx_HAL_Driver/Src/stm32l4xx_hal_qspi.c.obj
                0x08004bdc                HAL_QSPI_Init
 .text.HAL_QSPI_SetTimeout
                0x08004cc8       0x1c CMakeFiles/st7789_test.dir/Drivers/STM32L4xx_HAL_Driver/Src/stm32l4xx_hal_qspi.c.obj
                0x08004cc8                HAL_QSPI_SetTimeout
 .text.QSPI_WaitFlagStateUntilTimeout
                0x08004ce4       0x6e CMakeFiles/st7789_test.dir/Drivers/STM32L4xx_HAL_Driver/Src/stm32l4xx_hal_qspi.c.obj
 .text.HAL_SPI_Init
                0x08004d52      0x146 CMakeFiles/st7789_test.dir/Drivers/STM32L4xx_HAL_Driver/Src/stm32l4xx_hal_spi.c.obj
                0x08004d52                HAL_SPI_Init
 .text.HAL_SPI_Transmit
                0x08004e98      0x2ea CMakeFiles/st7789_test.dir/Drivers/STM32L4xx_HAL_Driver/Src/stm32l4xx_hal_spi.c.obj
                0x08004e98                HAL_SPI_Transmit
 *fill*         0x08005182        0x2 
 .text.HAL_SPI_Transmit_DMA
                0x08005184      0x1e0 CMakeFiles/st7789_test.dir/Drivers/STM32L4xx_HAL_Driver/Src/stm32l4xx_hal_spi.c.obj
                0x08005184                HAL_SPI_Transmit_DMA
 .text.HAL_SPI_TxCpltCallback
                0x08005364       0x14 CMakeFiles/st7789_test.dir/Drivers/STM32L4xx_HAL_Driver/Src/stm32l4xx_hal_spi.c.obj
                0x08005364                HAL_SPI_TxCpltCallback
 .text.HAL_SPI_TxHalfCpltCallback
                0x08005378       0x14 CMakeFiles/st7789_test.dir/Drivers/STM32L4xx_HAL_Driver/Src/stm32l4xx_hal_spi.c.obj
                0x08005378                HAL_SPI_TxHalfCpltCallback
 .text.HAL_SPI_ErrorCallback
                0x0800538c       0x14 CMakeFiles/st7789_test.dir/Drivers/STM32L4xx_HAL_Driver/Src/stm32l4xx_hal_spi.c.obj
                0x0800538c                HAL_SPI_ErrorCallback
 .text.SPI_DMATransmitCplt
                0x080053a0       0xa6 CMakeFiles/st7789_test.dir/Drivers/STM32L4xx_HAL_Driver/Src/stm32l4xx_hal_spi.c.obj
 .text.SPI_DMAHalfTransmitCplt
                0x08005446       0x1c CMakeFiles/st7789_test.dir/Drivers/STM32L4xx_HAL_Driver/Src/stm32l4xx_hal_spi.c.obj
 .text.SPI_DMAError
                0x08005462       0x40 CMakeFiles/st7789_test.dir/Drivers/STM32L4xx_HAL_Driver/Src/stm32l4xx_hal_spi.c.obj
 *fill*         0x080054a2        0x2 
 .text.SPI_WaitFlagStateUntilTimeout
                0x080054a4      0x110 CMakeFiles/st7789_test.dir/Drivers/STM32L4xx_HAL_Driver/Src/stm32l4xx_hal_spi.c.obj
 .text.SPI_WaitFifoStateUntilTimeout
                0x080055b4      0x12c CMakeFiles/st7789_test.dir/Drivers/STM32L4xx_HAL_Driver/Src/stm32l4xx_hal_spi.c.obj
 .text.SPI_EndRxTxTransaction
                0x080056e0       0x8c CMakeFiles/st7789_test.dir/Drivers/STM32L4xx_HAL_Driver/Src/stm32l4xx_hal_spi.c.obj
 .text.HAL_UART_Init
                0x0800576c       0x9c CMakeFiles/st7789_test.dir/Drivers/STM32L4xx_HAL_Driver/Src/stm32l4xx_hal_uart.c.obj
                0x0800576c                HAL_UART_Init
 .text.UART_SetConfig
                0x08005808      0x570 CMakeFiles/st7789_test.dir/Drivers/STM32L4xx_HAL_Driver/Src/stm32l4xx_hal_uart.c.obj
                0x08005808                UART_SetConfig
 .text.UART_AdvFeatureConfig
                0x08005d78      0x144 CMakeFiles/st7789_test.dir/Drivers/STM32L4xx_HAL_Driver/Src/stm32l4xx_hal_uart.c.obj
                0x08005d78                UART_AdvFeatureConfig
 .text.UART_CheckIdleState
                0x08005ebc      0x150 CMakeFiles/st7789_test.dir/Drivers/STM32L4xx_HAL_Driver/Src/stm32l4xx_hal_uart.c.obj
                0x08005ebc                UART_CheckIdleState
 .text.UART_WaitOnFlagUntilTimeout
                0x0800600c       0xce CMakeFiles/st7789_test.dir/Drivers/STM32L4xx_HAL_Driver/Src/stm32l4xx_hal_uart.c.obj
                0x0800600c                UART_WaitOnFlagUntilTimeout
 .text.UART_EndRxTransfer
                0x080060da       0xc8 CMakeFiles/st7789_test.dir/Drivers/STM32L4xx_HAL_Driver/Src/stm32l4xx_hal_uart.c.obj
 .text.HAL_PCD_Init
                0x080061a2      0x248 CMakeFiles/st7789_test.dir/Drivers/STM32L4xx_HAL_Driver/Src/stm32l4xx_hal_pcd.c.obj
                0x080061a2                HAL_PCD_Init
 .text.HAL_PCDEx_ActivateLPM
                0x080063ea       0x48 CMakeFiles/st7789_test.dir/Drivers/STM32L4xx_HAL_Driver/Src/stm32l4xx_hal_pcd_ex.c.obj
                0x080063ea                HAL_PCDEx_ActivateLPM
 .text.USB_CoreInit
                0x08006432       0x58 CMakeFiles/st7789_test.dir/Drivers/STM32L4xx_HAL_Driver/Src/stm32l4xx_ll_usb.c.obj
                0x08006432                USB_CoreInit
 .text.USB_DisableGlobalInt
                0x0800648a       0x22 CMakeFiles/st7789_test.dir/Drivers/STM32L4xx_HAL_Driver/Src/stm32l4xx_ll_usb.c.obj
                0x0800648a                USB_DisableGlobalInt
 .text.USB_SetCurrentMode
                0x080064ac       0x98 CMakeFiles/st7789_test.dir/Drivers/STM32L4xx_HAL_Driver/Src/stm32l4xx_ll_usb.c.obj
                0x080064ac                USB_SetCurrentMode
 .text.USB_DevInit
                0x08006544      0x284 CMakeFiles/st7789_test.dir/Drivers/STM32L4xx_HAL_Driver/Src/stm32l4xx_ll_usb.c.obj
                0x08006544                USB_DevInit
 .text.USB_FlushTxFifo
                0x080067c8       0x68 CMakeFiles/st7789_test.dir/Drivers/STM32L4xx_HAL_Driver/Src/stm32l4xx_ll_usb.c.obj
                0x080067c8                USB_FlushTxFifo
 .text.USB_FlushRxFifo
                0x08006830       0x60 CMakeFiles/st7789_test.dir/Drivers/STM32L4xx_HAL_Driver/Src/stm32l4xx_ll_usb.c.obj
                0x08006830                USB_FlushRxFifo
 .text.USB_SetDevSpeed
                0x08006890       0x32 CMakeFiles/st7789_test.dir/Drivers/STM32L4xx_HAL_Driver/Src/stm32l4xx_ll_usb.c.obj
                0x08006890                USB_SetDevSpeed
 .text.USB_DevDisconnect
                0x080068c2       0x42 CMakeFiles/st7789_test.dir/Drivers/STM32L4xx_HAL_Driver/Src/stm32l4xx_ll_usb.c.obj
                0x080068c2                USB_DevDisconnect
 .text.USB_GetMode
                0x08006904       0x1c CMakeFiles/st7789_test.dir/Drivers/STM32L4xx_HAL_Driver/Src/stm32l4xx_ll_usb.c.obj
                0x08006904                USB_GetMode
 .text.USB_CoreReset
                0x08006920       0x68 CMakeFiles/st7789_test.dir/Drivers/STM32L4xx_HAL_Driver/Src/stm32l4xx_ll_usb.c.obj
 .text.SystemInit
                0x08006988       0x24 CMakeFiles/st7789_test.dir/Core/Src/system_stm32l4xx.c.obj
                0x08006988                SystemInit
 .text.Reset_Handler
                0x080069ac       0x50 CMakeFiles/st7789_test.dir/startup_stm32l475xx.s.obj
                0x080069ac                Reset_Handler
 .text.Default_Handler
                0x080069fc        0x2 CMakeFiles/st7789_test.dir/startup_stm32l475xx.s.obj
                0x080069fc                RTC_Alarm_IRQHandler
                0x080069fc                EXTI2_IRQHandler
                0x080069fc                TIM8_TRG_COM_IRQHandler
                0x080069fc                TIM8_CC_IRQHandler
                0x080069fc                TIM1_CC_IRQHandler
                0x080069fc                TSC_IRQHandler
                0x080069fc                TAMP_STAMP_IRQHandler
                0x080069fc                EXTI3_IRQHandler
                0x080069fc                LPTIM2_IRQHandler
                0x080069fc                DFSDM1_FLT1_IRQHandler
                0x080069fc                I2C3_ER_IRQHandler
                0x080069fc                DFSDM1_FLT2_IRQHandler
                0x080069fc                EXTI0_IRQHandler
                0x080069fc                I2C2_EV_IRQHandler
                0x080069fc                CAN1_RX0_IRQHandler
                0x080069fc                FPU_IRQHandler
                0x080069fc                TIM1_UP_TIM16_IRQHandler
                0x080069fc                ADC1_2_IRQHandler
                0x080069fc                SPI1_IRQHandler
                0x080069fc                TIM6_DAC_IRQHandler
                0x080069fc                TIM8_UP_IRQHandler
                0x080069fc                DMA2_Channel2_IRQHandler
                0x080069fc                DMA1_Channel4_IRQHandler
                0x080069fc                SAI2_IRQHandler
                0x080069fc                DFSDM1_FLT3_IRQHandler
                0x080069fc                USART3_IRQHandler
                0x080069fc                DMA1_Channel7_IRQHandler
                0x080069fc                CAN1_RX1_IRQHandler
                0x080069fc                UART5_IRQHandler
                0x080069fc                ADC3_IRQHandler
                0x080069fc                TIM4_IRQHandler
                0x080069fc                DMA2_Channel1_IRQHandler
                0x080069fc                QUADSPI_IRQHandler
                0x080069fc                I2C1_EV_IRQHandler
                0x080069fc                DMA1_Channel6_IRQHandler
                0x080069fc                UART4_IRQHandler
                0x080069fc                DMA2_Channel4_IRQHandler
                0x080069fc                TIM3_IRQHandler
                0x080069fc                RCC_IRQHandler
                0x080069fc                DMA1_Channel1_IRQHandler
                0x080069fc                Default_Handler
                0x080069fc                DMA2_Channel7_IRQHandler
                0x080069fc                TIM7_IRQHandler
                0x080069fc                SDMMC1_IRQHandler
                0x080069fc                TIM5_IRQHandler
                0x080069fc                I2C3_EV_IRQHandler
                0x080069fc                RTC_WKUP_IRQHandler
                0x080069fc                PVD_PVM_IRQHandler
                0x080069fc                SPI2_IRQHandler
                0x080069fc                CAN1_TX_IRQHandler
                0x080069fc                DMA2_Channel5_IRQHandler
                0x080069fc                DMA1_Channel5_IRQHandler
                0x080069fc                EXTI4_IRQHandler
                0x080069fc                RNG_IRQHandler
                0x080069fc                TIM1_TRG_COM_TIM17_IRQHandler
                0x080069fc                COMP_IRQHandler
                0x080069fc                WWDG_IRQHandler
                0x080069fc                LPUART1_IRQHandler
                0x080069fc                DMA2_Channel6_IRQHandler
                0x080069fc                TIM2_IRQHandler
                0x080069fc                EXTI1_IRQHandler
                0x080069fc                USART2_IRQHandler
                0x080069fc                DFSDM1_FLT0_IRQHandler
                0x080069fc                I2C2_ER_IRQHandler
                0x080069fc                DMA1_Channel2_IRQHandler
                0x080069fc                TIM8_BRK_IRQHandler
                0x080069fc                CAN1_SCE_IRQHandler
                0x080069fc                FLASH_IRQHandler
                0x080069fc                USART1_IRQHandler
                0x080069fc                OTG_FS_IRQHandler
                0x080069fc                SPI3_IRQHandler
                0x080069fc                I2C1_ER_IRQHandler
                0x080069fc                FMC_IRQHandler
                0x080069fc                SWPMI1_IRQHandler
                0x080069fc                LPTIM1_IRQHandler
                0x080069fc                SAI1_IRQHandler
                0x080069fc                DMA2_Channel3_IRQHandler
                0x080069fc                TIM1_BRK_TIM15_IRQHandler
 *(.glue_7)
 .glue_7        0x080069fe        0x0 linker stubs
 *(.glue_7t)
 .glue_7t       0x080069fe        0x0 linker stubs
 *(.eh_frame)
 *fill*         0x080069fe        0x2 
 .eh_frame      0x08006a00        0x0 c:/progra~2/gnuarm~1/102021~1.10/bin/../lib/gcc/arm-none-eabi/10.3.1/thumb/v7e-m+fp/hard/crtbegin.o
 *(.init)
 .init          0x08006a00        0x4 c:/progra~2/gnuarm~1/102021~1.10/bin/../lib/gcc/arm-none-eabi/10.3.1/thumb/v7e-m+fp/hard/crti.o
                0x08006a00                _init
 .init          0x08006a04        0x8 c:/progra~2/gnuarm~1/102021~1.10/bin/../lib/gcc/arm-none-eabi/10.3.1/thumb/v7e-m+fp/hard/crtn.o
 *(.fini)
 .fini          0x08006a0c        0x4 c:/progra~2/gnuarm~1/102021~1.10/bin/../lib/gcc/arm-none-eabi/10.3.1/thumb/v7e-m+fp/hard/crti.o
                0x08006a0c                _fini
 .fini          0x08006a10        0x8 c:/progra~2/gnuarm~1/102021~1.10/bin/../lib/gcc/arm-none-eabi/10.3.1/thumb/v7e-m+fp/hard/crtn.o
                0x08006a18                . = ALIGN (0x8)
                0x08006a18                _etext = .

.vfp11_veneer   0x08006a18        0x0
 .vfp11_veneer  0x08006a18        0x0 linker stubs

.v4_bx          0x08006a18        0x0
 .v4_bx         0x08006a18        0x0 linker stubs

.iplt           0x08006a18        0x0
 .iplt          0x08006a18        0x0 c:/progra~2/gnuarm~1/102021~1.10/bin/../lib/gcc/arm-none-eabi/10.3.1/thumb/v7e-m+fp/hard/crtbegin.o

.rodata         0x08006a18     0xa8f8
                0x08006a18                . = ALIGN (0x8)
 *(.rodata)
 .rodata        0x08006a18       0x97 CMakeFiles/st7789_test.dir/ST7789/st7789.c.obj
 *(.rodata*)
 *fill*         0x08006aaf        0x1 
 .rodata.Font7x10
                0x08006ab0      0x76c CMakeFiles/st7789_test.dir/ST7789/fonts.c.obj
 .rodata.Font11x18
                0x0800721c      0xd5c CMakeFiles/st7789_test.dir/ST7789/fonts.c.obj
 .rodata.Font16x26
                0x08007f78     0x134c CMakeFiles/st7789_test.dir/ST7789/fonts.c.obj
 .rodata.saber  0x080092c4     0x8000 CMakeFiles/st7789_test.dir/ST7789/fonts.c.obj
                0x080092c4                saber
 .rodata.AHBPrescTable
                0x080112c4       0x10 CMakeFiles/st7789_test.dir/Core/Src/system_stm32l4xx.c.obj
                0x080112c4                AHBPrescTable
 .rodata.APBPrescTable
                0x080112d4        0x8 CMakeFiles/st7789_test.dir/Core/Src/system_stm32l4xx.c.obj
                0x080112d4                APBPrescTable
 .rodata.MSIRangeTable
                0x080112dc       0x30 CMakeFiles/st7789_test.dir/Core/Src/system_stm32l4xx.c.obj
                0x080112dc                MSIRangeTable
                0x08011310                . = ALIGN (0x8)
 *fill*         0x0801130c        0x4 

.ARM.extab      0x08011310        0x0
                0x08011310                . = ALIGN (0x8)
 *(.ARM.extab* .gnu.linkonce.armextab.*)
                0x08011310                . = ALIGN (0x8)

.ARM            0x08011310        0x8
                0x08011310                . = ALIGN (0x8)
                0x08011310                __exidx_start = .
 *(.ARM.exidx*)
 .ARM.exidx     0x08011310        0x8 c:/progra~2/gnuarm~1/102021~1.10/bin/../lib/gcc/arm-none-eabi/10.3.1/thumb/v7e-m+fp/hard\libgcc.a(_udivmoddi4.o)
                0x08011318                __exidx_end = .
                0x08011318                . = ALIGN (0x8)

.rel.dyn        0x08011318        0x0
 .rel.iplt      0x08011318        0x0 c:/progra~2/gnuarm~1/102021~1.10/bin/../lib/gcc/arm-none-eabi/10.3.1/thumb/v7e-m+fp/hard/crtbegin.o

.preinit_array  0x08011318        0x0
                0x08011318                . = ALIGN (0x8)
                0x08011318                PROVIDE (__preinit_array_start = .)
 *(.preinit_array*)
                0x08011318                PROVIDE (__preinit_array_end = .)
                0x08011318                . = ALIGN (0x8)

.init_array     0x08011318        0x8
                0x08011318                . = ALIGN (0x8)
                0x08011318                PROVIDE (__init_array_start = .)
 *(SORT_BY_NAME(.init_array.*))
 *(.init_array*)
 .init_array    0x08011318        0x4 c:/progra~2/gnuarm~1/102021~1.10/bin/../lib/gcc/arm-none-eabi/10.3.1/thumb/v7e-m+fp/hard/crtbegin.o
                0x0801131c                PROVIDE (__init_array_end = .)
                0x08011320                . = ALIGN (0x8)
 *fill*         0x0801131c        0x4 

.fini_array     0x08011320        0x8
                0x08011320                . = ALIGN (0x8)
                [!provide]                PROVIDE (__fini_array_start = .)
 *(SORT_BY_NAME(.fini_array.*))
 *(.fini_array*)
 .fini_array    0x08011320        0x4 c:/progra~2/gnuarm~1/102021~1.10/bin/../lib/gcc/arm-none-eabi/10.3.1/thumb/v7e-m+fp/hard/crtbegin.o
                [!provide]                PROVIDE (__fini_array_end = .)
                0x08011328                . = ALIGN (0x8)
 *fill*         0x08011324        0x4 
                0x08011328                _sidata = LOADADDR (.data)

.data           0x20000000       0x28 load address 0x08011328
                0x20000000                . = ALIGN (0x8)
                0x20000000                _sdata = .
 *(.data)
 *(.data*)
 .data.Font_7x10
                0x20000000        0x8 CMakeFiles/st7789_test.dir/ST7789/fonts.c.obj
                0x20000000                Font_7x10
 .data.Font_11x18
                0x20000008        0x8 CMakeFiles/st7789_test.dir/ST7789/fonts.c.obj
                0x20000008                Font_11x18
 .data.Font_16x26
                0x20000010        0x8 CMakeFiles/st7789_test.dir/ST7789/fonts.c.obj
                0x20000010                Font_16x26
 .data.DMA_MIN_SIZE
                0x20000018        0x2 CMakeFiles/st7789_test.dir/ST7789/st7789.c.obj
                0x20000018                DMA_MIN_SIZE
 *fill*         0x2000001a        0x2 
 .data.uwTickPrio
                0x2000001c        0x4 CMakeFiles/st7789_test.dir/Drivers/STM32L4xx_HAL_Driver/Src/stm32l4xx_hal.c.obj
                0x2000001c                uwTickPrio
 .data.uwTickFreq
                0x20000020        0x1 CMakeFiles/st7789_test.dir/Drivers/STM32L4xx_HAL_Driver/Src/stm32l4xx_hal.c.obj
                0x20000020                uwTickFreq
 *fill*         0x20000021        0x3 
 .data.SystemCoreClock
                0x20000024        0x4 CMakeFiles/st7789_test.dir/Core/Src/system_stm32l4xx.c.obj
                0x20000024                SystemCoreClock
                0x20000028                . = ALIGN (0x8)
                0x20000028                _edata = .

.igot.plt       0x20000028        0x0 load address 0x08011350
 .igot.plt      0x20000028        0x0 c:/progra~2/gnuarm~1/102021~1.10/bin/../lib/gcc/arm-none-eabi/10.3.1/thumb/v7e-m+fp/hard/crtbegin.o
                0x20000028                . = ALIGN (0x4)

.bss            0x20000028     0x11a4 load address 0x08011350
                0x20000028                _sbss = .
                0x20000028                __bss_start__ = _sbss
 *(.bss)
 .bss           0x20000028       0x1c c:/progra~2/gnuarm~1/102021~1.10/bin/../lib/gcc/arm-none-eabi/10.3.1/thumb/v7e-m+fp/hard/crtbegin.o
 *(.bss*)
 .bss.disp_buf  0x20000044      0x960 CMakeFiles/st7789_test.dir/ST7789/st7789.c.obj
                0x20000044                disp_buf
 .bss.hdfsdm1_channel1
                0x200009a4       0x38 CMakeFiles/st7789_test.dir/Core/Src/dfsdm.c.obj
                0x200009a4                hdfsdm1_channel1
 .bss.DFSDM1_Init
                0x200009dc        0x4 CMakeFiles/st7789_test.dir/Core/Src/dfsdm.c.obj
 .bss.hi2c2     0x200009e0       0x54 CMakeFiles/st7789_test.dir/Core/Src/i2c.c.obj
                0x200009e0                hi2c2
 .bss.hqspi     0x20000a34       0x44 CMakeFiles/st7789_test.dir/Core/Src/quadspi.c.obj
                0x20000a34                hqspi
 .bss.hspi1     0x20000a78       0x64 CMakeFiles/st7789_test.dir/Core/Src/spi.c.obj
                0x20000a78                hspi1
 .bss.hspi3     0x20000adc       0x64 CMakeFiles/st7789_test.dir/Core/Src/spi.c.obj
                0x20000adc                hspi3
 .bss.hdma_spi1_tx
                0x20000b40       0x48 CMakeFiles/st7789_test.dir/Core/Src/spi.c.obj
                0x20000b40                hdma_spi1_tx
 .bss.huart1    0x20000b88       0x88 CMakeFiles/st7789_test.dir/Core/Src/usart.c.obj
                0x20000b88                huart1
 .bss.huart3    0x20000c10       0x88 CMakeFiles/st7789_test.dir/Core/Src/usart.c.obj
                0x20000c10                huart3
 .bss.hpcd_USB_OTG_FS
                0x20000c98      0x50c CMakeFiles/st7789_test.dir/Core/Src/usb_otg.c.obj
                0x20000c98                hpcd_USB_OTG_FS
 .bss.v_dfsdm1ChannelCounter
                0x200011a4        0x4 CMakeFiles/st7789_test.dir/Drivers/STM32L4xx_HAL_Driver/Src/stm32l4xx_hal_dfsdm.c.obj
 .bss.a_dfsdm1ChannelHandle
                0x200011a8       0x20 CMakeFiles/st7789_test.dir/Drivers/STM32L4xx_HAL_Driver/Src/stm32l4xx_hal_dfsdm.c.obj
 .bss.uwTick    0x200011c8        0x4 CMakeFiles/st7789_test.dir/Drivers/STM32L4xx_HAL_Driver/Src/stm32l4xx_hal.c.obj
                0x200011c8                uwTick
 *(COMMON)
                0x200011cc                . = ALIGN (0x4)
                0x200011cc                _ebss = .
                0x200011cc                __bss_end__ = _ebss

._user_heap_stack
                0x200011cc      0x604 load address 0x08011350
                0x200011d0                . = ALIGN (0x8)
 *fill*         0x200011cc        0x4 
                [!provide]                PROVIDE (end = .)
                0x200011d0                PROVIDE (_end = .)
                0x200013d0                . = (. + _Min_Heap_Size)
 *fill*         0x200011d0      0x200 
                0x200017d0                . = (. + _Min_Stack_Size)
 *fill*         0x200013d0      0x400 
                0x200017d0                . = ALIGN (0x8)

/DISCARD/
 libc.a(*)
 libm.a(*)
 libgcc.a(*)

.ARM.attributes
                0x00000000       0x30
 *(.ARM.attributes)
 .ARM.attributes
                0x00000000       0x1e c:/progra~2/gnuarm~1/102021~1.10/bin/../lib/gcc/arm-none-eabi/10.3.1/thumb/v7e-m+fp/hard/crti.o
 .ARM.attributes
                0x0000001e       0x34 c:/progra~2/gnuarm~1/102021~1.10/bin/../lib/gcc/arm-none-eabi/10.3.1/thumb/v7e-m+fp/hard/crtbegin.o
 .ARM.attributes
                0x00000052       0x34 c:/progra~2/gnuarm~1/102021~1.10/bin/../lib/gcc/arm-none-eabi/10.3.1/../../../../arm-none-eabi/lib/thumb/v7e-m+fp/hard\libc_nano.a(lib_a-init.o)
 .ARM.attributes
                0x00000086       0x34 c:/progra~2/gnuarm~1/102021~1.10/bin/../lib/gcc/arm-none-eabi/10.3.1/../../../../arm-none-eabi/lib/thumb/v7e-m+fp/hard\libc_nano.a(lib_a-memset.o)
 .ARM.attributes
                0x000000ba       0x34 CMakeFiles/st7789_test.dir/ST7789/fonts.c.obj
 .ARM.attributes
                0x000000ee       0x34 CMakeFiles/st7789_test.dir/ST7789/st7789.c.obj
 .ARM.attributes
                0x00000122       0x34 CMakeFiles/st7789_test.dir/Core/Src/main.c.obj
 .ARM.attributes
                0x00000156       0x34 CMakeFiles/st7789_test.dir/Core/Src/gpio.c.obj
 .ARM.attributes
                0x0000018a       0x34 CMakeFiles/st7789_test.dir/Core/Src/dfsdm.c.obj
 .ARM.attributes
                0x000001be       0x34 CMakeFiles/st7789_test.dir/Core/Src/dma.c.obj
 .ARM.attributes
                0x000001f2       0x34 CMakeFiles/st7789_test.dir/Core/Src/i2c.c.obj
 .ARM.attributes
                0x00000226       0x34 CMakeFiles/st7789_test.dir/Core/Src/quadspi.c.obj
 .ARM.attributes
                0x0000025a       0x34 CMakeFiles/st7789_test.dir/Core/Src/spi.c.obj
 .ARM.attributes
                0x0000028e       0x34 CMakeFiles/st7789_test.dir/Core/Src/usart.c.obj
 .ARM.attributes
                0x000002c2       0x34 CMakeFiles/st7789_test.dir/Core/Src/usb_otg.c.obj
 .ARM.attributes
                0x000002f6       0x34 CMakeFiles/st7789_test.dir/Core/Src/stm32l4xx_it.c.obj
 .ARM.attributes
                0x0000032a       0x34 CMakeFiles/st7789_test.dir/Core/Src/stm32l4xx_hal_msp.c.obj
 .ARM.attributes
                0x0000035e       0x34 CMakeFiles/st7789_test.dir/Drivers/STM32L4xx_HAL_Driver/Src/stm32l4xx_hal_dfsdm.c.obj
 .ARM.attributes
                0x00000392       0x34 CMakeFiles/st7789_test.dir/Drivers/STM32L4xx_HAL_Driver/Src/stm32l4xx_hal.c.obj
 .ARM.attributes
                0x000003c6       0x34 CMakeFiles/st7789_test.dir/Drivers/STM32L4xx_HAL_Driver/Src/stm32l4xx_hal_rcc.c.obj
 .ARM.attributes
                0x000003fa       0x34 CMakeFiles/st7789_test.dir/Drivers/STM32L4xx_HAL_Driver/Src/stm32l4xx_hal_rcc_ex.c.obj
 .ARM.attributes
                0x0000042e       0x34 CMakeFiles/st7789_test.dir/Drivers/STM32L4xx_HAL_Driver/Src/stm32l4xx_hal_gpio.c.obj
 .ARM.attributes
                0x00000462       0x34 CMakeFiles/st7789_test.dir/Drivers/STM32L4xx_HAL_Driver/Src/stm32l4xx_hal_i2c.c.obj
 .ARM.attributes
                0x00000496       0x34 CMakeFiles/st7789_test.dir/Drivers/STM32L4xx_HAL_Driver/Src/stm32l4xx_hal_i2c_ex.c.obj
 .ARM.attributes
                0x000004ca       0x34 CMakeFiles/st7789_test.dir/Drivers/STM32L4xx_HAL_Driver/Src/stm32l4xx_hal_dma.c.obj
 .ARM.attributes
                0x000004fe       0x34 CMakeFiles/st7789_test.dir/Drivers/STM32L4xx_HAL_Driver/Src/stm32l4xx_hal_pwr.c.obj
 .ARM.attributes
                0x00000532       0x34 CMakeFiles/st7789_test.dir/Drivers/STM32L4xx_HAL_Driver/Src/stm32l4xx_hal_pwr_ex.c.obj
 .ARM.attributes
                0x00000566       0x34 CMakeFiles/st7789_test.dir/Drivers/STM32L4xx_HAL_Driver/Src/stm32l4xx_hal_cortex.c.obj
 .ARM.attributes
                0x0000059a       0x34 CMakeFiles/st7789_test.dir/Drivers/STM32L4xx_HAL_Driver/Src/stm32l4xx_hal_qspi.c.obj
 .ARM.attributes
                0x000005ce       0x34 CMakeFiles/st7789_test.dir/Drivers/STM32L4xx_HAL_Driver/Src/stm32l4xx_hal_spi.c.obj
 .ARM.attributes
                0x00000602       0x34 CMakeFiles/st7789_test.dir/Drivers/STM32L4xx_HAL_Driver/Src/stm32l4xx_hal_uart.c.obj
 .ARM.attributes
                0x00000636       0x34 CMakeFiles/st7789_test.dir/Drivers/STM32L4xx_HAL_Driver/Src/stm32l4xx_hal_pcd.c.obj
 .ARM.attributes
                0x0000066a       0x34 CMakeFiles/st7789_test.dir/Drivers/STM32L4xx_HAL_Driver/Src/stm32l4xx_hal_pcd_ex.c.obj
 .ARM.attributes
                0x0000069e       0x34 CMakeFiles/st7789_test.dir/Drivers/STM32L4xx_HAL_Driver/Src/stm32l4xx_ll_usb.c.obj
 .ARM.attributes
                0x000006d2       0x34 CMakeFiles/st7789_test.dir/Core/Src/system_stm32l4xx.c.obj
 .ARM.attributes
                0x00000706       0x21 CMakeFiles/st7789_test.dir/startup_stm32l475xx.s.obj
 .ARM.attributes
                0x00000727       0x1e c:/progra~2/gnuarm~1/102021~1.10/bin/../lib/gcc/arm-none-eabi/10.3.1/thumb/v7e-m+fp/hard\libgcc.a(_aeabi_uldivmod.o)
 .ARM.attributes
                0x00000745       0x34 c:/progra~2/gnuarm~1/102021~1.10/bin/../lib/gcc/arm-none-eabi/10.3.1/thumb/v7e-m+fp/hard\libgcc.a(_udivmoddi4.o)
 .ARM.attributes
                0x00000779       0x1e c:/progra~2/gnuarm~1/102021~1.10/bin/../lib/gcc/arm-none-eabi/10.3.1/thumb/v7e-m+fp/hard\libgcc.a(_dvmd_tls.o)
 .ARM.attributes
                0x00000797       0x1e c:/progra~2/gnuarm~1/102021~1.10/bin/../lib/gcc/arm-none-eabi/10.3.1/thumb/v7e-m+fp/hard/crtn.o
OUTPUT(st7789_test.elf elf32-littlearm)
LOAD linker stubs
LOAD c:/progra~2/gnuarm~1/102021~1.10/bin/../lib/gcc/arm-none-eabi/10.3.1/../../../../arm-none-eabi/lib/thumb/v7e-m+fp/hard\libc.a
LOAD c:/progra~2/gnuarm~1/102021~1.10/bin/../lib/gcc/arm-none-eabi/10.3.1/../../../../arm-none-eabi/lib/thumb/v7e-m+fp/hard\libm.a
LOAD c:/progra~2/gnuarm~1/102021~1.10/bin/../lib/gcc/arm-none-eabi/10.3.1/thumb/v7e-m+fp/hard\libgcc.a

.debug_frame    0x00000000     0x6200
 .debug_frame   0x00000000       0x2c c:/progra~2/gnuarm~1/102021~1.10/bin/../lib/gcc/arm-none-eabi/10.3.1/../../../../arm-none-eabi/lib/thumb/v7e-m+fp/hard\libc_nano.a(lib_a-init.o)
 .debug_frame   0x0000002c       0x20 c:/progra~2/gnuarm~1/102021~1.10/bin/../lib/gcc/arm-none-eabi/10.3.1/../../../../arm-none-eabi/lib/thumb/v7e-m+fp/hard\libc_nano.a(lib_a-memset.o)
 .debug_frame   0x0000004c      0x398 CMakeFiles/st7789_test.dir/ST7789/st7789.c.obj
 .debug_frame   0x000003e4       0x68 CMakeFiles/st7789_test.dir/Core/Src/main.c.obj
 .debug_frame   0x0000044c       0x38 CMakeFiles/st7789_test.dir/Core/Src/gpio.c.obj
 .debug_frame   0x00000484       0x78 CMakeFiles/st7789_test.dir/Core/Src/dfsdm.c.obj
 .debug_frame   0x000004fc       0x34 CMakeFiles/st7789_test.dir/Core/Src/dma.c.obj
 .debug_frame   0x00000530       0x78 CMakeFiles/st7789_test.dir/Core/Src/i2c.c.obj
 .debug_frame   0x000005a8       0x74 CMakeFiles/st7789_test.dir/Core/Src/quadspi.c.obj
 .debug_frame   0x0000061c       0x90 CMakeFiles/st7789_test.dir/Core/Src/spi.c.obj
 .debug_frame   0x000006ac       0x94 CMakeFiles/st7789_test.dir/Core/Src/usart.c.obj
 .debug_frame   0x00000740       0x78 CMakeFiles/st7789_test.dir/Core/Src/usb_otg.c.obj
 .debug_frame   0x000007b8      0x158 CMakeFiles/st7789_test.dir/Core/Src/stm32l4xx_it.c.obj
 .debug_frame   0x00000910       0x38 CMakeFiles/st7789_test.dir/Core/Src/stm32l4xx_hal_msp.c.obj
 .debug_frame   0x00000948      0xa78 CMakeFiles/st7789_test.dir/Drivers/STM32L4xx_HAL_Driver/Src/stm32l4xx_hal_dfsdm.c.obj
 .debug_frame   0x000013c0      0x498 CMakeFiles/st7789_test.dir/Drivers/STM32L4xx_HAL_Driver/Src/stm32l4xx_hal.c.obj
 .debug_frame   0x00001858      0x21c CMakeFiles/st7789_test.dir/Drivers/STM32L4xx_HAL_Driver/Src/stm32l4xx_hal_rcc.c.obj
 .debug_frame   0x00001a74      0x2fc CMakeFiles/st7789_test.dir/Drivers/STM32L4xx_HAL_Driver/Src/stm32l4xx_hal_rcc_ex.c.obj
 .debug_frame   0x00001d70      0x14c CMakeFiles/st7789_test.dir/Drivers/STM32L4xx_HAL_Driver/Src/stm32l4xx_hal_gpio.c.obj
 .debug_frame   0x00001ebc      0xc38 CMakeFiles/st7789_test.dir/Drivers/STM32L4xx_HAL_Driver/Src/stm32l4xx_hal_i2c.c.obj
 .debug_frame   0x00002af4      0x100 CMakeFiles/st7789_test.dir/Drivers/STM32L4xx_HAL_Driver/Src/stm32l4xx_hal_i2c_ex.c.obj
 .debug_frame   0x00002bf4      0x204 CMakeFiles/st7789_test.dir/Drivers/STM32L4xx_HAL_Driver/Src/stm32l4xx_hal_dma.c.obj
 .debug_frame   0x00002df8      0x230 CMakeFiles/st7789_test.dir/Drivers/STM32L4xx_HAL_Driver/Src/stm32l4xx_hal_pwr.c.obj
 .debug_frame   0x00003028      0x544 CMakeFiles/st7789_test.dir/Drivers/STM32L4xx_HAL_Driver/Src/stm32l4xx_hal_pwr_ex.c.obj
 .debug_frame   0x0000356c      0x498 CMakeFiles/st7789_test.dir/Drivers/STM32L4xx_HAL_Driver/Src/stm32l4xx_hal_cortex.c.obj
 .debug_frame   0x00003a04      0x658 CMakeFiles/st7789_test.dir/Drivers/STM32L4xx_HAL_Driver/Src/stm32l4xx_hal_qspi.c.obj
 .debug_frame   0x0000405c      0x860 CMakeFiles/st7789_test.dir/Drivers/STM32L4xx_HAL_Driver/Src/stm32l4xx_hal_spi.c.obj
 .debug_frame   0x000048bc      0x9f4 CMakeFiles/st7789_test.dir/Drivers/STM32L4xx_HAL_Driver/Src/stm32l4xx_hal_uart.c.obj
 .debug_frame   0x000052b0      0x568 CMakeFiles/st7789_test.dir/Drivers/STM32L4xx_HAL_Driver/Src/stm32l4xx_hal_pcd.c.obj
 .debug_frame   0x00005818      0x174 CMakeFiles/st7789_test.dir/Drivers/STM32L4xx_HAL_Driver/Src/stm32l4xx_hal_pcd_ex.c.obj
 .debug_frame   0x0000598c      0x7bc CMakeFiles/st7789_test.dir/Drivers/STM32L4xx_HAL_Driver/Src/stm32l4xx_ll_usb.c.obj
 .debug_frame   0x00006148       0x58 CMakeFiles/st7789_test.dir/Core/Src/system_stm32l4xx.c.obj
 .debug_frame   0x000061a0       0x2c c:/progra~2/gnuarm~1/102021~1.10/bin/../lib/gcc/arm-none-eabi/10.3.1/thumb/v7e-m+fp/hard\libgcc.a(_aeabi_uldivmod.o)
 .debug_frame   0x000061cc       0x34 c:/progra~2/gnuarm~1/102021~1.10/bin/../lib/gcc/arm-none-eabi/10.3.1/thumb/v7e-m+fp/hard\libgcc.a(_udivmoddi4.o)

.debug_info     0x00000000    0x1afa4
 .debug_info    0x00000000      0x1fe CMakeFiles/st7789_test.dir/ST7789/fonts.c.obj
 .debug_info    0x000001fe     0x11b8 CMakeFiles/st7789_test.dir/ST7789/st7789.c.obj
 .debug_info    0x000013b6      0x4d0 CMakeFiles/st7789_test.dir/Core/Src/main.c.obj
 .debug_info    0x00001886      0x6fc CMakeFiles/st7789_test.dir/Core/Src/gpio.c.obj
 .debug_info    0x00001f82      0x97f CMakeFiles/st7789_test.dir/Core/Src/dfsdm.c.obj
 .debug_info    0x00002901      0x510 CMakeFiles/st7789_test.dir/Core/Src/dma.c.obj
 .debug_info    0x00002e11      0xc67 CMakeFiles/st7789_test.dir/Core/Src/i2c.c.obj
 .debug_info    0x00003a78      0x98d CMakeFiles/st7789_test.dir/Core/Src/quadspi.c.obj
 .debug_info    0x00004405      0xa4a CMakeFiles/st7789_test.dir/Core/Src/spi.c.obj
 .debug_info    0x00004e4f      0xd5a CMakeFiles/st7789_test.dir/Core/Src/usart.c.obj
 .debug_info    0x00005ba9      0xcb5 CMakeFiles/st7789_test.dir/Core/Src/usb_otg.c.obj
 .debug_info    0x0000685e      0x3cc CMakeFiles/st7789_test.dir/Core/Src/stm32l4xx_it.c.obj
 .debug_info    0x00006c2a      0x308 CMakeFiles/st7789_test.dir/Core/Src/stm32l4xx_hal_msp.c.obj
 .debug_info    0x00006f32     0x1b6c CMakeFiles/st7789_test.dir/Drivers/STM32L4xx_HAL_Driver/Src/stm32l4xx_hal_dfsdm.c.obj
 .debug_info    0x00008a9e      0xadc CMakeFiles/st7789_test.dir/Drivers/STM32L4xx_HAL_Driver/Src/stm32l4xx_hal.c.obj
 .debug_info    0x0000957a      0xc98 CMakeFiles/st7789_test.dir/Drivers/STM32L4xx_HAL_Driver/Src/stm32l4xx_hal_rcc.c.obj
 .debug_info    0x0000a212      0xe28 CMakeFiles/st7789_test.dir/Drivers/STM32L4xx_HAL_Driver/Src/stm32l4xx_hal_rcc_ex.c.obj
 .debug_info    0x0000b03a      0x821 CMakeFiles/st7789_test.dir/Drivers/STM32L4xx_HAL_Driver/Src/stm32l4xx_hal_gpio.c.obj
 .debug_info    0x0000b85b     0x225c CMakeFiles/st7789_test.dir/Drivers/STM32L4xx_HAL_Driver/Src/stm32l4xx_hal_i2c.c.obj
 .debug_info    0x0000dab7      0xa45 CMakeFiles/st7789_test.dir/Drivers/STM32L4xx_HAL_Driver/Src/stm32l4xx_hal_i2c_ex.c.obj
 .debug_info    0x0000e4fc      0x75d CMakeFiles/st7789_test.dir/Drivers/STM32L4xx_HAL_Driver/Src/stm32l4xx_hal_dma.c.obj
 .debug_info    0x0000ec59      0x914 CMakeFiles/st7789_test.dir/Drivers/STM32L4xx_HAL_Driver/Src/stm32l4xx_hal_pwr.c.obj
 .debug_info    0x0000f56d      0x9c1 CMakeFiles/st7789_test.dir/Drivers/STM32L4xx_HAL_Driver/Src/stm32l4xx_hal_pwr_ex.c.obj
 .debug_info    0x0000ff2e      0xe1b CMakeFiles/st7789_test.dir/Drivers/STM32L4xx_HAL_Driver/Src/stm32l4xx_hal_cortex.c.obj
 .debug_info    0x00010d49     0x11ee CMakeFiles/st7789_test.dir/Drivers/STM32L4xx_HAL_Driver/Src/stm32l4xx_hal_qspi.c.obj
 .debug_info    0x00011f37     0x1721 CMakeFiles/st7789_test.dir/Drivers/STM32L4xx_HAL_Driver/Src/stm32l4xx_hal_spi.c.obj
 .debug_info    0x00013658     0x3cf4 CMakeFiles/st7789_test.dir/Drivers/STM32L4xx_HAL_Driver/Src/stm32l4xx_hal_uart.c.obj
 .debug_info    0x0001734c     0x128c CMakeFiles/st7789_test.dir/Drivers/STM32L4xx_HAL_Driver/Src/stm32l4xx_hal_pcd.c.obj
 .debug_info    0x000185d8      0x8de CMakeFiles/st7789_test.dir/Drivers/STM32L4xx_HAL_Driver/Src/stm32l4xx_hal_pcd_ex.c.obj
 .debug_info    0x00018eb6     0x1b06 CMakeFiles/st7789_test.dir/Drivers/STM32L4xx_HAL_Driver/Src/stm32l4xx_ll_usb.c.obj
 .debug_info    0x0001a9bc      0x5c6 CMakeFiles/st7789_test.dir/Core/Src/system_stm32l4xx.c.obj
 .debug_info    0x0001af82       0x22 CMakeFiles/st7789_test.dir/startup_stm32l475xx.s.obj

.debug_abbrev   0x00000000     0x3817
 .debug_abbrev  0x00000000       0xcc CMakeFiles/st7789_test.dir/ST7789/fonts.c.obj
 .debug_abbrev  0x000000cc      0x26e CMakeFiles/st7789_test.dir/ST7789/st7789.c.obj
 .debug_abbrev  0x0000033a      0x157 CMakeFiles/st7789_test.dir/Core/Src/main.c.obj
 .debug_abbrev  0x00000491      0x12a CMakeFiles/st7789_test.dir/Core/Src/gpio.c.obj
 .debug_abbrev  0x000005bb      0x179 CMakeFiles/st7789_test.dir/Core/Src/dfsdm.c.obj
 .debug_abbrev  0x00000734       0xdc CMakeFiles/st7789_test.dir/Core/Src/dma.c.obj
 .debug_abbrev  0x00000810      0x1ac CMakeFiles/st7789_test.dir/Core/Src/i2c.c.obj
 .debug_abbrev  0x000009bc      0x1a1 CMakeFiles/st7789_test.dir/Core/Src/quadspi.c.obj
 .debug_abbrev  0x00000b5d      0x1b4 CMakeFiles/st7789_test.dir/Core/Src/spi.c.obj
 .debug_abbrev  0x00000d11      0x1a8 CMakeFiles/st7789_test.dir/Core/Src/usart.c.obj
 .debug_abbrev  0x00000eb9      0x1c0 CMakeFiles/st7789_test.dir/Core/Src/usb_otg.c.obj
 .debug_abbrev  0x00001079      0x137 CMakeFiles/st7789_test.dir/Core/Src/stm32l4xx_it.c.obj
 .debug_abbrev  0x000011b0       0xc2 CMakeFiles/st7789_test.dir/Core/Src/stm32l4xx_hal_msp.c.obj
 .debug_abbrev  0x00001272      0x241 CMakeFiles/st7789_test.dir/Drivers/STM32L4xx_HAL_Driver/Src/stm32l4xx_hal_dfsdm.c.obj
 .debug_abbrev  0x000014b3      0x207 CMakeFiles/st7789_test.dir/Drivers/STM32L4xx_HAL_Driver/Src/stm32l4xx_hal.c.obj
 .debug_abbrev  0x000016ba      0x275 CMakeFiles/st7789_test.dir/Drivers/STM32L4xx_HAL_Driver/Src/stm32l4xx_hal_rcc.c.obj
 .debug_abbrev  0x0000192f      0x255 CMakeFiles/st7789_test.dir/Drivers/STM32L4xx_HAL_Driver/Src/stm32l4xx_hal_rcc_ex.c.obj
 .debug_abbrev  0x00001b84      0x1bb CMakeFiles/st7789_test.dir/Drivers/STM32L4xx_HAL_Driver/Src/stm32l4xx_hal_gpio.c.obj
 .debug_abbrev  0x00001d3f      0x21e CMakeFiles/st7789_test.dir/Drivers/STM32L4xx_HAL_Driver/Src/stm32l4xx_hal_i2c.c.obj
 .debug_abbrev  0x00001f5d      0x1b0 CMakeFiles/st7789_test.dir/Drivers/STM32L4xx_HAL_Driver/Src/stm32l4xx_hal_i2c_ex.c.obj
 .debug_abbrev  0x0000210d      0x1c2 CMakeFiles/st7789_test.dir/Drivers/STM32L4xx_HAL_Driver/Src/stm32l4xx_hal_dma.c.obj
 .debug_abbrev  0x000022cf      0x185 CMakeFiles/st7789_test.dir/Drivers/STM32L4xx_HAL_Driver/Src/stm32l4xx_hal_pwr.c.obj
 .debug_abbrev  0x00002454      0x1e0 CMakeFiles/st7789_test.dir/Drivers/STM32L4xx_HAL_Driver/Src/stm32l4xx_hal_pwr_ex.c.obj
 .debug_abbrev  0x00002634      0x316 CMakeFiles/st7789_test.dir/Drivers/STM32L4xx_HAL_Driver/Src/stm32l4xx_hal_cortex.c.obj
 .debug_abbrev  0x0000294a      0x20c CMakeFiles/st7789_test.dir/Drivers/STM32L4xx_HAL_Driver/Src/stm32l4xx_hal_qspi.c.obj
 .debug_abbrev  0x00002b56      0x228 CMakeFiles/st7789_test.dir/Drivers/STM32L4xx_HAL_Driver/Src/stm32l4xx_hal_spi.c.obj
 .debug_abbrev  0x00002d7e      0x27b CMakeFiles/st7789_test.dir/Drivers/STM32L4xx_HAL_Driver/Src/stm32l4xx_hal_uart.c.obj
 .debug_abbrev  0x00002ff9      0x25c CMakeFiles/st7789_test.dir/Drivers/STM32L4xx_HAL_Driver/Src/stm32l4xx_hal_pcd.c.obj
 .debug_abbrev  0x00003255      0x219 CMakeFiles/st7789_test.dir/Drivers/STM32L4xx_HAL_Driver/Src/stm32l4xx_hal_pcd_ex.c.obj
 .debug_abbrev  0x0000346e      0x281 CMakeFiles/st7789_test.dir/Drivers/STM32L4xx_HAL_Driver/Src/stm32l4xx_ll_usb.c.obj
 .debug_abbrev  0x000036ef      0x116 CMakeFiles/st7789_test.dir/Core/Src/system_stm32l4xx.c.obj
 .debug_abbrev  0x00003805       0x12 CMakeFiles/st7789_test.dir/startup_stm32l475xx.s.obj

.debug_aranges  0x00000000     0x1790
 .debug_aranges
                0x00000000       0x18 CMakeFiles/st7789_test.dir/ST7789/fonts.c.obj
 .debug_aranges
                0x00000018       0xd0 CMakeFiles/st7789_test.dir/ST7789/st7789.c.obj
 .debug_aranges
                0x000000e8       0x30 CMakeFiles/st7789_test.dir/Core/Src/main.c.obj
 .debug_aranges
                0x00000118       0x20 CMakeFiles/st7789_test.dir/Core/Src/gpio.c.obj
 .debug_aranges
                0x00000138       0x30 CMakeFiles/st7789_test.dir/Core/Src/dfsdm.c.obj
 .debug_aranges
                0x00000168       0x20 CMakeFiles/st7789_test.dir/Core/Src/dma.c.obj
 .debug_aranges
                0x00000188       0x30 CMakeFiles/st7789_test.dir/Core/Src/i2c.c.obj
 .debug_aranges
                0x000001b8       0x30 CMakeFiles/st7789_test.dir/Core/Src/quadspi.c.obj
 .debug_aranges
                0x000001e8       0x38 CMakeFiles/st7789_test.dir/Core/Src/spi.c.obj
 .debug_aranges
                0x00000220       0x38 CMakeFiles/st7789_test.dir/Core/Src/usart.c.obj
 .debug_aranges
                0x00000258       0x30 CMakeFiles/st7789_test.dir/Core/Src/usb_otg.c.obj
 .debug_aranges
                0x00000288       0x78 CMakeFiles/st7789_test.dir/Core/Src/stm32l4xx_it.c.obj
 .debug_aranges
                0x00000300       0x20 CMakeFiles/st7789_test.dir/Core/Src/stm32l4xx_hal_msp.c.obj
 .debug_aranges
                0x00000320      0x248 CMakeFiles/st7789_test.dir/Drivers/STM32L4xx_HAL_Driver/Src/stm32l4xx_hal_dfsdm.c.obj
 .debug_aranges
                0x00000568      0x130 CMakeFiles/st7789_test.dir/Drivers/STM32L4xx_HAL_Driver/Src/stm32l4xx_hal.c.obj
 .debug_aranges
                0x00000698       0x90 CMakeFiles/st7789_test.dir/Drivers/STM32L4xx_HAL_Driver/Src/stm32l4xx_hal_rcc.c.obj
 .debug_aranges
                0x00000728       0xc0 CMakeFiles/st7789_test.dir/Drivers/STM32L4xx_HAL_Driver/Src/stm32l4xx_hal_rcc_ex.c.obj
 .debug_aranges
                0x000007e8       0x58 CMakeFiles/st7789_test.dir/Drivers/STM32L4xx_HAL_Driver/Src/stm32l4xx_hal_gpio.c.obj
 .debug_aranges
                0x00000840      0x2a0 CMakeFiles/st7789_test.dir/Drivers/STM32L4xx_HAL_Driver/Src/stm32l4xx_hal_i2c.c.obj
 .debug_aranges
                0x00000ae0       0x48 CMakeFiles/st7789_test.dir/Drivers/STM32L4xx_HAL_Driver/Src/stm32l4xx_hal_i2c_ex.c.obj
 .debug_aranges
                0x00000b28       0x80 CMakeFiles/st7789_test.dir/Drivers/STM32L4xx_HAL_Driver/Src/stm32l4xx_hal_dma.c.obj
 .debug_aranges
                0x00000ba8       0x98 CMakeFiles/st7789_test.dir/Drivers/STM32L4xx_HAL_Driver/Src/stm32l4xx_hal_pwr.c.obj
 .debug_aranges
                0x00000c40      0x150 CMakeFiles/st7789_test.dir/Drivers/STM32L4xx_HAL_Driver/Src/stm32l4xx_hal_pwr_ex.c.obj
 .debug_aranges
                0x00000d90      0x118 CMakeFiles/st7789_test.dir/Drivers/STM32L4xx_HAL_Driver/Src/stm32l4xx_hal_cortex.c.obj
 .debug_aranges
                0x00000ea8      0x160 CMakeFiles/st7789_test.dir/Drivers/STM32L4xx_HAL_Driver/Src/stm32l4xx_hal_qspi.c.obj
 .debug_aranges
                0x00001008      0x1d8 CMakeFiles/st7789_test.dir/Drivers/STM32L4xx_HAL_Driver/Src/stm32l4xx_hal_spi.c.obj
 .debug_aranges
                0x000011e0      0x228 CMakeFiles/st7789_test.dir/Drivers/STM32L4xx_HAL_Driver/Src/stm32l4xx_hal_uart.c.obj
 .debug_aranges
                0x00001408      0x138 CMakeFiles/st7789_test.dir/Drivers/STM32L4xx_HAL_Driver/Src/stm32l4xx_hal_pcd.c.obj
 .debug_aranges
                0x00001540       0x60 CMakeFiles/st7789_test.dir/Drivers/STM32L4xx_HAL_Driver/Src/stm32l4xx_hal_pcd_ex.c.obj
 .debug_aranges
                0x000015a0      0x1a0 CMakeFiles/st7789_test.dir/Drivers/STM32L4xx_HAL_Driver/Src/stm32l4xx_ll_usb.c.obj
 .debug_aranges
                0x00001740       0x28 CMakeFiles/st7789_test.dir/Core/Src/system_stm32l4xx.c.obj
 .debug_aranges
                0x00001768       0x28 CMakeFiles/st7789_test.dir/startup_stm32l475xx.s.obj

.debug_macro    0x00000000    0x29249
 .debug_macro   0x00000000       0x6d CMakeFiles/st7789_test.dir/ST7789/fonts.c.obj
 .debug_macro   0x0000006d      0xa78 CMakeFiles/st7789_test.dir/ST7789/fonts.c.obj
 .debug_macro   0x00000ae5       0x22 CMakeFiles/st7789_test.dir/ST7789/fonts.c.obj
 .debug_macro   0x00000b07       0x8e CMakeFiles/st7789_test.dir/ST7789/fonts.c.obj
 .debug_macro   0x00000b95       0x51 CMakeFiles/st7789_test.dir/ST7789/fonts.c.obj
 .debug_macro   0x00000be6      0x103 CMakeFiles/st7789_test.dir/ST7789/fonts.c.obj
 .debug_macro   0x00000ce9       0x6a CMakeFiles/st7789_test.dir/ST7789/fonts.c.obj
 .debug_macro   0x00000d53      0x1df CMakeFiles/st7789_test.dir/ST7789/fonts.c.obj
 .debug_macro   0x00000f32      0x2fa CMakeFiles/st7789_test.dir/ST7789/st7789.c.obj
 .debug_macro   0x0000122c      0x1bf CMakeFiles/st7789_test.dir/ST7789/st7789.c.obj
 .debug_macro   0x000013eb       0x2e CMakeFiles/st7789_test.dir/ST7789/st7789.c.obj
 .debug_macro   0x00001419       0x28 CMakeFiles/st7789_test.dir/ST7789/st7789.c.obj
 .debug_macro   0x00001441       0x1c CMakeFiles/st7789_test.dir/ST7789/st7789.c.obj
 .debug_macro   0x0000145d       0x22 CMakeFiles/st7789_test.dir/ST7789/st7789.c.obj
 .debug_macro   0x0000147f       0xfb CMakeFiles/st7789_test.dir/ST7789/st7789.c.obj
 .debug_macro   0x0000157a     0x1011 CMakeFiles/st7789_test.dir/ST7789/st7789.c.obj
 .debug_macro   0x0000258b      0x11f CMakeFiles/st7789_test.dir/ST7789/st7789.c.obj
 .debug_macro   0x000026aa    0x19dc7 CMakeFiles/st7789_test.dir/ST7789/st7789.c.obj
 .debug_macro   0x0001c471       0x6d CMakeFiles/st7789_test.dir/ST7789/st7789.c.obj
 .debug_macro   0x0001c4de     0x38e6 CMakeFiles/st7789_test.dir/ST7789/st7789.c.obj
 .debug_macro   0x0001fdc4      0x174 CMakeFiles/st7789_test.dir/ST7789/st7789.c.obj
 .debug_macro   0x0001ff38       0x5c CMakeFiles/st7789_test.dir/ST7789/st7789.c.obj
 .debug_macro   0x0001ff94     0x1558 CMakeFiles/st7789_test.dir/ST7789/st7789.c.obj
 .debug_macro   0x000214ec      0x5a5 CMakeFiles/st7789_test.dir/ST7789/st7789.c.obj
 .debug_macro   0x00021a91      0x1b9 CMakeFiles/st7789_test.dir/ST7789/st7789.c.obj
 .debug_macro   0x00021c4a      0x17d CMakeFiles/st7789_test.dir/ST7789/st7789.c.obj
 .debug_macro   0x00021dc7      0x26b CMakeFiles/st7789_test.dir/ST7789/st7789.c.obj
 .debug_macro   0x00022032      0x29c CMakeFiles/st7789_test.dir/ST7789/st7789.c.obj
 .debug_macro   0x000222ce      0x23d CMakeFiles/st7789_test.dir/ST7789/st7789.c.obj
 .debug_macro   0x0002250b      0x241 CMakeFiles/st7789_test.dir/ST7789/st7789.c.obj
 .debug_macro   0x0002274c      0x37c CMakeFiles/st7789_test.dir/ST7789/st7789.c.obj
 .debug_macro   0x00022ac8       0xd6 CMakeFiles/st7789_test.dir/ST7789/st7789.c.obj
 .debug_macro   0x00022b9e      0x22c CMakeFiles/st7789_test.dir/ST7789/st7789.c.obj
 .debug_macro   0x00022dca       0x61 CMakeFiles/st7789_test.dir/ST7789/st7789.c.obj
 .debug_macro   0x00022e2b       0xa5 CMakeFiles/st7789_test.dir/ST7789/st7789.c.obj
 .debug_macro   0x00022ed0      0x209 CMakeFiles/st7789_test.dir/ST7789/st7789.c.obj
 .debug_macro   0x000230d9       0x97 CMakeFiles/st7789_test.dir/ST7789/st7789.c.obj
 .debug_macro   0x00023170      0x122 CMakeFiles/st7789_test.dir/ST7789/st7789.c.obj
 .debug_macro   0x00023292      0x3e8 CMakeFiles/st7789_test.dir/ST7789/st7789.c.obj
 .debug_macro   0x0002367a      0x2a3 CMakeFiles/st7789_test.dir/ST7789/st7789.c.obj
 .debug_macro   0x0002391d      0x2fe CMakeFiles/st7789_test.dir/ST7789/st7789.c.obj
 .debug_macro   0x00023c1b      0x5cf CMakeFiles/st7789_test.dir/ST7789/st7789.c.obj
 .debug_macro   0x000241ea       0x44 CMakeFiles/st7789_test.dir/ST7789/st7789.c.obj
 .debug_macro   0x0002422e      0x330 CMakeFiles/st7789_test.dir/ST7789/st7789.c.obj
 .debug_macro   0x0002455e      0x443 CMakeFiles/st7789_test.dir/ST7789/st7789.c.obj
 .debug_macro   0x000249a1      0x1ee CMakeFiles/st7789_test.dir/ST7789/st7789.c.obj
 .debug_macro   0x00024b8f       0x64 CMakeFiles/st7789_test.dir/ST7789/st7789.c.obj
 .debug_macro   0x00024bf3       0x1e CMakeFiles/st7789_test.dir/ST7789/st7789.c.obj
 .debug_macro   0x00024c11       0x35 CMakeFiles/st7789_test.dir/ST7789/st7789.c.obj
 .debug_macro   0x00024c46       0x34 CMakeFiles/st7789_test.dir/ST7789/st7789.c.obj
 .debug_macro   0x00024c7a       0x16 CMakeFiles/st7789_test.dir/ST7789/st7789.c.obj
 .debug_macro   0x00024c90       0x43 CMakeFiles/st7789_test.dir/ST7789/st7789.c.obj
 .debug_macro   0x00024cd3       0x34 CMakeFiles/st7789_test.dir/ST7789/st7789.c.obj
 .debug_macro   0x00024d07       0x10 CMakeFiles/st7789_test.dir/ST7789/st7789.c.obj
 .debug_macro   0x00024d17       0x58 CMakeFiles/st7789_test.dir/ST7789/st7789.c.obj
 .debug_macro   0x00024d6f      0x182 CMakeFiles/st7789_test.dir/ST7789/st7789.c.obj
 .debug_macro   0x00024ef1      0x341 CMakeFiles/st7789_test.dir/ST7789/st7789.c.obj
 .debug_macro   0x00025232       0x10 CMakeFiles/st7789_test.dir/ST7789/st7789.c.obj
 .debug_macro   0x00025242       0x35 CMakeFiles/st7789_test.dir/ST7789/st7789.c.obj
 .debug_macro   0x00025277      0x28e CMakeFiles/st7789_test.dir/Core/Src/main.c.obj
 .debug_macro   0x00025505      0x22b CMakeFiles/st7789_test.dir/Core/Src/gpio.c.obj
 .debug_macro   0x00025730      0x22b CMakeFiles/st7789_test.dir/Core/Src/dfsdm.c.obj
 .debug_macro   0x0002595b      0x22b CMakeFiles/st7789_test.dir/Core/Src/dma.c.obj
 .debug_macro   0x00025b86      0x22b CMakeFiles/st7789_test.dir/Core/Src/i2c.c.obj
 .debug_macro   0x00025db1      0x22b CMakeFiles/st7789_test.dir/Core/Src/quadspi.c.obj
 .debug_macro   0x00025fdc      0x22b CMakeFiles/st7789_test.dir/Core/Src/spi.c.obj
 .debug_macro   0x00026207      0x22b CMakeFiles/st7789_test.dir/Core/Src/usart.c.obj
 .debug_macro   0x00026432      0x22b CMakeFiles/st7789_test.dir/Core/Src/usb_otg.c.obj
 .debug_macro   0x0002665d      0x22b CMakeFiles/st7789_test.dir/Core/Src/stm32l4xx_it.c.obj
 .debug_macro   0x00026888      0x221 CMakeFiles/st7789_test.dir/Core/Src/stm32l4xx_hal_msp.c.obj
 .debug_macro   0x00026aa9      0x236 CMakeFiles/st7789_test.dir/Drivers/STM32L4xx_HAL_Driver/Src/stm32l4xx_hal_dfsdm.c.obj
 .debug_macro   0x00026cdf      0x260 CMakeFiles/st7789_test.dir/Drivers/STM32L4xx_HAL_Driver/Src/stm32l4xx_hal.c.obj
 .debug_macro   0x00026f3f      0x254 CMakeFiles/st7789_test.dir/Drivers/STM32L4xx_HAL_Driver/Src/stm32l4xx_hal_rcc.c.obj
 .debug_macro   0x00027193      0x248 CMakeFiles/st7789_test.dir/Drivers/STM32L4xx_HAL_Driver/Src/stm32l4xx_hal_rcc_ex.c.obj
 .debug_macro   0x000273db      0x219 CMakeFiles/st7789_test.dir/Drivers/STM32L4xx_HAL_Driver/Src/stm32l4xx_hal_gpio.c.obj
 .debug_macro   0x000275f4      0x2de CMakeFiles/st7789_test.dir/Drivers/STM32L4xx_HAL_Driver/Src/stm32l4xx_hal_i2c.c.obj
 .debug_macro   0x000278d2      0x212 CMakeFiles/st7789_test.dir/Drivers/STM32L4xx_HAL_Driver/Src/stm32l4xx_hal_i2c_ex.c.obj
 .debug_macro   0x00027ae4      0x212 CMakeFiles/st7789_test.dir/Drivers/STM32L4xx_HAL_Driver/Src/stm32l4xx_hal_dma.c.obj
 .debug_macro   0x00027cf6      0x22a CMakeFiles/st7789_test.dir/Drivers/STM32L4xx_HAL_Driver/Src/stm32l4xx_hal_pwr.c.obj
 .debug_macro   0x00027f20      0x236 CMakeFiles/st7789_test.dir/Drivers/STM32L4xx_HAL_Driver/Src/stm32l4xx_hal_pwr_ex.c.obj
 .debug_macro   0x00028156      0x212 CMakeFiles/st7789_test.dir/Drivers/STM32L4xx_HAL_Driver/Src/stm32l4xx_hal_cortex.c.obj
 .debug_macro   0x00028368      0x236 CMakeFiles/st7789_test.dir/Drivers/STM32L4xx_HAL_Driver/Src/stm32l4xx_hal_qspi.c.obj
 .debug_macro   0x0002859e      0x21a CMakeFiles/st7789_test.dir/Drivers/STM32L4xx_HAL_Driver/Src/stm32l4xx_hal_spi.c.obj
 .debug_macro   0x000287b8      0x23d CMakeFiles/st7789_test.dir/Drivers/STM32L4xx_HAL_Driver/Src/stm32l4xx_hal_uart.c.obj
 .debug_macro   0x000289f5      0x21e CMakeFiles/st7789_test.dir/Drivers/STM32L4xx_HAL_Driver/Src/stm32l4xx_hal_pcd.c.obj
 .debug_macro   0x00028c13      0x212 CMakeFiles/st7789_test.dir/Drivers/STM32L4xx_HAL_Driver/Src/stm32l4xx_hal_pcd_ex.c.obj
 .debug_macro   0x00028e25      0x212 CMakeFiles/st7789_test.dir/Drivers/STM32L4xx_HAL_Driver/Src/stm32l4xx_ll_usb.c.obj
 .debug_macro   0x00029037      0x212 CMakeFiles/st7789_test.dir/Core/Src/system_stm32l4xx.c.obj

.debug_line     0x00000000    0x1c7a4
 .debug_line    0x00000000      0x1cd CMakeFiles/st7789_test.dir/ST7789/fonts.c.obj
 .debug_line    0x000001cd      0xe08 CMakeFiles/st7789_test.dir/ST7789/st7789.c.obj
 .debug_line    0x00000fd5      0x7e5 CMakeFiles/st7789_test.dir/Core/Src/main.c.obj
 .debug_line    0x000017ba      0x7a1 CMakeFiles/st7789_test.dir/Core/Src/gpio.c.obj
 .debug_line    0x00001f5b      0x741 CMakeFiles/st7789_test.dir/Core/Src/dfsdm.c.obj
 .debug_line    0x0000269c      0x6ad CMakeFiles/st7789_test.dir/Core/Src/dma.c.obj
 .debug_line    0x00002d49      0x742 CMakeFiles/st7789_test.dir/Core/Src/i2c.c.obj
 .debug_line    0x0000348b      0x720 CMakeFiles/st7789_test.dir/Core/Src/quadspi.c.obj
 .debug_line    0x00003bab      0x7d0 CMakeFiles/st7789_test.dir/Core/Src/spi.c.obj
 .debug_line    0x0000437b      0x7b0 CMakeFiles/st7789_test.dir/Core/Src/usart.c.obj
 .debug_line    0x00004b2b      0x774 CMakeFiles/st7789_test.dir/Core/Src/usb_otg.c.obj
 .debug_line    0x0000529f      0x7c3 CMakeFiles/st7789_test.dir/Core/Src/stm32l4xx_it.c.obj
 .debug_line    0x00005a62      0x6b1 CMakeFiles/st7789_test.dir/Core/Src/stm32l4xx_hal_msp.c.obj
 .debug_line    0x00006113     0x1e19 CMakeFiles/st7789_test.dir/Drivers/STM32L4xx_HAL_Driver/Src/stm32l4xx_hal_dfsdm.c.obj
 .debug_line    0x00007f2c      0xaa1 CMakeFiles/st7789_test.dir/Drivers/STM32L4xx_HAL_Driver/Src/stm32l4xx_hal.c.obj
 .debug_line    0x000089cd      0xf1b CMakeFiles/st7789_test.dir/Drivers/STM32L4xx_HAL_Driver/Src/stm32l4xx_hal_rcc.c.obj
 .debug_line    0x000098e8     0x145a CMakeFiles/st7789_test.dir/Drivers/STM32L4xx_HAL_Driver/Src/stm32l4xx_hal_rcc_ex.c.obj
 .debug_line    0x0000ad42      0xb15 CMakeFiles/st7789_test.dir/Drivers/STM32L4xx_HAL_Driver/Src/stm32l4xx_hal_gpio.c.obj
 .debug_line    0x0000b857     0x3876 CMakeFiles/st7789_test.dir/Drivers/STM32L4xx_HAL_Driver/Src/stm32l4xx_hal_i2c.c.obj
 .debug_line    0x0000f0cd      0x8cf CMakeFiles/st7789_test.dir/Drivers/STM32L4xx_HAL_Driver/Src/stm32l4xx_hal_i2c_ex.c.obj
 .debug_line    0x0000f99c      0xc92 CMakeFiles/st7789_test.dir/Drivers/STM32L4xx_HAL_Driver/Src/stm32l4xx_hal_dma.c.obj
 .debug_line    0x0001062e      0x87e CMakeFiles/st7789_test.dir/Drivers/STM32L4xx_HAL_Driver/Src/stm32l4xx_hal_pwr.c.obj
 .debug_line    0x00010eac      0xc69 CMakeFiles/st7789_test.dir/Drivers/STM32L4xx_HAL_Driver/Src/stm32l4xx_hal_pwr_ex.c.obj
 .debug_line    0x00011b15      0xc48 CMakeFiles/st7789_test.dir/Drivers/STM32L4xx_HAL_Driver/Src/stm32l4xx_hal_cortex.c.obj
 .debug_line    0x0001275d     0x13a4 CMakeFiles/st7789_test.dir/Drivers/STM32L4xx_HAL_Driver/Src/stm32l4xx_hal_qspi.c.obj
 .debug_line    0x00013b01     0x1f16 CMakeFiles/st7789_test.dir/Drivers/STM32L4xx_HAL_Driver/Src/stm32l4xx_hal_spi.c.obj
 .debug_line    0x00015a17     0x3184 CMakeFiles/st7789_test.dir/Drivers/STM32L4xx_HAL_Driver/Src/stm32l4xx_hal_uart.c.obj
 .debug_line    0x00018b9b     0x12ab CMakeFiles/st7789_test.dir/Drivers/STM32L4xx_HAL_Driver/Src/stm32l4xx_hal_pcd.c.obj
 .debug_line    0x00019e46      0x881 CMakeFiles/st7789_test.dir/Drivers/STM32L4xx_HAL_Driver/Src/stm32l4xx_hal_pcd_ex.c.obj
 .debug_line    0x0001a6c7     0x18eb CMakeFiles/st7789_test.dir/Drivers/STM32L4xx_HAL_Driver/Src/stm32l4xx_ll_usb.c.obj
 .debug_line    0x0001bfb2      0x749 CMakeFiles/st7789_test.dir/Core/Src/system_stm32l4xx.c.obj
 .debug_line    0x0001c6fb       0xa9 CMakeFiles/st7789_test.dir/startup_stm32l475xx.s.obj

.debug_str      0x00000000    0xf33f7
 .debug_str     0x00000000     0x3b58 CMakeFiles/st7789_test.dir/ST7789/fonts.c.obj
                               0x3cce (size before relaxing)
 .debug_str     0x00003b58    0xe7fe0 CMakeFiles/st7789_test.dir/ST7789/st7789.c.obj
                              0xebe3b (size before relaxing)
 .debug_str     0x000ebb38      0x38a CMakeFiles/st7789_test.dir/Core/Src/main.c.obj
                              0xe9242 (size before relaxing)
 .debug_str     0x000ebec2      0x4a1 CMakeFiles/st7789_test.dir/Core/Src/gpio.c.obj
                              0xe8f35 (size before relaxing)
 .debug_str     0x000ec363      0x4ec CMakeFiles/st7789_test.dir/Core/Src/dfsdm.c.obj
                              0xe8fab (size before relaxing)
 .debug_str     0x000ec84f       0x4e CMakeFiles/st7789_test.dir/Core/Src/dma.c.obj
                              0xe8e7e (size before relaxing)
 .debug_str     0x000ec89d      0x2d4 CMakeFiles/st7789_test.dir/Core/Src/i2c.c.obj
                              0xe91c8 (size before relaxing)
 .debug_str     0x000ecb71      0x218 CMakeFiles/st7789_test.dir/Core/Src/quadspi.c.obj
                              0xe8e66 (size before relaxing)
 .debug_str     0x000ecd89       0x91 CMakeFiles/st7789_test.dir/Core/Src/spi.c.obj
                              0xe8e7a (size before relaxing)
 .debug_str     0x000ece1a      0x25c CMakeFiles/st7789_test.dir/Core/Src/usart.c.obj
                              0xe9158 (size before relaxing)
 .debug_str     0x000ed076      0x44c CMakeFiles/st7789_test.dir/Core/Src/usb_otg.c.obj
                              0xe9165 (size before relaxing)
 .debug_str     0x000ed4c2      0x12e CMakeFiles/st7789_test.dir/Core/Src/stm32l4xx_it.c.obj
                              0xe8b2b (size before relaxing)
 .debug_str     0x000ed5f0       0x5c CMakeFiles/st7789_test.dir/Core/Src/stm32l4xx_hal_msp.c.obj
                              0xe89a9 (size before relaxing)
 .debug_str     0x000ed64c      0xc5d CMakeFiles/st7789_test.dir/Drivers/STM32L4xx_HAL_Driver/Src/stm32l4xx_hal_dfsdm.c.obj
                              0xe85d3 (size before relaxing)
 .debug_str     0x000ee2a9      0x659 CMakeFiles/st7789_test.dir/Drivers/STM32L4xx_HAL_Driver/Src/stm32l4xx_hal.c.obj
                              0xe822d (size before relaxing)
 .debug_str     0x000ee902      0x4bc CMakeFiles/st7789_test.dir/Drivers/STM32L4xx_HAL_Driver/Src/stm32l4xx_hal_rcc.c.obj
                              0xe7cf7 (size before relaxing)
 .debug_str     0x000eedbe      0x41d CMakeFiles/st7789_test.dir/Drivers/STM32L4xx_HAL_Driver/Src/stm32l4xx_hal_rcc_ex.c.obj
                              0xe7e22 (size before relaxing)
 .debug_str     0x000ef1db      0x14a CMakeFiles/st7789_test.dir/Drivers/STM32L4xx_HAL_Driver/Src/stm32l4xx_hal_gpio.c.obj
                              0xe786b (size before relaxing)
 .debug_str     0x000ef325      0xddd CMakeFiles/st7789_test.dir/Drivers/STM32L4xx_HAL_Driver/Src/stm32l4xx_hal_i2c.c.obj
                              0xe88c2 (size before relaxing)
 .debug_str     0x000f0102       0xe8 CMakeFiles/st7789_test.dir/Drivers/STM32L4xx_HAL_Driver/Src/stm32l4xx_hal_i2c_ex.c.obj
                              0xe7c29 (size before relaxing)
 .debug_str     0x000f01ea      0x283 CMakeFiles/st7789_test.dir/Drivers/STM32L4xx_HAL_Driver/Src/stm32l4xx_hal_dma.c.obj
                              0xe7950 (size before relaxing)
 .debug_str     0x000f046d      0x309 CMakeFiles/st7789_test.dir/Drivers/STM32L4xx_HAL_Driver/Src/stm32l4xx_hal_pwr.c.obj
                              0xe79ea (size before relaxing)
 .debug_str     0x000f0776      0x46e CMakeFiles/st7789_test.dir/Drivers/STM32L4xx_HAL_Driver/Src/stm32l4xx_hal_pwr_ex.c.obj
                              0xe7bfe (size before relaxing)
 .debug_str     0x000f0be4      0x3b9 CMakeFiles/st7789_test.dir/Drivers/STM32L4xx_HAL_Driver/Src/stm32l4xx_hal_cortex.c.obj
                              0xe7f30 (size before relaxing)
 .debug_str     0x000f0f9d      0x6e3 CMakeFiles/st7789_test.dir/Drivers/STM32L4xx_HAL_Driver/Src/stm32l4xx_hal_qspi.c.obj
                              0xe7ff1 (size before relaxing)
 .debug_str     0x000f1680      0x574 CMakeFiles/st7789_test.dir/Drivers/STM32L4xx_HAL_Driver/Src/stm32l4xx_hal_spi.c.obj
                              0xe7ed7 (size before relaxing)
 .debug_str     0x000f1bf4      0x8d9 CMakeFiles/st7789_test.dir/Drivers/STM32L4xx_HAL_Driver/Src/stm32l4xx_hal_uart.c.obj
                              0xe83a1 (size before relaxing)
 .debug_str     0x000f24cd      0x57e CMakeFiles/st7789_test.dir/Drivers/STM32L4xx_HAL_Driver/Src/stm32l4xx_hal_pcd.c.obj
                              0xe7ec6 (size before relaxing)
 .debug_str     0x000f2a4b      0x1e4 CMakeFiles/st7789_test.dir/Drivers/STM32L4xx_HAL_Driver/Src/stm32l4xx_hal_pcd_ex.c.obj
                              0xe7b2b (size before relaxing)
 .debug_str     0x000f2c2f      0x701 CMakeFiles/st7789_test.dir/Drivers/STM32L4xx_HAL_Driver/Src/stm32l4xx_ll_usb.c.obj
                              0xe8041 (size before relaxing)
 .debug_str     0x000f3330       0x70 CMakeFiles/st7789_test.dir/Core/Src/system_stm32l4xx.c.obj
                              0xe76f2 (size before relaxing)
 .debug_str     0x000f33a0       0x57 CMakeFiles/st7789_test.dir/startup_stm32l475xx.s.obj
                                 0x96 (size before relaxing)

.comment        0x00000000       0x49
 .comment       0x00000000       0x49 CMakeFiles/st7789_test.dir/ST7789/fonts.c.obj
                                 0x4a (size before relaxing)
 .comment       0x00000049       0x4a CMakeFiles/st7789_test.dir/ST7789/st7789.c.obj
 .comment       0x00000049       0x4a CMakeFiles/st7789_test.dir/Core/Src/main.c.obj
 .comment       0x00000049       0x4a CMakeFiles/st7789_test.dir/Core/Src/gpio.c.obj
 .comment       0x00000049       0x4a CMakeFiles/st7789_test.dir/Core/Src/dfsdm.c.obj
 .comment       0x00000049       0x4a CMakeFiles/st7789_test.dir/Core/Src/dma.c.obj
 .comment       0x00000049       0x4a CMakeFiles/st7789_test.dir/Core/Src/i2c.c.obj
 .comment       0x00000049       0x4a CMakeFiles/st7789_test.dir/Core/Src/quadspi.c.obj
 .comment       0x00000049       0x4a CMakeFiles/st7789_test.dir/Core/Src/spi.c.obj
 .comment       0x00000049       0x4a CMakeFiles/st7789_test.dir/Core/Src/usart.c.obj
 .comment       0x00000049       0x4a CMakeFiles/st7789_test.dir/Core/Src/usb_otg.c.obj
 .comment       0x00000049       0x4a CMakeFiles/st7789_test.dir/Core/Src/stm32l4xx_it.c.obj
 .comment       0x00000049       0x4a CMakeFiles/st7789_test.dir/Core/Src/stm32l4xx_hal_msp.c.obj
 .comment       0x00000049       0x4a CMakeFiles/st7789_test.dir/Drivers/STM32L4xx_HAL_Driver/Src/stm32l4xx_hal_dfsdm.c.obj
 .comment       0x00000049       0x4a CMakeFiles/st7789_test.dir/Drivers/STM32L4xx_HAL_Driver/Src/stm32l4xx_hal.c.obj
 .comment       0x00000049       0x4a CMakeFiles/st7789_test.dir/Drivers/STM32L4xx_HAL_Driver/Src/stm32l4xx_hal_rcc.c.obj
 .comment       0x00000049       0x4a CMakeFiles/st7789_test.dir/Drivers/STM32L4xx_HAL_Driver/Src/stm32l4xx_hal_rcc_ex.c.obj
 .comment       0x00000049       0x4a CMakeFiles/st7789_test.dir/Drivers/STM32L4xx_HAL_Driver/Src/stm32l4xx_hal_gpio.c.obj
 .comment       0x00000049       0x4a CMakeFiles/st7789_test.dir/Drivers/STM32L4xx_HAL_Driver/Src/stm32l4xx_hal_i2c.c.obj
 .comment       0x00000049       0x4a CMakeFiles/st7789_test.dir/Drivers/STM32L4xx_HAL_Driver/Src/stm32l4xx_hal_i2c_ex.c.obj
 .comment       0x00000049       0x4a CMakeFiles/st7789_test.dir/Drivers/STM32L4xx_HAL_Driver/Src/stm32l4xx_hal_dma.c.obj
 .comment       0x00000049       0x4a CMakeFiles/st7789_test.dir/Drivers/STM32L4xx_HAL_Driver/Src/stm32l4xx_hal_pwr.c.obj
 .comment       0x00000049       0x4a CMakeFiles/st7789_test.dir/Drivers/STM32L4xx_HAL_Driver/Src/stm32l4xx_hal_pwr_ex.c.obj
 .comment       0x00000049       0x4a CMakeFiles/st7789_test.dir/Drivers/STM32L4xx_HAL_Driver/Src/stm32l4xx_hal_cortex.c.obj
 .comment       0x00000049       0x4a CMakeFiles/st7789_test.dir/Drivers/STM32L4xx_HAL_Driver/Src/stm32l4xx_hal_qspi.c.obj
 .comment       0x00000049       0x4a CMakeFiles/st7789_test.dir/Drivers/STM32L4xx_HAL_Driver/Src/stm32l4xx_hal_spi.c.obj
 .comment       0x00000049       0x4a CMakeFiles/st7789_test.dir/Drivers/STM32L4xx_HAL_Driver/Src/stm32l4xx_hal_uart.c.obj
 .comment       0x00000049       0x4a CMakeFiles/st7789_test.dir/Drivers/STM32L4xx_HAL_Driver/Src/stm32l4xx_hal_pcd.c.obj
 .comment       0x00000049       0x4a CMakeFiles/st7789_test.dir/Drivers/STM32L4xx_HAL_Driver/Src/stm32l4xx_hal_pcd_ex.c.obj
 .comment       0x00000049       0x4a CMakeFiles/st7789_test.dir/Drivers/STM32L4xx_HAL_Driver/Src/stm32l4xx_ll_usb.c.obj
 .comment       0x00000049       0x4a CMakeFiles/st7789_test.dir/Core/Src/system_stm32l4xx.c.obj

.debug_ranges   0x00000000     0x15c0
 .debug_ranges  0x00000000       0xc0 CMakeFiles/st7789_test.dir/ST7789/st7789.c.obj
 .debug_ranges  0x000000c0       0x20 CMakeFiles/st7789_test.dir/Core/Src/main.c.obj
 .debug_ranges  0x000000e0       0x10 CMakeFiles/st7789_test.dir/Core/Src/gpio.c.obj
 .debug_ranges  0x000000f0       0x20 CMakeFiles/st7789_test.dir/Core/Src/dfsdm.c.obj
 .debug_ranges  0x00000110       0x10 CMakeFiles/st7789_test.dir/Core/Src/dma.c.obj
 .debug_ranges  0x00000120       0x20 CMakeFiles/st7789_test.dir/Core/Src/i2c.c.obj
 .debug_ranges  0x00000140       0x20 CMakeFiles/st7789_test.dir/Core/Src/quadspi.c.obj
 .debug_ranges  0x00000160       0x28 CMakeFiles/st7789_test.dir/Core/Src/spi.c.obj
 .debug_ranges  0x00000188       0x28 CMakeFiles/st7789_test.dir/Core/Src/usart.c.obj
 .debug_ranges  0x000001b0       0x20 CMakeFiles/st7789_test.dir/Core/Src/usb_otg.c.obj
 .debug_ranges  0x000001d0       0x68 CMakeFiles/st7789_test.dir/Core/Src/stm32l4xx_it.c.obj
 .debug_ranges  0x00000238       0x10 CMakeFiles/st7789_test.dir/Core/Src/stm32l4xx_hal_msp.c.obj
 .debug_ranges  0x00000248      0x238 CMakeFiles/st7789_test.dir/Drivers/STM32L4xx_HAL_Driver/Src/stm32l4xx_hal_dfsdm.c.obj
 .debug_ranges  0x00000480      0x120 CMakeFiles/st7789_test.dir/Drivers/STM32L4xx_HAL_Driver/Src/stm32l4xx_hal.c.obj
 .debug_ranges  0x000005a0       0x80 CMakeFiles/st7789_test.dir/Drivers/STM32L4xx_HAL_Driver/Src/stm32l4xx_hal_rcc.c.obj
 .debug_ranges  0x00000620       0xb0 CMakeFiles/st7789_test.dir/Drivers/STM32L4xx_HAL_Driver/Src/stm32l4xx_hal_rcc_ex.c.obj
 .debug_ranges  0x000006d0       0x48 CMakeFiles/st7789_test.dir/Drivers/STM32L4xx_HAL_Driver/Src/stm32l4xx_hal_gpio.c.obj
 .debug_ranges  0x00000718      0x290 CMakeFiles/st7789_test.dir/Drivers/STM32L4xx_HAL_Driver/Src/stm32l4xx_hal_i2c.c.obj
 .debug_ranges  0x000009a8       0x38 CMakeFiles/st7789_test.dir/Drivers/STM32L4xx_HAL_Driver/Src/stm32l4xx_hal_i2c_ex.c.obj
 .debug_ranges  0x000009e0       0x70 CMakeFiles/st7789_test.dir/Drivers/STM32L4xx_HAL_Driver/Src/stm32l4xx_hal_dma.c.obj
 .debug_ranges  0x00000a50       0x88 CMakeFiles/st7789_test.dir/Drivers/STM32L4xx_HAL_Driver/Src/stm32l4xx_hal_pwr.c.obj
 .debug_ranges  0x00000ad8      0x140 CMakeFiles/st7789_test.dir/Drivers/STM32L4xx_HAL_Driver/Src/stm32l4xx_hal_pwr_ex.c.obj
 .debug_ranges  0x00000c18      0x108 CMakeFiles/st7789_test.dir/Drivers/STM32L4xx_HAL_Driver/Src/stm32l4xx_hal_cortex.c.obj
 .debug_ranges  0x00000d20      0x150 CMakeFiles/st7789_test.dir/Drivers/STM32L4xx_HAL_Driver/Src/stm32l4xx_hal_qspi.c.obj
 .debug_ranges  0x00000e70      0x1c8 CMakeFiles/st7789_test.dir/Drivers/STM32L4xx_HAL_Driver/Src/stm32l4xx_hal_spi.c.obj
 .debug_ranges  0x00001038      0x248 CMakeFiles/st7789_test.dir/Drivers/STM32L4xx_HAL_Driver/Src/stm32l4xx_hal_uart.c.obj
 .debug_ranges  0x00001280      0x128 CMakeFiles/st7789_test.dir/Drivers/STM32L4xx_HAL_Driver/Src/stm32l4xx_hal_pcd.c.obj
 .debug_ranges  0x000013a8       0x50 CMakeFiles/st7789_test.dir/Drivers/STM32L4xx_HAL_Driver/Src/stm32l4xx_hal_pcd_ex.c.obj
 .debug_ranges  0x000013f8      0x190 CMakeFiles/st7789_test.dir/Drivers/STM32L4xx_HAL_Driver/Src/stm32l4xx_ll_usb.c.obj
 .debug_ranges  0x00001588       0x18 CMakeFiles/st7789_test.dir/Core/Src/system_stm32l4xx.c.obj
 .debug_ranges  0x000015a0       0x20 CMakeFiles/st7789_test.dir/startup_stm32l475xx.s.obj
